../Drivers/STM32F0xx_HAL_Driver/Src/stm32f0xx_hal_pcd.c:263:13:HAL_PCD_MspInit	0	static
../Drivers/STM32F0xx_HAL_Driver/Src/stm32f0xx_hal_pcd.c:129:19:HAL_PCD_Init	48	static
../Drivers/STM32F0xx_HAL_Driver/Src/stm32f0xx_hal_pcd.c:278:13:HAL_PCD_MspDeInit	0	static
../Drivers/STM32F0xx_HAL_Driver/Src/stm32f0xx_hal_pcd.c:224:19:HAL_PCD_DeInit	16	static
../Drivers/STM32F0xx_HAL_Driver/Src/stm32f0xx_hal_pcd.c:981:19:HAL_PCD_Start	16	static
../Drivers/STM32F0xx_HAL_Driver/Src/stm32f0xx_hal_pcd.c:996:19:HAL_PCD_Stop	16	static
../Drivers/STM32F0xx_HAL_Driver/Src/stm32f0xx_hal_pcd.c:1158:13:HAL_PCD_DataOutStageCallback	0	static
../Drivers/STM32F0xx_HAL_Driver/Src/stm32f0xx_hal_pcd.c:1175:13:HAL_PCD_DataInStageCallback	0	static
../Drivers/STM32F0xx_HAL_Driver/Src/stm32f0xx_hal_pcd.c:1190:13:HAL_PCD_SetupStageCallback	0	static
../Drivers/STM32F0xx_HAL_Driver/Src/stm32f0xx_hal_pcd.c:1205:13:HAL_PCD_SOFCallback	0	static
../Drivers/STM32F0xx_HAL_Driver/Src/stm32f0xx_hal_pcd.c:1220:13:HAL_PCD_ResetCallback	0	static
../Drivers/STM32F0xx_HAL_Driver/Src/stm32f0xx_hal_pcd.c:1235:13:HAL_PCD_SuspendCallback	0	static
../Drivers/STM32F0xx_HAL_Driver/Src/stm32f0xx_hal_pcd.c:1250:13:HAL_PCD_ResumeCallback	0	static
../Drivers/STM32F0xx_HAL_Driver/Src/stm32f0xx_hal_pcd.c:1266:13:HAL_PCD_ISOOUTIncompleteCallback	0	static
../Drivers/STM32F0xx_HAL_Driver/Src/stm32f0xx_hal_pcd.c:1283:13:HAL_PCD_ISOINIncompleteCallback	0	static
../Drivers/STM32F0xx_HAL_Driver/Src/stm32f0xx_hal_pcd.c:1299:13:HAL_PCD_ConnectCallback	0	static
../Drivers/STM32F0xx_HAL_Driver/Src/stm32f0xx_hal_pcd.c:1314:13:HAL_PCD_DisconnectCallback	0	static
../Drivers/STM32F0xx_HAL_Driver/Src/stm32f0xx_hal_pcd.c:1348:19:HAL_PCD_DevConnect	16	static
../Drivers/STM32F0xx_HAL_Driver/Src/stm32f0xx_hal_pcd.c:1362:19:HAL_PCD_DevDisconnect	16	static
../Drivers/STM32F0xx_HAL_Driver/Src/stm32f0xx_hal_pcd.c:1377:19:HAL_PCD_SetAddress	16	static
../Drivers/STM32F0xx_HAL_Driver/Src/stm32f0xx_hal_pcd.c:1012:6:HAL_PCD_IRQHandler	40	static
../Drivers/STM32F0xx_HAL_Driver/Src/stm32f0xx_hal_pcd.c:1394:19:HAL_PCD_EP_Open	16	static
../Drivers/STM32F0xx_HAL_Driver/Src/stm32f0xx_hal_pcd.c:1434:19:HAL_PCD_EP_Close	16	static
../Drivers/STM32F0xx_HAL_Driver/Src/stm32f0xx_hal_pcd.c:1465:19:HAL_PCD_EP_Receive	16	static
../Drivers/STM32F0xx_HAL_Driver/Src/stm32f0xx_hal_pcd.c:1489:10:HAL_PCD_EP_GetRxCount	0	static
../Drivers/STM32F0xx_HAL_Driver/Src/stm32f0xx_hal_pcd.c:1501:19:HAL_PCD_EP_Transmit	16	static
../Drivers/STM32F0xx_HAL_Driver/Src/stm32f0xx_hal_pcd.c:1535:19:HAL_PCD_EP_SetStall	16	static
../Drivers/STM32F0xx_HAL_Driver/Src/stm32f0xx_hal_pcd.c:1573:19:HAL_PCD_EP_ClrStall	16	static
../Drivers/STM32F0xx_HAL_Driver/Src/stm32f0xx_hal_pcd.c:1609:19:HAL_PCD_EP_Abort	8	static
../Drivers/STM32F0xx_HAL_Driver/Src/stm32f0xx_hal_pcd.c:1635:19:HAL_PCD_EP_Flush	0	static
../Drivers/STM32F0xx_HAL_Driver/Src/stm32f0xx_hal_pcd.c:1649:19:HAL_PCD_ActivateRemoteWakeup	8	static
../Drivers/STM32F0xx_HAL_Driver/Src/stm32f0xx_hal_pcd.c:1659:19:HAL_PCD_DeActivateRemoteWakeup	8	static
../Drivers/STM32F0xx_HAL_Driver/Src/stm32f0xx_hal_pcd.c:1688:18:HAL_PCD_GetState	0	static
