Archive member included to satisfy reference by file (symbol)

C:/Program Files/STMicroelectronics/STM32Cube/STM32CubeIDE_1.14.1/STM32CubeIDE/plugins/com.st.stm32cube.ide.mcu.externaltools.gnu-tools-for-stm32.11.3.rel1.win32_1.1.100.202309141235/tools/bin/../lib/gcc/arm-none-eabi/11.3.1/../../../../arm-none-eabi/lib/thumb/v7e-m+fp/hard\libc_nano.a(libc_a-exit.o)
                              C:/Program Files/STMicroelectronics/STM32Cube/STM32CubeIDE_1.14.1/STM32CubeIDE/plugins/com.st.stm32cube.ide.mcu.externaltools.gnu-tools-for-stm32.11.3.rel1.win32_1.1.100.202309141235/tools/bin/../lib/gcc/arm-none-eabi/11.3.1/../../../../arm-none-eabi/lib/thumb/v7e-m+fp/hard/crt0.o (exit)
C:/Program Files/STMicroelectronics/STM32Cube/STM32CubeIDE_1.14.1/STM32CubeIDE/plugins/com.st.stm32cube.ide.mcu.externaltools.gnu-tools-for-stm32.11.3.rel1.win32_1.1.100.202309141235/tools/bin/../lib/gcc/arm-none-eabi/11.3.1/../../../../arm-none-eabi/lib/thumb/v7e-m+fp/hard\libc_nano.a(libc_a-findfp.o)
                              C:/Program Files/STMicroelectronics/STM32Cube/STM32CubeIDE_1.14.1/STM32CubeIDE/plugins/com.st.stm32cube.ide.mcu.externaltools.gnu-tools-for-stm32.11.3.rel1.win32_1.1.100.202309141235/tools/bin/../lib/gcc/arm-none-eabi/11.3.1/../../../../arm-none-eabi/lib/thumb/v7e-m+fp/hard\libc_nano.a(libc_a-exit.o) (__stdio_exit_handler)
C:/Program Files/STMicroelectronics/STM32Cube/STM32CubeIDE_1.14.1/STM32CubeIDE/plugins/com.st.stm32cube.ide.mcu.externaltools.gnu-tools-for-stm32.11.3.rel1.win32_1.1.100.202309141235/tools/bin/../lib/gcc/arm-none-eabi/11.3.1/../../../../arm-none-eabi/lib/thumb/v7e-m+fp/hard\libc_nano.a(libc_a-fwalk.o)
                              C:/Program Files/STMicroelectronics/STM32Cube/STM32CubeIDE_1.14.1/STM32CubeIDE/plugins/com.st.stm32cube.ide.mcu.externaltools.gnu-tools-for-stm32.11.3.rel1.win32_1.1.100.202309141235/tools/bin/../lib/gcc/arm-none-eabi/11.3.1/../../../../arm-none-eabi/lib/thumb/v7e-m+fp/hard\libc_nano.a(libc_a-findfp.o) (_fwalk_sglue)
C:/Program Files/STMicroelectronics/STM32Cube/STM32CubeIDE_1.14.1/STM32CubeIDE/plugins/com.st.stm32cube.ide.mcu.externaltools.gnu-tools-for-stm32.11.3.rel1.win32_1.1.100.202309141235/tools/bin/../lib/gcc/arm-none-eabi/11.3.1/../../../../arm-none-eabi/lib/thumb/v7e-m+fp/hard\libc_nano.a(libc_a-stdio.o)
                              C:/Program Files/STMicroelectronics/STM32Cube/STM32CubeIDE_1.14.1/STM32CubeIDE/plugins/com.st.stm32cube.ide.mcu.externaltools.gnu-tools-for-stm32.11.3.rel1.win32_1.1.100.202309141235/tools/bin/../lib/gcc/arm-none-eabi/11.3.1/../../../../arm-none-eabi/lib/thumb/v7e-m+fp/hard\libc_nano.a(libc_a-findfp.o) (__sread)
C:/Program Files/STMicroelectronics/STM32Cube/STM32CubeIDE_1.14.1/STM32CubeIDE/plugins/com.st.stm32cube.ide.mcu.externaltools.gnu-tools-for-stm32.11.3.rel1.win32_1.1.100.202309141235/tools/bin/../lib/gcc/arm-none-eabi/11.3.1/../../../../arm-none-eabi/lib/thumb/v7e-m+fp/hard\libc_nano.a(libc_a-memset.o)
                              C:/Program Files/STMicroelectronics/STM32Cube/STM32CubeIDE_1.14.1/STM32CubeIDE/plugins/com.st.stm32cube.ide.mcu.externaltools.gnu-tools-for-stm32.11.3.rel1.win32_1.1.100.202309141235/tools/bin/../lib/gcc/arm-none-eabi/11.3.1/../../../../arm-none-eabi/lib/thumb/v7e-m+fp/hard/crt0.o (memset)
C:/Program Files/STMicroelectronics/STM32Cube/STM32CubeIDE_1.14.1/STM32CubeIDE/plugins/com.st.stm32cube.ide.mcu.externaltools.gnu-tools-for-stm32.11.3.rel1.win32_1.1.100.202309141235/tools/bin/../lib/gcc/arm-none-eabi/11.3.1/../../../../arm-none-eabi/lib/thumb/v7e-m+fp/hard\libc_nano.a(libc_a-closer.o)
                              C:/Program Files/STMicroelectronics/STM32Cube/STM32CubeIDE_1.14.1/STM32CubeIDE/plugins/com.st.stm32cube.ide.mcu.externaltools.gnu-tools-for-stm32.11.3.rel1.win32_1.1.100.202309141235/tools/bin/../lib/gcc/arm-none-eabi/11.3.1/../../../../arm-none-eabi/lib/thumb/v7e-m+fp/hard\libc_nano.a(libc_a-stdio.o) (_close_r)
C:/Program Files/STMicroelectronics/STM32Cube/STM32CubeIDE_1.14.1/STM32CubeIDE/plugins/com.st.stm32cube.ide.mcu.externaltools.gnu-tools-for-stm32.11.3.rel1.win32_1.1.100.202309141235/tools/bin/../lib/gcc/arm-none-eabi/11.3.1/../../../../arm-none-eabi/lib/thumb/v7e-m+fp/hard\libc_nano.a(libc_a-reent.o)
                              C:/Program Files/STMicroelectronics/STM32Cube/STM32CubeIDE_1.14.1/STM32CubeIDE/plugins/com.st.stm32cube.ide.mcu.externaltools.gnu-tools-for-stm32.11.3.rel1.win32_1.1.100.202309141235/tools/bin/../lib/gcc/arm-none-eabi/11.3.1/../../../../arm-none-eabi/lib/thumb/v7e-m+fp/hard\libc_nano.a(libc_a-closer.o) (errno)
C:/Program Files/STMicroelectronics/STM32Cube/STM32CubeIDE_1.14.1/STM32CubeIDE/plugins/com.st.stm32cube.ide.mcu.externaltools.gnu-tools-for-stm32.11.3.rel1.win32_1.1.100.202309141235/tools/bin/../lib/gcc/arm-none-eabi/11.3.1/../../../../arm-none-eabi/lib/thumb/v7e-m+fp/hard\libc_nano.a(libc_a-impure.o)
[...]
Memory Configuration

Name             Origin             Length             Attributes
RAM              0x0000000020000000 0x0000000000010000 xrw
RAM2             0x0000000010000000 0x0000000000004000 xrw
FLASH            0x0000000008000000 0x0000000000040000 xr
*default*        0x0000000000000000 0xffffffffffffffff

Linker script and memory map

LOAD C:/Program Files/STMicroelectronics/STM32Cube/STM32CubeIDE_1.14.1/STM32CubeIDE/plugins/com.st.stm32cube.ide.mcu.externaltools.gnu-tools-for-stm32.11.3.rel1.win32_1.1.100.202309141235/tools/bin/../lib/gcc/arm-none-eabi/11.3.1/thumb/v7e-m+fp/hard/crti.o
LOAD C:/Program Files/STMicroelectronics/STM32Cube/STM32CubeIDE_1.14.1/STM32CubeIDE/plugins/com.st.stm32cube.ide.mcu.externaltools.gnu-tools-for-stm32.11.3.rel1.win32_1.1.100.202309141235/tools/bin/../lib/gcc/arm-none-eabi/11.3.1/thumb/v7e-m+fp/hard/crtbegin.o
LOAD C:/Program Files/STMicroelectronics/STM32Cube/STM32CubeIDE_1.14.1/STM32CubeIDE/plugins/com.st.stm32cube.ide.mcu.externaltools.gnu-tools-for-stm32.11.3.rel1.win32_1.1.100.202309141235/tools/bin/../lib/gcc/arm-none-eabi/11.3.1/../../../../arm-none-eabi/lib/thumb/v7e-m+fp/hard/crt0.o
LOAD ./Core/Src/gpio.o
LOAD ./Core/Src/main.o
LOAD ./Core/Src/spi.o
LOAD ./Core/Src/stm32l4xx_hal_msp.o
LOAD ./Core/Src/stm32l4xx_it.o
LOAD ./Core/Src/syscalls.o
LOAD ./Core/Src/sysmem.o
LOAD ./Core/Src/system_stm32l4xx.o
LOAD ./Core/Src/tim.o
LOAD ./Core/Src/usart.o
LOAD ./Core/Startup/startup_stm32l432kcux.o
LOAD ./Drivers/STM32L4xx_HAL_Driver/Src/stm32l4xx_hal.o
LOAD ./Drivers/STM32L4xx_HAL_Driver/Src/stm32l4xx_hal_cortex.o
LOAD ./Drivers/STM32L4xx_HAL_Driver/Src/stm32l4xx_hal_dma.o
LOAD ./Drivers/STM32L4xx_HAL_Driver/Src/stm32l4xx_hal_dma_ex.o
LOAD ./Drivers/STM32L4xx_HAL_Driver/Src/stm32l4xx_hal_exti.o
LOAD ./Drivers/STM32L4xx_HAL_Driver/Src/stm32l4xx_hal_flash.o
LOAD ./Drivers/STM32L4xx_HAL_Driver/Src/stm32l4xx_hal_flash_ex.o
LOAD ./Drivers/STM32L4xx_HAL_Driver/Src/stm32l4xx_hal_flash_ramfunc.o
LOAD ./Drivers/STM32L4xx_HAL_Driver/Src/stm32l4xx_hal_gpio.o
LOAD ./Drivers/STM32L4xx_HAL_Driver/Src/stm32l4xx_hal_i2c.o
LOAD ./Drivers/STM32L4xx_HAL_Driver/Src/stm32l4xx_hal_i2c_ex.o
LOAD ./Drivers/STM32L4xx_HAL_Driver/Src/stm32l4xx_hal_pcd.o
LOAD ./Drivers/STM32L4xx_HAL_Driver/Src/stm32l4xx_hal_pcd_ex.o
LOAD ./Drivers/STM32L4xx_HAL_Driver/Src/stm32l4xx_hal_pwr.o
LOAD ./Drivers/STM32L4xx_HAL_Driver/Src/stm32l4xx_hal_pwr_ex.o
LOAD ./Drivers/STM32L4xx_HAL_Driver/Src/stm32l4xx_hal_rcc.o
LOAD ./Drivers/STM32L4xx_HAL_Driver/Src/stm32l4xx_hal_rcc_ex.o
LOAD ./Drivers/STM32L4xx_HAL_Driver/Src/stm32l4xx_hal_spi.o
LOAD ./Drivers/STM32L4xx_HAL_Driver/Src/stm32l4xx_hal_spi_ex.o
LOAD ./Drivers/STM32L4xx_HAL_Driver/Src/stm32l4xx_hal_tim.o
LOAD ./Drivers/STM32L4xx_HAL_Driver/Src/stm32l4xx_hal_tim_ex.o
LOAD ./Drivers/STM32L4xx_HAL_Driver/Src/stm32l4xx_hal_uart.o
LOAD ./Drivers/STM32L4xx_HAL_Driver/Src/stm32l4xx_hal_uart_ex.o
LOAD ./Drivers/STM32L4xx_HAL_Driver/Src/stm32l4xx_ll_usb.o
LOAD ./Middlewares/ST/STM32_USB_Device_Library/Class/CustomHID/Src/usbd_customhid.o
LOAD ./Middlewares/ST/STM32_USB_Device_Library/Core/Src/usbd_core.o
LOAD ./Middlewares/ST/STM32_USB_Device_Library/Core/Src/usbd_ctlreq.o
LOAD ./Middlewares/ST/STM32_USB_Device_Library/Core/Src/usbd_ioreq.o
LOAD ./USB_DEVICE/App/usb_device.o
LOAD ./USB_DEVICE/App/usbd_custom_hid_if.o
LOAD ./USB_DEVICE/App/usbd_desc.o
LOAD ./USB_DEVICE/Target/usbd_conf.o
START GROUP
LOAD C:/Program Files/STMicroelectronics/STM32Cube/STM32CubeIDE_1.14.1/STM32CubeIDE/plugins/com.st.stm32cube.ide.mcu.externaltools.gnu-tools-for-stm32.11.3.rel1.win32_1.1.100.202309141235/tools/bin/../lib/gcc/arm-none-eabi/11.3.1/../../../../arm-none-eabi/lib/thumb/v7e-m+fp/hard\libstdc++_nano.a
LOAD C:/Program Files/STMicroelectronics/STM32Cube/STM32CubeIDE_1.14.1/STM32CubeIDE/plugins/com.st.stm32cube.ide.mcu.externaltools.gnu-tools-for-stm32.11.3.rel1.win32_1.1.100.202309141235/tools/bin/../lib/gcc/arm-none-eabi/11.3.1/../../../../arm-none-eabi/lib/thumb/v7e-m+fp/hard\libsupc++_nano.a
END GROUP
LOAD C:/Program Files/STMicroelectronics/STM32Cube/STM32CubeIDE_1.14.1/STM32CubeIDE/plugins/com.st.stm32cube.ide.mcu.externaltools.gnu-tools-for-stm32.11.3.rel1.win32_1.1.100.202309141235/tools/bin/../lib/gcc/arm-none-eabi/11.3.1/../../../../arm-none-eabi/lib/thumb/v7e-m+fp/hard\libstdc++_nano.a
LOAD C:/Program Files/STMicroelectronics/STM32Cube/STM32CubeIDE_1.14.1/STM32CubeIDE/plugins/com.st.stm32cube.ide.mcu.externaltools.gnu-tools-for-stm32.11.3.rel1.win32_1.1.100.202309141235/tools/bin/../lib/gcc/arm-none-eabi/11.3.1/../../../../arm-none-eabi/lib/thumb/v7e-m+fp/hard\libm.a
LOAD C:/Program Files/STMicroelectronics/STM32Cube/STM32CubeIDE_1.14.1/STM32CubeIDE/plugins/com.st.stm32cube.ide.mcu.externaltools.gnu-tools-for-stm32.11.3.rel1.win32_1.1.100.202309141235/tools/bin/../lib/gcc/arm-none-eabi/11.3.1/../../../../arm-none-eabi/lib/thumb/v7e-m+fp/hard\libc_nano.a
START GROUP
LOAD C:/Program Files/STMicroelectronics/STM32Cube/STM32CubeIDE_1.14.1/STM32CubeIDE/plugins/com.st.stm32cube.ide.mcu.externaltools.gnu-tools-for-stm32.11.3.rel1.win32_1.1.100.202309141235/tools/bin/../lib/gcc/arm-none-eabi/11.3.1/thumb/v7e-m+fp/hard\libgcc.a
LOAD C:/Program Files/STMicroelectronics/STM32Cube/STM32CubeIDE_1.14.1/STM32CubeIDE/plugins/com.st.stm32cube.ide.mcu.externaltools.gnu-tools-for-stm32.11.3.rel1.win32_1.1.100.202309141235/tools/bin/../lib/gcc/arm-none-eabi/11.3.1/../../../../arm-none-eabi/lib/thumb/v7e-m+fp/hard\libc_nano.a
END GROUP
START GROUP
LOAD C:/Program Files/STMicroelectronics/STM32Cube/STM32CubeIDE_1.14.1/STM32CubeIDE/plugins/com.st.stm32cube.ide.mcu.externaltools.gnu-tools-for-stm32.11.3.rel1.win32_1.1.100.202309141235/tools/bin/../lib/gcc/arm-none-eabi/11.3.1/thumb/v7e-m+fp/hard\libgcc.a
LOAD C:/Program Files/STMicroelectronics/STM32Cube/STM32CubeIDE_1.14.1/STM32CubeIDE/plugins/com.st.stm32cube.ide.mcu.externaltools.gnu-tools-for-stm32.11.3.rel1.win32_1.1.100.202309141235/tools/bin/../lib/gcc/arm-none-eabi/11.3.1/../../../../arm-none-eabi/lib/thumb/v7e-m+fp/hard\libc_nano.a
LOAD C:/Program Files/STMicroelectronics/STM32Cube/STM32CubeIDE_1.14.1/STM32CubeIDE/plugins/com.st.stm32cube.ide.mcu.externaltools.gnu-tools-for-stm32.11.3.rel1.win32_1.1.100.202309141235/tools/bin/../lib/gcc/arm-none-eabi/11.3.1/../../../../arm-none-eabi/lib/thumb/v7e-m+fp/hard\libnosys.a
END GROUP
START GROUP
LOAD C:/Program Files/STMicroelectronics/STM32Cube/STM32CubeIDE_1.14.1/STM32CubeIDE/plugins/com.st.stm32cube.ide.mcu.externaltools.gnu-tools-for-stm32.11.3.rel1.win32_1.1.100.202309141235/tools/bin/../lib/gcc/arm-none-eabi/11.3.1/thumb/v7e-m+fp/hard\libgcc.a
LOAD C:/Program Files/STMicroelectronics/STM32Cube/STM32CubeIDE_1.14.1/STM32CubeIDE/plugins/com.st.stm32cube.ide.mcu.externaltools.gnu-tools-for-stm32.11.3.rel1.win32_1.1.100.202309141235/tools/bin/../lib/gcc/arm-none-eabi/11.3.1/../../../../arm-none-eabi/lib/thumb/v7e-m+fp/hard\libc_nano.a
LOAD C:/Program Files/STMicroelectronics/STM32Cube/STM32CubeIDE_1.14.1/STM32CubeIDE/plugins/com.st.stm32cube.ide.mcu.externaltools.gnu-tools-for-stm32.11.3.rel1.win32_1.1.100.202309141235/tools/bin/../lib/gcc/arm-none-eabi/11.3.1/../../../../arm-none-eabi/lib/thumb/v7e-m+fp/hard\libnosys.a
END GROUP
LOAD C:/Program Files/STMicroelectronics/STM32Cube/STM32CubeIDE_1.14.1/STM32CubeIDE/plugins/com.st.stm32cube.ide.mcu.externaltools.gnu-tools-for-stm32.11.3.rel1.win32_1.1.100.202309141235/tools/bin/../lib/gcc/arm-none-eabi/11.3.1/thumb/v7e-m+fp/hard/crtend.o
LOAD C:/Program Files/STMicroelectronics/STM32Cube/STM32CubeIDE_1.14.1/STM32CubeIDE/plugins/com.st.stm32cube.ide.mcu.externaltools.gnu-tools-for-stm32.11.3.rel1.win32_1.1.100.202309141235/tools/bin/../lib/gcc/arm-none-eabi/11.3.1/thumb/v7e-m+fp/hard/crtn.o
                0x0000000020010000                _estack = (ORIGIN (RAM) + LENGTH (RAM))
                0x0000000000001200                _Min_Heap_Size = 0x1200
                0x0000000000000400                _Min_Stack_Size = 0x400

.isr_vector     0x0000000008000000      0x18c
                0x0000000008000000                . = ALIGN (0x4)
 *(.isr_vector)
 .isr_vector    0x0000000008000000      0x18c ./Core/Startup/startup_stm32l432kcux.o
                0x0000000008000000                g_pfnVectors
                0x000000000800018c                . = ALIGN (0x4)

.text           0x000000000800018c     0x4af0
                0x000000000800018c                . = ALIGN (0x4)
 *(.text)
 .text          0x000000000800018c       0x40 C:/Program Files/STMicroelectronics/STM32Cube/STM32CubeIDE_1.14.1/STM32CubeIDE/plugins/com.st.stm32cube.ide.mcu.externaltools.gnu-tools-for-stm32.11.3.rel1.win32_1.1.100.202309141235/tools/bin/../lib/gcc/arm-none-eabi/11.3.1/thumb/v7e-m+fp/hard/crtbegin.o
 .text          0x00000000080001cc       0x10 C:/Program Files/STMicroelectronics/STM32Cube/STM32CubeIDE_1.14.1/STM32CubeIDE/plugins/com.st.stm32cube.ide.mcu.externaltools.gnu-tools-for-stm32.11.3.rel1.win32_1.1.100.202309141235/tools/bin/../lib/gcc/arm-none-eabi/11.3.1/../../../../arm-none-eabi/lib/thumb/v7e-m+fp/hard\libc_nano.a(libc_a-strlen.o)
                0x00000000080001cc                strlen
 .text          0x00000000080001dc       0x30 C:/Program Files/STMicroelectronics/STM32Cube/STM32CubeIDE_1.14.1/STM32CubeIDE/plugins/com.st.stm32cube.ide.mcu.externaltools.gnu-tools-for-stm32.11.3.rel1.win32_1.1.100.202309141235/tools/bin/../lib/gcc/arm-none-eabi/11.3.1/thumb/v7e-m+fp/hard\libgcc.a(_aeabi_uldivmod.o)
                0x00000000080001dc                __aeabi_uldivmod
 .text          0x000000000800020c      0x2c8 C:/Program Files/STMicroelectronics/STM32Cube/STM32CubeIDE_1.14.1/STM32CubeIDE/plugins/com.st.stm32cube.ide.mcu.externaltools.gnu-tools-for-stm32.11.3.rel1.win32_1.1.100.202309141235/tools/bin/../lib/gcc/arm-none-eabi/11.3.1/thumb/v7e-m+fp/hard\libgcc.a(_udivmoddi4.o)
                0x000000000800020c                __udivmoddi4
 .text          0x00000000080004d4        0x4 C:/Program Files/STMicroelectronics/STM32Cube/STM32CubeIDE_1.14.1/STM32CubeIDE/plugins/com.st.stm32cube.ide.mcu.externaltools.gnu-tools-for-stm32.11.3.rel1.win32_1.1.100.202309141235/tools/bin/../lib/gcc/arm-none-eabi/11.3.1/thumb/v7e-m+fp/hard\libgcc.a(_dvmd_tls.o)
                0x00000000080004d4                __aeabi_idiv0
                0x00000000080004d4                __aeabi_ldiv0
 *(.text*)
 .text.MX_GPIO_Init
                0x00000000080004d8       0x80 ./Core/Src/gpio.o
                0x00000000080004d8                MX_GPIO_Init
 .text.SystemClock_Config
                0x0000000008000558       0x94 ./Core/Src/main.o
                0x0000000008000558                SystemClock_Config
 .text.Get_Descriptor
                0x00000000080005ec       0x4c ./Core/Src/main.o
                0x00000000080005ec                Get_Descriptor
 .text.SimulateKeyPress
                0x0000000008000638       0x1c ./Core/Src/main.o
                0x0000000008000638                SimulateKeyPress
 .text.SimulateKeyRelease
                0x0000000008000654       0x24 ./Core/Src/main.o
                0x0000000008000654                SimulateKeyRelease
 .text.SimulateKeyStroke
                0x0000000008000678       0x1a ./Core/Src/main.o
                0x0000000008000678                SimulateKeyStroke
 *fill*         0x0000000008000692        0x2 
 .text.SimulateKeyStrokes
                0x0000000008000694       0x58 ./Core/Src/main.o
                0x0000000008000694                SimulateKeyStrokes
 .text.Convert2CapsMap
                0x00000000080006ec       0x22 ./Core/Src/main.o
                0x00000000080006ec                Convert2CapsMap
 *fill*         0x000000000800070e        0x2 
 .text.InterruptTrap
                0x0000000008000710       0x2c ./Core/Src/main.o
                0x0000000008000710                InterruptTrap
 .text.startup.main
                0x000000000800073c       0x84 ./Core/Src/main.o
                0x000000000800073c                main
 .text.HAL_TIM_PeriodElapsedCallback
                0x00000000080007c0       0x6c ./Core/Src/main.o
                0x00000000080007c0                HAL_TIM_PeriodElapsedCallback
 .text.Error_Handler
                0x000000000800082c        0x4 ./Core/Src/main.o
                0x000000000800082c                Error_Handler
 .text.MX_SPI1_Init
                0x0000000008000830       0x50 ./Core/Src/spi.o
                0x0000000008000830                MX_SPI1_Init
 .text.HAL_SPI_MspInit
                0x0000000008000880       0x64 ./Core/Src/spi.o
                0x0000000008000880                HAL_SPI_MspInit
 .text.HAL_MspInit
                0x00000000080008e4       0x30 ./Core/Src/stm32l4xx_hal_msp.o
                0x00000000080008e4                HAL_MspInit
 .text.NMI_Handler
                0x0000000008000914        0x2 ./Core/Src/stm32l4xx_it.o
                0x0000000008000914                NMI_Handler
 .text.HardFault_Handler
                0x0000000008000916        0x2 ./Core/Src/stm32l4xx_it.o
                0x0000000008000916                HardFault_Handler
 .text.MemManage_Handler
                0x0000000008000918        0x2 ./Core/Src/stm32l4xx_it.o
                0x0000000008000918                MemManage_Handler
 .text.BusFault_Handler
                0x000000000800091a        0x2 ./Core/Src/stm32l4xx_it.o
                0x000000000800091a                BusFault_Handler
 .text.UsageFault_Handler
                0x000000000800091c        0x2 ./Core/Src/stm32l4xx_it.o
                0x000000000800091c                UsageFault_Handler
 .text.SVC_Handler
                0x000000000800091e        0x2 ./Core/Src/stm32l4xx_it.o
                0x000000000800091e                SVC_Handler
 .text.DebugMon_Handler
                0x0000000008000920        0x2 ./Core/Src/stm32l4xx_it.o
                0x0000000008000920                DebugMon_Handler
 .text.PendSV_Handler
                0x0000000008000922        0x2 ./Core/Src/stm32l4xx_it.o
                0x0000000008000922                PendSV_Handler
 .text.SysTick_Handler
                0x0000000008000924        0x4 ./Core/Src/stm32l4xx_it.o
                0x0000000008000924                SysTick_Handler
 .text.TIM2_IRQHandler
                0x0000000008000928        0xc ./Core/Src/stm32l4xx_it.o
                0x0000000008000928                TIM2_IRQHandler
 .text.USB_IRQHandler
                0x0000000008000934        0xc ./Core/Src/stm32l4xx_it.o
                0x0000000008000934                USB_IRQHandler
 .text.SystemInit
                0x0000000008000940       0x14 ./Core/Src/system_stm32l4xx.o
                0x0000000008000940                SystemInit
 .text.MX_TIM2_Init
                0x0000000008000954       0x70 ./Core/Src/tim.o
                0x0000000008000954                MX_TIM2_Init
 .text.HAL_TIM_Base_MspInit
                0x00000000080009c4       0x3c ./Core/Src/tim.o
                0x00000000080009c4                HAL_TIM_Base_MspInit
 .text.MX_USART2_UART_Init
                0x0000000008000a00       0x3c ./Core/Src/usart.o
                0x0000000008000a00                MX_USART2_UART_Init
 .text.HAL_UART_MspInit
                0x0000000008000a3c       0x9c ./Core/Src/usart.o
                0x0000000008000a3c                HAL_UART_MspInit
 .text.Reset_Handler
                0x0000000008000ad8       0x50 ./Core/Startup/startup_stm32l432kcux.o
                0x0000000008000ad8                Reset_Handler
 .text.Default_Handler
                0x0000000008000b28        0x2 ./Core/Startup/startup_stm32l432kcux.o
                0x0000000008000b28                RTC_Alarm_IRQHandler
                0x0000000008000b28                EXTI2_IRQHandler
                0x0000000008000b28                TIM1_CC_IRQHandler
                0x0000000008000b28                TSC_IRQHandler
                0x0000000008000b28                TAMP_STAMP_IRQHandler
                0x0000000008000b28                EXTI3_IRQHandler
                0x0000000008000b28                LPTIM2_IRQHandler
                0x0000000008000b28                I2C3_ER_IRQHandler
                0x0000000008000b28                EXTI0_IRQHandler
                0x0000000008000b28                CAN1_RX0_IRQHandler
                0x0000000008000b28                FPU_IRQHandler
                0x0000000008000b28                TIM1_UP_TIM16_IRQHandler
                0x0000000008000b28                SPI1_IRQHandler
                0x0000000008000b28                TIM6_DAC_IRQHandler
                0x0000000008000b28                DMA2_Channel2_IRQHandler
                0x0000000008000b28                DMA1_Channel4_IRQHandler
                0x0000000008000b28                ADC1_IRQHandler
                0x0000000008000b28                DMA1_Channel7_IRQHandler
                0x0000000008000b28                CAN1_RX1_IRQHandler
                0x0000000008000b28                DMA2_Channel1_IRQHandler
                0x0000000008000b28                QUADSPI_IRQHandler
                0x0000000008000b28                I2C1_EV_IRQHandler
                0x0000000008000b28                DMA1_Channel6_IRQHandler
                0x0000000008000b28                DMA2_Channel4_IRQHandler
                0x0000000008000b28                RCC_IRQHandler
                0x0000000008000b28                TIM1_TRG_COM_IRQHandler
                0x0000000008000b28                DMA1_Channel1_IRQHandler
                0x0000000008000b28                Default_Handler
                0x0000000008000b28                DMA2_Channel7_IRQHandler
                0x0000000008000b28                EXTI15_10_IRQHandler
                0x0000000008000b28                TIM7_IRQHandler
                0x0000000008000b28                I2C3_EV_IRQHandler
                0x0000000008000b28                EXTI9_5_IRQHandler
                0x0000000008000b28                RTC_WKUP_IRQHandler
                0x0000000008000b28                PVD_PVM_IRQHandler
                0x0000000008000b28                CAN1_TX_IRQHandler
                0x0000000008000b28                DMA2_Channel5_IRQHandler
                0x0000000008000b28                CRS_IRQHandler
                0x0000000008000b28                DMA1_Channel5_IRQHandler
                0x0000000008000b28                EXTI4_IRQHandler
                0x0000000008000b28                RNG_IRQHandler
                0x0000000008000b28                DMA1_Channel3_IRQHandler
                0x0000000008000b28                COMP_IRQHandler
                0x0000000008000b28                WWDG_IRQHandler
                0x0000000008000b28                LPUART1_IRQHandler
                0x0000000008000b28                DMA2_Channel6_IRQHandler
                0x0000000008000b28                EXTI1_IRQHandler
                0x0000000008000b28                USART2_IRQHandler
                0x0000000008000b28                DMA1_Channel2_IRQHandler
                0x0000000008000b28                CAN1_SCE_IRQHandler
                0x0000000008000b28                FLASH_IRQHandler
                0x0000000008000b28                USART1_IRQHandler
                0x0000000008000b28                SPI3_IRQHandler
                0x0000000008000b28                I2C1_ER_IRQHandler
                0x0000000008000b28                SWPMI1_IRQHandler
                0x0000000008000b28                LPTIM1_IRQHandler
                0x0000000008000b28                SAI1_IRQHandler
                0x0000000008000b28                DMA2_Channel3_IRQHandler
                0x0000000008000b28                TIM1_BRK_TIM15_IRQHandler
 *fill*         0x0000000008000b2a        0x2 
 .text.HAL_InitTick
                0x0000000008000b2c       0x4c ./Drivers/STM32L4xx_HAL_Driver/Src/stm32l4xx_hal.o
                0x0000000008000b2c                HAL_InitTick
 .text.HAL_Init
                0x0000000008000b78       0x1e ./Drivers/STM32L4xx_HAL_Driver/Src/stm32l4xx_hal.o
                0x0000000008000b78                HAL_Init
 *fill*         0x0000000008000b96        0x2 
 .text.HAL_IncTick
                0x0000000008000b98       0x18 ./Drivers/STM32L4xx_HAL_Driver/Src/stm32l4xx_hal.o
                0x0000000008000b98                HAL_IncTick
 .text.HAL_GetTick
                0x0000000008000bb0        0xc ./Drivers/STM32L4xx_HAL_Driver/Src/stm32l4xx_hal.o
                0x0000000008000bb0                HAL_GetTick
 .text.HAL_Delay
                0x0000000008000bbc       0x28 ./Drivers/STM32L4xx_HAL_Driver/Src/stm32l4xx_hal.o
                0x0000000008000bbc                HAL_Delay
 .text.HAL_NVIC_SetPriorityGrouping
                0x0000000008000be4       0x24 ./Drivers/STM32L4xx_HAL_Driver/Src/stm32l4xx_hal_cortex.o
                0x0000000008000be4                HAL_NVIC_SetPriorityGrouping
 .text.HAL_NVIC_SetPriority
                0x0000000008000c08       0x64 ./Drivers/STM32L4xx_HAL_Driver/Src/stm32l4xx_hal_cortex.o
                0x0000000008000c08                HAL_NVIC_SetPriority
 .text.HAL_NVIC_EnableIRQ
                0x0000000008000c6c       0x1c ./Drivers/STM32L4xx_HAL_Driver/Src/stm32l4xx_hal_cortex.o
                0x0000000008000c6c                HAL_NVIC_EnableIRQ
 .text.HAL_SYSTICK_Config
                0x0000000008000c88       0x28 ./Drivers/STM32L4xx_HAL_Driver/Src/stm32l4xx_hal_cortex.o
                0x0000000008000c88                HAL_SYSTICK_Config
 .text.HAL_GPIO_Init
                0x0000000008000cb0      0x170 ./Drivers/STM32L4xx_HAL_Driver/Src/stm32l4xx_hal_gpio.o
                0x0000000008000cb0                HAL_GPIO_Init
 .text.HAL_GPIO_WritePin
                0x0000000008000e20        0xa ./Drivers/STM32L4xx_HAL_Driver/Src/stm32l4xx_hal_gpio.o
                0x0000000008000e20                HAL_GPIO_WritePin
 .text.HAL_PCD_Init
                0x0000000008000e2a       0xfc ./Drivers/STM32L4xx_HAL_Driver/Src/stm32l4xx_hal_pcd.o
                0x0000000008000e2a                HAL_PCD_Init
 .text.HAL_PCD_Start
                0x0000000008000f26       0x2a ./Drivers/STM32L4xx_HAL_Driver/Src/stm32l4xx_hal_pcd.o
                0x0000000008000f26                HAL_PCD_Start
 .text.HAL_PCD_SetAddress
                0x0000000008000f50       0x28 ./Drivers/STM32L4xx_HAL_Driver/Src/stm32l4xx_hal_pcd.o
                0x0000000008000f50                HAL_PCD_SetAddress
 .text.HAL_PCD_IRQHandler
                0x0000000008000f78      0x9f4 ./Drivers/STM32L4xx_HAL_Driver/Src/stm32l4xx_hal_pcd.o
                0x0000000008000f78                HAL_PCD_IRQHandler
 .text.HAL_PCD_EP_Open
                0x000000000800196c       0x5e ./Drivers/STM32L4xx_HAL_Driver/Src/stm32l4xx_hal_pcd.o
                0x000000000800196c                HAL_PCD_EP_Open
 .text.HAL_PCD_EP_Close
                0x00000000080019ca       0x52 ./Drivers/STM32L4xx_HAL_Driver/Src/stm32l4xx_hal_pcd.o
                0x00000000080019ca                HAL_PCD_EP_Close
 .text.HAL_PCD_EP_Receive
                0x0000000008001a1c       0x2c ./Drivers/STM32L4xx_HAL_Driver/Src/stm32l4xx_hal_pcd.o
                0x0000000008001a1c                HAL_PCD_EP_Receive
 .text.HAL_PCD_EP_Transmit
                0x0000000008001a48       0x64 ./Drivers/STM32L4xx_HAL_Driver/Src/stm32l4xx_hal_pcd.o
                0x0000000008001a48                HAL_PCD_EP_Transmit
 .text.HAL_PCD_EP_SetStall
                0x0000000008001aac       0x6c ./Drivers/STM32L4xx_HAL_Driver/Src/stm32l4xx_hal_pcd.o
                0x0000000008001aac                HAL_PCD_EP_SetStall
 .text.HAL_PCD_EP_ClrStall
                0x0000000008001b18       0x64 ./Drivers/STM32L4xx_HAL_Driver/Src/stm32l4xx_hal_pcd.o
                0x0000000008001b18                HAL_PCD_EP_ClrStall
 .text.HAL_PCDEx_PMAConfig
                0x0000000008001b7c       0x34 ./Drivers/STM32L4xx_HAL_Driver/Src/stm32l4xx_hal_pcd_ex.o
                0x0000000008001b7c                HAL_PCDEx_PMAConfig
 .text.HAL_PCDEx_ActivateLPM
                0x0000000008001bb0       0x2e ./Drivers/STM32L4xx_HAL_Driver/Src/stm32l4xx_hal_pcd_ex.o
                0x0000000008001bb0                HAL_PCDEx_ActivateLPM
 *fill*         0x0000000008001bde        0x2 
 .text.HAL_PWR_EnableBkUpAccess
                0x0000000008001be0       0x10 ./Drivers/STM32L4xx_HAL_Driver/Src/stm32l4xx_hal_pwr.o
                0x0000000008001be0                HAL_PWR_EnableBkUpAccess
 .text.HAL_PWREx_GetVoltageRange
                0x0000000008001bf0       0x10 ./Drivers/STM32L4xx_HAL_Driver/Src/stm32l4xx_hal_pwr_ex.o
                0x0000000008001bf0                HAL_PWREx_GetVoltageRange
 .text.HAL_PWREx_ControlVoltageScaling
                0x0000000008001c00       0x6c ./Drivers/STM32L4xx_HAL_Driver/Src/stm32l4xx_hal_pwr_ex.o
                0x0000000008001c00                HAL_PWREx_ControlVoltageScaling
 .text.HAL_PWREx_EnableVddUSB
                0x0000000008001c6c       0x10 ./Drivers/STM32L4xx_HAL_Driver/Src/stm32l4xx_hal_pwr_ex.o
                0x0000000008001c6c                HAL_PWREx_EnableVddUSB
 .text.RCC_SetFlashLatencyFromMSIRange
                0x0000000008001c7c       0x84 ./Drivers/STM32L4xx_HAL_Driver/Src/stm32l4xx_hal_rcc.o
 .text.HAL_RCC_GetSysClockFreq
                0x0000000008001d00       0x9c ./Drivers/STM32L4xx_HAL_Driver/Src/stm32l4xx_hal_rcc.o
                0x0000000008001d00                HAL_RCC_GetSysClockFreq
 .text.HAL_RCC_OscConfig
                0x0000000008001d9c      0x548 ./Drivers/STM32L4xx_HAL_Driver/Src/stm32l4xx_hal_rcc.o
                0x0000000008001d9c                HAL_RCC_OscConfig
 .text.HAL_RCC_ClockConfig
                0x00000000080022e4      0x154 ./Drivers/STM32L4xx_HAL_Driver/Src/stm32l4xx_hal_rcc.o
                0x00000000080022e4                HAL_RCC_ClockConfig
 .text.HAL_RCC_GetPCLK1Freq
                0x0000000008002438       0x24 ./Drivers/STM32L4xx_HAL_Driver/Src/stm32l4xx_hal_rcc.o
                0x0000000008002438                HAL_RCC_GetPCLK1Freq
 .text.HAL_RCC_GetPCLK2Freq
                0x000000000800245c       0x24 ./Drivers/STM32L4xx_HAL_Driver/Src/stm32l4xx_hal_rcc.o
                0x000000000800245c                HAL_RCC_GetPCLK2Freq
 .text.RCCEx_PLLSAI1_Config
                0x0000000008002480      0x110 ./Drivers/STM32L4xx_HAL_Driver/Src/stm32l4xx_hal_rcc_ex.o
 .text.HAL_RCCEx_PeriphCLKConfig
                0x0000000008002590      0x288 ./Drivers/STM32L4xx_HAL_Driver/Src/stm32l4xx_hal_rcc_ex.o
                0x0000000008002590                HAL_RCCEx_PeriphCLKConfig
 .text.HAL_RCCEx_EnableMSIPLLMode
                0x0000000008002818       0x10 ./Drivers/STM32L4xx_HAL_Driver/Src/stm32l4xx_hal_rcc_ex.o
                0x0000000008002818                HAL_RCCEx_EnableMSIPLLMode
 .text.HAL_SPI_Init
                0x0000000008002828       0xd4 ./Drivers/STM32L4xx_HAL_Driver/Src/stm32l4xx_hal_spi.o
                0x0000000008002828                HAL_SPI_Init
 .text.HAL_TIM_Base_Start_IT
                0x00000000080028fc       0x54 ./Drivers/STM32L4xx_HAL_Driver/Src/stm32l4xx_hal_tim.o
                0x00000000080028fc                HAL_TIM_Base_Start_IT
 .text.HAL_TIM_OC_DelayElapsedCallback
                0x0000000008002950        0x2 ./Drivers/STM32L4xx_HAL_Driver/Src/stm32l4xx_hal_tim.o
                0x0000000008002950                HAL_TIM_OC_DelayElapsedCallback
 .text.HAL_TIM_IC_CaptureCallback
                0x0000000008002952        0x2 ./Drivers/STM32L4xx_HAL_Driver/Src/stm32l4xx_hal_tim.o
                0x0000000008002952                HAL_TIM_IC_CaptureCallback
 .text.HAL_TIM_PWM_PulseFinishedCallback
                0x0000000008002954        0x2 ./Drivers/STM32L4xx_HAL_Driver/Src/stm32l4xx_hal_tim.o
                0x0000000008002954                HAL_TIM_PWM_PulseFinishedCallback
 .text.HAL_TIM_TriggerCallback
                0x0000000008002956        0x2 ./Drivers/STM32L4xx_HAL_Driver/Src/stm32l4xx_hal_tim.o
                0x0000000008002956                HAL_TIM_TriggerCallback
 .text.HAL_TIM_IRQHandler
                0x0000000008002958      0x13e ./Drivers/STM32L4xx_HAL_Driver/Src/stm32l4xx_hal_tim.o
                0x0000000008002958                HAL_TIM_IRQHandler
 *fill*         0x0000000008002a96        0x2 
 .text.TIM_Base_SetConfig
                0x0000000008002a98       0x74 ./Drivers/STM32L4xx_HAL_Driver/Src/stm32l4xx_hal_tim.o
                0x0000000008002a98                TIM_Base_SetConfig
 .text.HAL_TIM_Base_Init
                0x0000000008002b0c       0x60 ./Drivers/STM32L4xx_HAL_Driver/Src/stm32l4xx_hal_tim.o
                0x0000000008002b0c                HAL_TIM_Base_Init
 .text.TIM_ETR_SetConfig
                0x0000000008002b6c       0x14 ./Drivers/STM32L4xx_HAL_Driver/Src/stm32l4xx_hal_tim.o
                0x0000000008002b6c                TIM_ETR_SetConfig
 .text.HAL_TIM_ConfigClockSource
                0x0000000008002b80      0x134 ./Drivers/STM32L4xx_HAL_Driver/Src/stm32l4xx_hal_tim.o
                0x0000000008002b80                HAL_TIM_ConfigClockSource
 .text.HAL_TIMEx_MasterConfigSynchronization
                0x0000000008002cb4       0x64 ./Drivers/STM32L4xx_HAL_Driver/Src/stm32l4xx_hal_tim_ex.o
                0x0000000008002cb4                HAL_TIMEx_MasterConfigSynchronization
 .text.HAL_TIMEx_CommutCallback
                0x0000000008002d18        0x2 ./Drivers/STM32L4xx_HAL_Driver/Src/stm32l4xx_hal_tim_ex.o
                0x0000000008002d18                HAL_TIMEx_CommutCallback
 .text.HAL_TIMEx_BreakCallback
                0x0000000008002d1a        0x2 ./Drivers/STM32L4xx_HAL_Driver/Src/stm32l4xx_hal_tim_ex.o
                0x0000000008002d1a                HAL_TIMEx_BreakCallback
 .text.HAL_TIMEx_Break2Callback
                0x0000000008002d1c        0x2 ./Drivers/STM32L4xx_HAL_Driver/Src/stm32l4xx_hal_tim_ex.o
                0x0000000008002d1c                HAL_TIMEx_Break2Callback
 .text.UART_EndRxTransfer
                0x0000000008002d1e       0x50 ./Drivers/STM32L4xx_HAL_Driver/Src/stm32l4xx_hal_uart.o
 *fill*         0x0000000008002d6e        0x2 
 .text.UART_SetConfig
                0x0000000008002d70      0x1d8 ./Drivers/STM32L4xx_HAL_Driver/Src/stm32l4xx_hal_uart.o
                0x0000000008002d70                UART_SetConfig
 .text.UART_AdvFeatureConfig
                0x0000000008002f48       0xa8 ./Drivers/STM32L4xx_HAL_Driver/Src/stm32l4xx_hal_uart.o
                0x0000000008002f48                UART_AdvFeatureConfig
 .text.UART_WaitOnFlagUntilTimeout
                0x0000000008002ff0       0x88 ./Drivers/STM32L4xx_HAL_Driver/Src/stm32l4xx_hal_uart.o
                0x0000000008002ff0                UART_WaitOnFlagUntilTimeout
 .text.UART_CheckIdleState
                0x0000000008003078       0xb4 ./Drivers/STM32L4xx_HAL_Driver/Src/stm32l4xx_hal_uart.o
                0x0000000008003078                UART_CheckIdleState
 .text.HAL_UART_Init
                0x000000000800312c       0x5c ./Drivers/STM32L4xx_HAL_Driver/Src/stm32l4xx_hal_uart.o
                0x000000000800312c                HAL_UART_Init
 .text.USB_CoreInit
                0x0000000008003188        0xe ./Drivers/STM32L4xx_HAL_Driver/Src/stm32l4xx_ll_usb.o
                0x0000000008003188                USB_CoreInit
 .text.USB_EnableGlobalInt
                0x0000000008003196       0x12 ./Drivers/STM32L4xx_HAL_Driver/Src/stm32l4xx_ll_usb.o
                0x0000000008003196                USB_EnableGlobalInt
 .text.USB_DisableGlobalInt
                0x00000000080031a8       0x14 ./Drivers/STM32L4xx_HAL_Driver/Src/stm32l4xx_ll_usb.o
                0x00000000080031a8                USB_DisableGlobalInt
 .text.USB_SetCurrentMode
                0x00000000080031bc        0x4 ./Drivers/STM32L4xx_HAL_Driver/Src/stm32l4xx_ll_usb.o
                0x00000000080031bc                USB_SetCurrentMode
 .text.USB_DevInit
                0x00000000080031c0       0x28 ./Drivers/STM32L4xx_HAL_Driver/Src/stm32l4xx_ll_usb.o
                0x00000000080031c0                USB_DevInit
 .text.USB_ActivateEndpoint
                0x00000000080031e8      0x2c8 ./Drivers/STM32L4xx_HAL_Driver/Src/stm32l4xx_ll_usb.o
                0x00000000080031e8                USB_ActivateEndpoint
 .text.USB_DeactivateEndpoint
                0x00000000080034b0      0x1a6 ./Drivers/STM32L4xx_HAL_Driver/Src/stm32l4xx_ll_usb.o
                0x00000000080034b0                USB_DeactivateEndpoint
 .text.USB_EPSetStall
                0x0000000008003656       0x40 ./Drivers/STM32L4xx_HAL_Driver/Src/stm32l4xx_ll_usb.o
                0x0000000008003656                USB_EPSetStall
 .text.USB_EPClearStall
                0x0000000008003696       0x92 ./Drivers/STM32L4xx_HAL_Driver/Src/stm32l4xx_ll_usb.o
                0x0000000008003696                USB_EPClearStall
 .text.USB_SetDevAddress
                0x0000000008003728        0xc ./Drivers/STM32L4xx_HAL_Driver/Src/stm32l4xx_ll_usb.o
                0x0000000008003728                USB_SetDevAddress
 .text.USB_DevConnect
                0x0000000008003734       0x16 ./Drivers/STM32L4xx_HAL_Driver/Src/stm32l4xx_ll_usb.o
                0x0000000008003734                USB_DevConnect
 .text.USB_DevDisconnect
                0x000000000800374a       0x10 ./Drivers/STM32L4xx_HAL_Driver/Src/stm32l4xx_ll_usb.o
                0x000000000800374a                USB_DevDisconnect
 .text.USB_ReadInterrupts
                0x000000000800375a        0x8 ./Drivers/STM32L4xx_HAL_Driver/Src/stm32l4xx_ll_usb.o
                0x000000000800375a                USB_ReadInterrupts
 .text.USB_EP0_OutStart
                0x0000000008003762        0x4 ./Drivers/STM32L4xx_HAL_Driver/Src/stm32l4xx_ll_usb.o
                0x0000000008003762                USB_EP0_OutStart
 .text.USB_WritePMA
                0x0000000008003766       0x1e ./Drivers/STM32L4xx_HAL_Driver/Src/stm32l4xx_ll_usb.o
                0x0000000008003766                USB_WritePMA
 .text.USB_EPStartXfer
                0x0000000008003784      0x480 ./Drivers/STM32L4xx_HAL_Driver/Src/stm32l4xx_ll_usb.o
                0x0000000008003784                USB_EPStartXfer
 .text.USB_ReadPMA
                0x0000000008003c04       0x36 ./Drivers/STM32L4xx_HAL_Driver/Src/stm32l4xx_ll_usb.o
                0x0000000008003c04                USB_ReadPMA
 .text.USBD_CUSTOM_HID_DataIn
                0x0000000008003c3a       0x12 ./Middlewares/ST/STM32_USB_Device_Library/Class/CustomHID/Src/usbd_customhid.o
 .text.USBD_CUSTOM_HID_DataOut
                0x0000000008003c4c       0x24 ./Middlewares/ST/STM32_USB_Device_Library/Class/CustomHID/Src/usbd_customhid.o
 .text.USBD_CUSTOM_HID_EP0_RxReady
                0x0000000008003c70       0x30 ./Middlewares/ST/STM32_USB_Device_Library/Class/CustomHID/Src/usbd_customhid.o
 .text.USBD_CUSTOM_HID_GetDeviceQualifierDesc
                0x0000000008003ca0        0xc ./Middlewares/ST/STM32_USB_Device_Library/Class/CustomHID/Src/usbd_customhid.o
 .text.USBD_CUSTOM_HID_GetFSCfgDesc
                0x0000000008003cac       0x40 ./Middlewares/ST/STM32_USB_Device_Library/Class/CustomHID/Src/usbd_customhid.o
 .text.USBD_CUSTOM_HID_GetHSCfgDesc
                0x0000000008003cec        0x4 ./Middlewares/ST/STM32_USB_Device_Library/Class/CustomHID/Src/usbd_customhid.o
 .text.USBD_CUSTOM_HID_GetOtherSpeedCfgDesc
                0x0000000008003cf0        0x4 ./Middlewares/ST/STM32_USB_Device_Library/Class/CustomHID/Src/usbd_customhid.o
 .text.USBD_CUSTOM_HID_Setup
                0x0000000008003cf4      0x128 ./Middlewares/ST/STM32_USB_Device_Library/Class/CustomHID/Src/usbd_customhid.o
 .text.USBD_CUSTOM_HID_DeInit
                0x0000000008003e1c       0x50 ./Middlewares/ST/STM32_USB_Device_Library/Class/CustomHID/Src/usbd_customhid.o
 .text.USBD_CUSTOM_HID_Init
                0x0000000008003e6c       0x6e ./Middlewares/ST/STM32_USB_Device_Library/Class/CustomHID/Src/usbd_customhid.o
 .text.USBD_CUSTOM_HID_SendReport
                0x0000000008003eda       0x3c ./Middlewares/ST/STM32_USB_Device_Library/Class/CustomHID/Src/usbd_customhid.o
                0x0000000008003eda                USBD_CUSTOM_HID_SendReport
 *fill*         0x0000000008003f16        0x2 
 .text.USBD_CUSTOM_HID_ReceivePacket
                0x0000000008003f18       0x3c ./Middlewares/ST/STM32_USB_Device_Library/Class/CustomHID/Src/usbd_customhid.o
                0x0000000008003f18                USBD_CUSTOM_HID_ReceivePacket
 .text.USBD_CUSTOM_HID_RegisterInterface
                0x0000000008003f54       0x16 ./Middlewares/ST/STM32_USB_Device_Library/Class/CustomHID/Src/usbd_customhid.o
                0x0000000008003f54                USBD_CUSTOM_HID_RegisterInterface
 .text.USBD_Init
                0x0000000008003f6a       0x26 ./Middlewares/ST/STM32_USB_Device_Library/Core/Src/usbd_core.o
                0x0000000008003f6a                USBD_Init
 .text.USBD_RegisterClass
                0x0000000008003f90       0x32 ./Middlewares/ST/STM32_USB_Device_Library/Core/Src/usbd_core.o
                0x0000000008003f90                USBD_RegisterClass
 .text.USBD_Start
                0x0000000008003fc2        0x4 ./Middlewares/ST/STM32_USB_Device_Library/Core/Src/usbd_core.o
                0x0000000008003fc2                USBD_Start
 .text.USBD_SetClassConfig
                0x0000000008003fc6        0xe ./Middlewares/ST/STM32_USB_Device_Library/Core/Src/usbd_core.o
                0x0000000008003fc6                USBD_SetClassConfig
 .text.USBD_ClrClassConfig
                0x0000000008003fd4       0x12 ./Middlewares/ST/STM32_USB_Device_Library/Core/Src/usbd_core.o
                0x0000000008003fd4                USBD_ClrClassConfig
 .text.USBD_LL_SetupStage
                0x0000000008003fe6       0x60 ./Middlewares/ST/STM32_USB_Device_Library/Core/Src/usbd_core.o
                0x0000000008003fe6                USBD_LL_SetupStage
 .text.USBD_LL_DataOutStage
                0x0000000008004046       0x6a ./Middlewares/ST/STM32_USB_Device_Library/Core/Src/usbd_core.o
                0x0000000008004046                USBD_LL_DataOutStage
 .text.USBD_LL_DataInStage
                0x00000000080040b0       0xae ./Middlewares/ST/STM32_USB_Device_Library/Core/Src/usbd_core.o
                0x00000000080040b0                USBD_LL_DataInStage
 .text.USBD_LL_Reset
                0x000000000800415e       0x5e ./Middlewares/ST/STM32_USB_Device_Library/Core/Src/usbd_core.o
                0x000000000800415e                USBD_LL_Reset
 .text.USBD_LL_SetSpeed
                0x00000000080041bc        0x6 ./Middlewares/ST/STM32_USB_Device_Library/Core/Src/usbd_core.o
                0x00000000080041bc                USBD_LL_SetSpeed
 .text.USBD_LL_Suspend
                0x00000000080041c2       0x1c ./Middlewares/ST/STM32_USB_Device_Library/Core/Src/usbd_core.o
                0x00000000080041c2                USBD_LL_Suspend
 .text.USBD_LL_Resume
                0x00000000080041de       0x16 ./Middlewares/ST/STM32_USB_Device_Library/Core/Src/usbd_core.o
                0x00000000080041de                USBD_LL_Resume
 .text.USBD_LL_SOF
                0x00000000080041f4       0x1a ./Middlewares/ST/STM32_USB_Device_Library/Core/Src/usbd_core.o
                0x00000000080041f4                USBD_LL_SOF
 .text.USBD_CoreFindIF
                0x000000000800420e        0x4 ./Middlewares/ST/STM32_USB_Device_Library/Core/Src/usbd_core.o
                0x000000000800420e                USBD_CoreFindIF
 .text.USBD_CoreFindEP
                0x0000000008004212        0x4 ./Middlewares/ST/STM32_USB_Device_Library/Core/Src/usbd_core.o
                0x0000000008004212                USBD_CoreFindEP
 .text.USBD_GetEpDesc
                0x0000000008004216       0x24 ./Middlewares/ST/STM32_USB_Device_Library/Core/Src/usbd_core.o
                0x0000000008004216                USBD_GetEpDesc
 .text.USBD_CtlError.constprop.0
                0x000000000800423a       0x16 ./Middlewares/ST/STM32_USB_Device_Library/Core/Src/usbd_ctlreq.o
 .text.USBD_StdDevReq
                0x0000000008004250      0x2b8 ./Middlewares/ST/STM32_USB_Device_Library/Core/Src/usbd_ctlreq.o
                0x0000000008004250                USBD_StdDevReq
 .text.USBD_StdItfReq
                0x0000000008004508       0x5e ./Middlewares/ST/STM32_USB_Device_Library/Core/Src/usbd_ctlreq.o
                0x0000000008004508                USBD_StdItfReq
 .text.USBD_StdEPReq
                0x0000000008004566      0x138 ./Middlewares/ST/STM32_USB_Device_Library/Core/Src/usbd_ctlreq.o
                0x0000000008004566                USBD_StdEPReq
 .text.USBD_ParseSetupRequest
                0x000000000800469e       0x16 ./Middlewares/ST/STM32_USB_Device_Library/Core/Src/usbd_ctlreq.o
                0x000000000800469e                USBD_ParseSetupRequest
 .text.USBD_CtlError
                0x00000000080046b4       0x16 ./Middlewares/ST/STM32_USB_Device_Library/Core/Src/usbd_ctlreq.o
                0x00000000080046b4                USBD_CtlError
 .text.USBD_GetString
                0x00000000080046ca       0x38 ./Middlewares/ST/STM32_USB_Device_Library/Core/Src/usbd_ctlreq.o
                0x00000000080046ca                USBD_GetString
 .text.USBD_CtlSendData
                0x0000000008004702       0x1a ./Middlewares/ST/STM32_USB_Device_Library/Core/Src/usbd_ioreq.o
                0x0000000008004702                USBD_CtlSendData
 .text.USBD_CtlContinueSendData
                0x000000000800471c       0x10 ./Middlewares/ST/STM32_USB_Device_Library/Core/Src/usbd_ioreq.o
                0x000000000800471c                USBD_CtlContinueSendData
 .text.USBD_CtlPrepareRx
                0x000000000800472c       0x1a ./Middlewares/ST/STM32_USB_Device_Library/Core/Src/usbd_ioreq.o
                0x000000000800472c                USBD_CtlPrepareRx
 .text.USBD_CtlContinueRx
                0x0000000008004746       0x10 ./Middlewares/ST/STM32_USB_Device_Library/Core/Src/usbd_ioreq.o
                0x0000000008004746                USBD_CtlContinueRx
 .text.USBD_CtlSendStatus
                0x0000000008004756       0x16 ./Middlewares/ST/STM32_USB_Device_Library/Core/Src/usbd_ioreq.o
                0x0000000008004756                USBD_CtlSendStatus
 .text.USBD_CtlReceiveStatus
                0x000000000800476c       0x16 ./Middlewares/ST/STM32_USB_Device_Library/Core/Src/usbd_ioreq.o
                0x000000000800476c                USBD_CtlReceiveStatus
 *fill*         0x0000000008004782        0x2 
 .text.MX_USB_DEVICE_Init
                0x0000000008004784       0x50 ./USB_DEVICE/App/usb_device.o
                0x0000000008004784                MX_USB_DEVICE_Init
 .text.CUSTOM_HID_Init_FS
                0x00000000080047d4        0x4 ./USB_DEVICE/App/usbd_custom_hid_if.o
 .text.CUSTOM_HID_OutEvent_FS
                0x00000000080047d8       0x10 ./USB_DEVICE/App/usbd_custom_hid_if.o
 .text.CUSTOM_HID_DeInit_FS
                0x00000000080047e8        0x4 ./USB_DEVICE/App/usbd_custom_hid_if.o
 .text.USBD_FS_DeviceDescriptor
                0x00000000080047ec        0xc ./USB_DEVICE/App/usbd_desc.o
                0x00000000080047ec                USBD_FS_DeviceDescriptor
 .text.USBD_FS_LangIDStrDescriptor
                0x00000000080047f8        0xc ./USB_DEVICE/App/usbd_desc.o
                0x00000000080047f8                USBD_FS_LangIDStrDescriptor
 .text.USBD_FS_USR_BOSDescriptor
                0x0000000008004804        0xc ./USB_DEVICE/App/usbd_desc.o
                0x0000000008004804                USBD_FS_USR_BOSDescriptor
 .text.IntToUnicode
                0x0000000008004810       0x2a ./USB_DEVICE/App/usbd_desc.o
 *fill*         0x000000000800483a        0x2 
 .text.USBD_FS_SerialStrDescriptor
                0x000000000800483c       0x3c ./USB_DEVICE/App/usbd_desc.o
                0x000000000800483c                USBD_FS_SerialStrDescriptor
 .text.USBD_FS_ManufacturerStrDescriptor
                0x0000000008004878       0x1c ./USB_DEVICE/App/usbd_desc.o
                0x0000000008004878                USBD_FS_ManufacturerStrDescriptor
 .text.USBD_FS_ProductStrDescriptor
                0x0000000008004894       0x1c ./USB_DEVICE/App/usbd_desc.o
                0x0000000008004894                USBD_FS_ProductStrDescriptor
 .text.USBD_FS_ConfigStrDescriptor
                0x00000000080048b0       0x1c ./USB_DEVICE/App/usbd_desc.o
                0x00000000080048b0                USBD_FS_ConfigStrDescriptor
 .text.USBD_FS_InterfaceStrDescriptor
                0x00000000080048cc       0x1c ./USB_DEVICE/App/usbd_desc.o
                0x00000000080048cc                USBD_FS_InterfaceStrDescriptor
 .text.HAL_PCD_MspInit
                0x00000000080048e8       0x7c ./USB_DEVICE/Target/usbd_conf.o
                0x00000000080048e8                HAL_PCD_MspInit
 .text.HAL_PCD_SetupStageCallback
                0x0000000008004964        0xc ./USB_DEVICE/Target/usbd_conf.o
                0x0000000008004964                HAL_PCD_SetupStageCallback
 .text.HAL_PCD_DataOutStageCallback
                0x0000000008004970       0x12 ./USB_DEVICE/Target/usbd_conf.o
                0x0000000008004970                HAL_PCD_DataOutStageCallback
 .text.HAL_PCD_DataInStageCallback
                0x0000000008004982       0x10 ./USB_DEVICE/Target/usbd_conf.o
                0x0000000008004982                HAL_PCD_DataInStageCallback
 .text.HAL_PCD_SOFCallback
                0x0000000008004992        0x8 ./USB_DEVICE/Target/usbd_conf.o
                0x0000000008004992                HAL_PCD_SOFCallback
 .text.HAL_PCD_ResetCallback
                0x000000000800499a       0x24 ./USB_DEVICE/Target/usbd_conf.o
                0x000000000800499a                HAL_PCD_ResetCallback
 *fill*         0x00000000080049be        0x2 
 .text.HAL_PCD_SuspendCallback
                0x00000000080049c0       0x20 ./USB_DEVICE/Target/usbd_conf.o
                0x00000000080049c0                HAL_PCD_SuspendCallback
 .text.HAL_PCD_ResumeCallback
                0x00000000080049e0       0x28 ./USB_DEVICE/Target/usbd_conf.o
                0x00000000080049e0                HAL_PCD_ResumeCallback
 .text.USBD_LL_Init
                0x0000000008004a08       0x78 ./USB_DEVICE/Target/usbd_conf.o
                0x0000000008004a08                USBD_LL_Init
 .text.USBD_LL_Start
                0x0000000008004a80       0x1c ./USB_DEVICE/Target/usbd_conf.o
                0x0000000008004a80                USBD_LL_Start
 .text.USBD_LL_OpenEP
                0x0000000008004a9c       0x20 ./USB_DEVICE/Target/usbd_conf.o
                0x0000000008004a9c                USBD_LL_OpenEP
 .text.USBD_LL_CloseEP
                0x0000000008004abc       0x1c ./USB_DEVICE/Target/usbd_conf.o
                0x0000000008004abc                USBD_LL_CloseEP
 .text.USBD_LL_StallEP
                0x0000000008004ad8       0x1c ./USB_DEVICE/Target/usbd_conf.o
                0x0000000008004ad8                USBD_LL_StallEP
 .text.USBD_LL_ClearStallEP
                0x0000000008004af4       0x1c ./USB_DEVICE/Target/usbd_conf.o
                0x0000000008004af4                USBD_LL_ClearStallEP
 .text.USBD_LL_IsStallEP
                0x0000000008004b10       0x26 ./USB_DEVICE/Target/usbd_conf.o
                0x0000000008004b10                USBD_LL_IsStallEP
 *fill*         0x0000000008004b36        0x2 
 .text.USBD_LL_SetUSBAddress
                0x0000000008004b38       0x1c ./USB_DEVICE/Target/usbd_conf.o
                0x0000000008004b38                USBD_LL_SetUSBAddress
 .text.USBD_LL_Transmit
                0x0000000008004b54       0x1c ./USB_DEVICE/Target/usbd_conf.o
                0x0000000008004b54                USBD_LL_Transmit
 .text.USBD_LL_PrepareReceive
                0x0000000008004b70       0x1c ./USB_DEVICE/Target/usbd_conf.o
                0x0000000008004b70                USBD_LL_PrepareReceive
 .text.HAL_PCDEx_LPM_Callback
                0x0000000008004b8c       0x48 ./USB_DEVICE/Target/usbd_conf.o
                0x0000000008004b8c                HAL_PCDEx_LPM_Callback
 .text.USBD_static_malloc
                0x0000000008004bd4        0x8 ./USB_DEVICE/Target/usbd_conf.o
                0x0000000008004bd4                USBD_static_malloc
 .text.USBD_static_free
                0x0000000008004bdc        0x2 ./USB_DEVICE/Target/usbd_conf.o
                0x0000000008004bdc                USBD_static_free
 .text.memset   0x0000000008004bde       0x10 C:/Program Files/STMicroelectronics/STM32Cube/STM32CubeIDE_1.14.1/STM32CubeIDE/plugins/com.st.stm32cube.ide.mcu.externaltools.gnu-tools-for-stm32.11.3.rel1.win32_1.1.100.202309141235/tools/bin/../lib/gcc/arm-none-eabi/11.3.1/../../../../arm-none-eabi/lib/thumb/v7e-m+fp/hard\libc_nano.a(libc_a-memset.o)
                0x0000000008004bde                memset
 *fill*         0x0000000008004bee        0x2 
 .text.__libc_init_array
                0x0000000008004bf0       0x48 C:/Program Files/STMicroelectronics/STM32Cube/STM32CubeIDE_1.14.1/STM32CubeIDE/plugins/com.st.stm32cube.ide.mcu.externaltools.gnu-tools-for-stm32.11.3.rel1.win32_1.1.100.202309141235/tools/bin/../lib/gcc/arm-none-eabi/11.3.1/../../../../arm-none-eabi/lib/thumb/v7e-m+fp/hard\libc_nano.a(libc_a-init.o)
                0x0000000008004bf0                __libc_init_array
 .text.strcpy   0x0000000008004c38       0x10 C:/Program Files/STMicroelectronics/STM32Cube/STM32CubeIDE_1.14.1/STM32CubeIDE/plugins/com.st.stm32cube.ide.mcu.externaltools.gnu-tools-for-stm32.11.3.rel1.win32_1.1.100.202309141235/tools/bin/../lib/gcc/arm-none-eabi/11.3.1/../../../../arm-none-eabi/lib/thumb/v7e-m+fp/hard\libc_nano.a(libc_a-strcpy.o)
                0x0000000008004c38                strcpy
 .text.memcpy   0x0000000008004c48       0x1c C:/Program Files/STMicroelectronics/STM32Cube/STM32CubeIDE_1.14.1/STM32CubeIDE/plugins/com.st.stm32cube.ide.mcu.externaltools.gnu-tools-for-stm32.11.3.rel1.win32_1.1.100.202309141235/tools/bin/../lib/gcc/arm-none-eabi/11.3.1/../../../../arm-none-eabi/lib/thumb/v7e-m+fp/hard\libc_nano.a(libc_a-memcpy-stub.o)
                0x0000000008004c48                memcpy
 *(.glue_7)
 .glue_7        0x0000000008004c64        0x0 linker stubs
 *(.glue_7t)
 .glue_7t       0x0000000008004c64        0x0 linker stubs
 *(.eh_frame)
 .eh_frame      0x0000000008004c64        0x0 C:/Program Files/STMicroelectronics/STM32Cube/STM32CubeIDE_1.14.1/STM32CubeIDE/plugins/com.st.stm32cube.ide.mcu.externaltools.gnu-tools-for-stm32.11.3.rel1.win32_1.1.100.202309141235/tools/bin/../lib/gcc/arm-none-eabi/11.3.1/thumb/v7e-m+fp/hard/crtbegin.o
 *(.init)
 .init          0x0000000008004c64        0x4 C:/Program Files/STMicroelectronics/STM32Cube/STM32CubeIDE_1.14.1/STM32CubeIDE/plugins/com.st.stm32cube.ide.mcu.externaltools.gnu-tools-for-stm32.11.3.rel1.win32_1.1.100.202309141235/tools/bin/../lib/gcc/arm-none-eabi/11.3.1/thumb/v7e-m+fp/hard/crti.o
                0x0000000008004c64                _init
 .init          0x0000000008004c68        0x8 C:/Program Files/STMicroelectronics/STM32Cube/STM32CubeIDE_1.14.1/STM32CubeIDE/plugins/com.st.stm32cube.ide.mcu.externaltools.gnu-tools-for-stm32.11.3.rel1.win32_1.1.100.202309141235/tools/bin/../lib/gcc/arm-none-eabi/11.3.1/thumb/v7e-m+fp/hard/crtn.o
 *(.fini)
 .fini          0x0000000008004c70        0x4 C:/Program Files/STMicroelectronics/STM32Cube/STM32CubeIDE_1.14.1/STM32CubeIDE/plugins/com.st.stm32cube.ide.mcu.externaltools.gnu-tools-for-stm32.11.3.rel1.win32_1.1.100.202309141235/tools/bin/../lib/gcc/arm-none-eabi/11.3.1/thumb/v7e-m+fp/hard/crti.o
                0x0000000008004c70                _fini
 .fini          0x0000000008004c74        0x8 C:/Program Files/STMicroelectronics/STM32Cube/STM32CubeIDE_1.14.1/STM32CubeIDE/plugins/com.st.stm32cube.ide.mcu.externaltools.gnu-tools-for-stm32.11.3.rel1.win32_1.1.100.202309141235/tools/bin/../lib/gcc/arm-none-eabi/11.3.1/thumb/v7e-m+fp/hard/crtn.o
                0x0000000008004c7c                . = ALIGN (0x4)
                0x0000000008004c7c                _etext = .

.vfp11_veneer   0x0000000008004c7c        0x0
 .vfp11_veneer  0x0000000008004c7c        0x0 linker stubs

.v4_bx          0x0000000008004c7c        0x0
 .v4_bx         0x0000000008004c7c        0x0 linker stubs

.iplt           0x0000000008004c7c        0x0
 .iplt          0x0000000008004c7c        0x0 C:/Program Files/STMicroelectronics/STM32Cube/STM32CubeIDE_1.14.1/STM32CubeIDE/plugins/com.st.stm32cube.ide.mcu.externaltools.gnu-tools-for-stm32.11.3.rel1.win32_1.1.100.202309141235/tools/bin/../lib/gcc/arm-none-eabi/11.3.1/thumb/v7e-m+fp/hard/crtbegin.o

.rodata         0x0000000008004c7c      0x174
                0x0000000008004c7c                . = ALIGN (0x4)
 *(.rodata)
 .rodata        0x0000000008004c7c       0x82 ./Core/Src/main.o
 *(.rodata*)
 .rodata.main.str1.1
                0x0000000008004cfe       0x4e ./Core/Src/main.o
 .rodata.AHBPrescTable
                0x0000000008004d4c       0x10 ./Core/Src/system_stm32l4xx.o
                0x0000000008004d4c                AHBPrescTable
 .rodata.APBPrescTable
                0x0000000008004d5c        0x8 ./Core/Src/system_stm32l4xx.o
                0x0000000008004d5c                APBPrescTable
 .rodata.MSIRangeTable
                0x0000000008004d64       0x30 ./Core/Src/system_stm32l4xx.o
                0x0000000008004d64                MSIRangeTable
 .rodata.CSWTCH.53
                0x0000000008004d94        0x3 ./Drivers/STM32L4xx_HAL_Driver/Src/stm32l4xx_hal_uart.o
 .rodata.CSWTCH.54
                0x0000000008004d97        0xd ./Drivers/STM32L4xx_HAL_Driver/Src/stm32l4xx_hal_uart.o
 .rodata.USBD_FS_ManufacturerStrDescriptor.str1.1
                0x0000000008004da4        0x4 ./USB_DEVICE/App/usbd_desc.o
 .rodata.USBD_FS_ProductStrDescriptor.str1.1
                0x0000000008004da8       0x1d ./USB_DEVICE/App/usbd_desc.o
 .rodata.USBD_FS_ConfigStrDescriptor.str1.1
                0x0000000008004dc5       0x12 ./USB_DEVICE/App/usbd_desc.o
 .rodata.USBD_FS_InterfaceStrDescriptor.str1.1
                0x0000000008004dd7       0x15 ./USB_DEVICE/App/usbd_desc.o
 .rodata.CSWTCH.18
                0x0000000008004dec        0x4 ./USB_DEVICE/Target/usbd_conf.o
                0x0000000008004df0                . = ALIGN (0x4)

.ARM.extab      0x0000000008004df0        0x0
                0x0000000008004df0                . = ALIGN (0x4)
 *(.ARM.extab* .gnu.linkonce.armextab.*)
                0x0000000008004df0                . = ALIGN (0x4)

.ARM            0x0000000008004df0        0x8
                0x0000000008004df0                . = ALIGN (0x4)
                0x0000000008004df0                __exidx_start = .
 *(.ARM.exidx*)
 .ARM.exidx     0x0000000008004df0        0x8 C:/Program Files/STMicroelectronics/STM32Cube/STM32CubeIDE_1.14.1/STM32CubeIDE/plugins/com.st.stm32cube.ide.mcu.externaltools.gnu-tools-for-stm32.11.3.rel1.win32_1.1.100.202309141235/tools/bin/../lib/gcc/arm-none-eabi/11.3.1/thumb/v7e-m+fp/hard\libgcc.a(_udivmoddi4.o)
                0x0000000008004df8                __exidx_end = .
                0x0000000008004df8                . = ALIGN (0x4)

.rel.dyn        0x0000000008004df8        0x0
 .rel.iplt      0x0000000008004df8        0x0 C:/Program Files/STMicroelectronics/STM32Cube/STM32CubeIDE_1.14.1/STM32CubeIDE/plugins/com.st.stm32cube.ide.mcu.externaltools.gnu-tools-for-stm32.11.3.rel1.win32_1.1.100.202309141235/tools/bin/../lib/gcc/arm-none-eabi/11.3.1/thumb/v7e-m+fp/hard/crtbegin.o

.preinit_array  0x0000000008004df8        0x0
                0x0000000008004df8                . = ALIGN (0x4)
                0x0000000008004df8                PROVIDE (__preinit_array_start = .)
 *(.preinit_array*)
                0x0000000008004df8                PROVIDE (__preinit_array_end = .)
                0x0000000008004df8                . = ALIGN (0x4)

.init_array     0x0000000008004df8        0x4
                0x0000000008004df8                . = ALIGN (0x4)
                0x0000000008004df8                PROVIDE (__init_array_start = .)
 *(SORT_BY_NAME(.init_array.*))
 *(.init_array*)
 .init_array    0x0000000008004df8        0x4 C:/Program Files/STMicroelectronics/STM32Cube/STM32CubeIDE_1.14.1/STM32CubeIDE/plugins/com.st.stm32cube.ide.mcu.externaltools.gnu-tools-for-stm32.11.3.rel1.win32_1.1.100.202309141235/tools/bin/../lib/gcc/arm-none-eabi/11.3.1/thumb/v7e-m+fp/hard/crtbegin.o
                0x0000000008004dfc                PROVIDE (__init_array_end = .)
                0x0000000008004dfc                . = ALIGN (0x4)

.fini_array     0x0000000008004dfc        0x4
                0x0000000008004dfc                . = ALIGN (0x4)
                [!provide]                        PROVIDE (__fini_array_start = .)
 *(SORT_BY_NAME(.fini_array.*))
 *(.fini_array*)
 .fini_array    0x0000000008004dfc        0x4 C:/Program Files/STMicroelectronics/STM32Cube/STM32CubeIDE_1.14.1/STM32CubeIDE/plugins/com.st.stm32cube.ide.mcu.externaltools.gnu-tools-for-stm32.11.3.rel1.win32_1.1.100.202309141235/tools/bin/../lib/gcc/arm-none-eabi/11.3.1/thumb/v7e-m+fp/hard/crtbegin.o
                [!provide]                        PROVIDE (__fini_array_end = .)
                0x0000000008004e00                . = ALIGN (0x4)
                0x0000000008004e00                _sidata = LOADADDR (.data)

.data           0x0000000020000000      0x144 load address 0x0000000008004e00
                0x0000000020000000                . = ALIGN (0x4)
                0x0000000020000000                _sdata = .
 *(.data)
 *(.data*)
 .data.SystemCoreClock
                0x0000000020000000        0x4 ./Core/Src/system_stm32l4xx.o
                0x0000000020000000                SystemCoreClock
 .data.uwTickFreq
                0x0000000020000004        0x1 ./Drivers/STM32L4xx_HAL_Driver/Src/stm32l4xx_hal.o
                0x0000000020000004                uwTickFreq
 *fill*         0x0000000020000005        0x3 
 .data.uwTickPrio
                0x0000000020000008        0x4 ./Drivers/STM32L4xx_HAL_Driver/Src/stm32l4xx_hal.o
                0x0000000020000008                uwTickPrio
 .data.USBD_CUSTOM_HID
                0x000000002000000c       0x38 ./Middlewares/ST/STM32_USB_Device_Library/Class/CustomHID/Src/usbd_customhid.o
                0x000000002000000c                USBD_CUSTOM_HID
 .data.USBD_CUSTOM_HID_CfgDesc
                0x0000000020000044       0x29 ./Middlewares/ST/STM32_USB_Device_Library/Class/CustomHID/Src/usbd_customhid.o
 *fill*         0x000000002000006d        0x3 
 .data.USBD_CUSTOM_HID_Desc
                0x0000000020000070        0x9 ./Middlewares/ST/STM32_USB_Device_Library/Class/CustomHID/Src/usbd_customhid.o
 *fill*         0x0000000020000079        0x3 
 .data.USBD_CUSTOM_HID_DeviceQualifierDesc
                0x000000002000007c        0xa ./Middlewares/ST/STM32_USB_Device_Library/Class/CustomHID/Src/usbd_customhid.o
 *fill*         0x0000000020000086        0x2 
 .data.CUSTOM_HID_ReportDesc_FS
                0x0000000020000088       0x49 ./USB_DEVICE/App/usbd_custom_hid_if.o
 *fill*         0x00000000200000d1        0x3 
 .data.USBD_CustomHID_fops_FS
                0x00000000200000d4       0x10 ./USB_DEVICE/App/usbd_custom_hid_if.o
                0x00000000200000d4                USBD_CustomHID_fops_FS
 .data.FS_Desc  0x00000000200000e4       0x20 ./USB_DEVICE/App/usbd_desc.o
                0x00000000200000e4                FS_Desc
 .data.USBD_FS_BOSDesc
                0x0000000020000104        0xc ./USB_DEVICE/App/usbd_desc.o
                0x0000000020000104                USBD_FS_BOSDesc
 .data.USBD_FS_DeviceDesc
                0x0000000020000110       0x12 ./USB_DEVICE/App/usbd_desc.o
                0x0000000020000110                USBD_FS_DeviceDesc
 *fill*         0x0000000020000122        0x2 
 .data.USBD_LangIDDesc
                0x0000000020000124        0x4 ./USB_DEVICE/App/usbd_desc.o
                0x0000000020000124                USBD_LangIDDesc
 .data.USBD_StringSerial
                0x0000000020000128       0x1a ./USB_DEVICE/App/usbd_desc.o
                0x0000000020000128                USBD_StringSerial
 *(.RamFunc)
 *(.RamFunc*)
                0x0000000020000144                . = ALIGN (0x4)
 *fill*         0x0000000020000142        0x2 
                0x0000000020000144                _edata = .

.igot.plt       0x0000000020000144        0x0 load address 0x0000000008004f44
 .igot.plt      0x0000000020000144        0x0 C:/Program Files/STMicroelectronics/STM32Cube/STM32CubeIDE_1.14.1/STM32CubeIDE/plugins/com.st.stm32cube.ide.mcu.externaltools.gnu-tools-for-stm32.11.3.rel1.win32_1.1.100.202309141235/tools/bin/../lib/gcc/arm-none-eabi/11.3.1/thumb/v7e-m+fp/hard/crtbegin.o
                0x0000000020000144                . = ALIGN (0x4)

.bss            0x0000000020000144      0x978 load address 0x0000000008004f44
                0x0000000020000144                _sbss = .
                0x0000000020000144                __bss_start__ = _sbss
 *(.bss)
 .bss           0x0000000020000144       0x1c C:/Program Files/STMicroelectronics/STM32Cube/STM32CubeIDE_1.14.1/STM32CubeIDE/plugins/com.st.stm32cube.ide.mcu.externaltools.gnu-tools-for-stm32.11.3.rel1.win32_1.1.100.202309141235/tools/bin/../lib/gcc/arm-none-eabi/11.3.1/thumb/v7e-m+fp/hard/crtbegin.o
 *(.bss*)
 .bss.InterruptCnt
                0x0000000020000160        0x4 ./Core/Src/main.o
                0x0000000020000160                InterruptCnt
 .bss.InterruptFlag
                0x0000000020000164        0x4 ./Core/Src/main.o
                0x0000000020000164                InterruptFlag
 .bss.NeedRollBack
                0x0000000020000168        0x4 ./Core/Src/main.o
                0x0000000020000168                NeedRollBack
 .bss.PrintCnt  0x000000002000016c        0x4 ./Core/Src/main.o
                0x000000002000016c                PrintCnt
 .bss.recv_buffer
                0x0000000020000170        0x1 ./Core/Src/main.o
                0x0000000020000170                recv_buffer
 .bss.sent_buffer
                0x0000000020000171        0xf ./Core/Src/main.o
                0x0000000020000171                sent_buffer
 .bss.hspi1     0x0000000020000180       0x64 ./Core/Src/spi.o
                0x0000000020000180                hspi1
 .bss.htim2     0x00000000200001e4       0x4c ./Core/Src/tim.o
                0x00000000200001e4                htim2
 .bss.huart2    0x0000000020000230       0x88 ./Core/Src/usart.o
                0x0000000020000230                huart2
 .bss.uwTick    0x00000000200002b8        0x4 ./Drivers/STM32L4xx_HAL_Driver/Src/stm32l4xx_hal.o
                0x00000000200002b8                uwTick
 .bss.cfgidx.0  0x00000000200002bc        0x1 ./Middlewares/ST/STM32_USB_Device_Library/Core/Src/usbd_ctlreq.o
 *fill*         0x00000000200002bd        0x3 
 .bss.hUsbDeviceFS
                0x00000000200002c0      0x2dc ./USB_DEVICE/App/usb_device.o
                0x00000000200002c0                hUsbDeviceFS
 .bss.USBD_StrDesc
                0x000000002000059c      0x200 ./USB_DEVICE/App/usbd_desc.o
                0x000000002000059c                USBD_StrDesc
 .bss.hpcd_USB_FS
                0x000000002000079c      0x2f8 ./USB_DEVICE/Target/usbd_conf.o
                0x000000002000079c                hpcd_USB_FS
 .bss.mem.0     0x0000000020000a94       0x28 ./USB_DEVICE/Target/usbd_conf.o
 *(COMMON)
                0x0000000020000abc                . = ALIGN (0x4)
                0x0000000020000abc                _ebss = .
                0x0000000020000abc                __bss_end__ = _ebss

._user_heap_stack
                0x0000000020000abc     0x1604 load address 0x0000000008004f44
                0x0000000020000ac0                . = ALIGN (0x8)
 *fill*         0x0000000020000abc        0x4 
                [!provide]                        PROVIDE (end = .)
                0x0000000020000ac0                PROVIDE (_end = .)
                0x0000000020001cc0                . = (. + _Min_Heap_Size)
 *fill*         0x0000000020000ac0     0x1200 
                0x00000000200020c0                . = (. + _Min_Stack_Size)
 *fill*         0x0000000020001cc0      0x400 
                0x00000000200020c0                . = ALIGN (0x8)

/DISCARD/
 libc.a(*)
 libm.a(*)
 libgcc.a(*)

.ARM.attributes
                0x0000000000000000       0x30
 *(.ARM.attributes)
 .ARM.attributes
                0x0000000000000000       0x1e C:/Program Files/STMicroelectronics/STM32Cube/STM32CubeIDE_1.14.1/STM32CubeIDE/plugins/com.st.stm32cube.ide.mcu.externaltools.gnu-tools-for-stm32.11.3.rel1.win32_1.1.100.202309141235/tools/bin/../lib/gcc/arm-none-eabi/11.3.1/thumb/v7e-m+fp/hard/crti.o
 .ARM.attributes
                0x000000000000001e       0x34 C:/Program Files/STMicroelectronics/STM32Cube/STM32CubeIDE_1.14.1/STM32CubeIDE/plugins/com.st.stm32cube.ide.mcu.externaltools.gnu-tools-for-stm32.11.3.rel1.win32_1.1.100.202309141235/tools/bin/../lib/gcc/arm-none-eabi/11.3.1/thumb/v7e-m+fp/hard/crtbegin.o
 .ARM.attributes
                0x0000000000000052       0x34 ./Core/Src/gpio.o
 .ARM.attributes
                0x0000000000000086       0x34 ./Core/Src/main.o
 .ARM.attributes
                0x00000000000000ba       0x34 ./Core/Src/spi.o
 .ARM.attributes
                0x00000000000000ee       0x34 ./Core/Src/stm32l4xx_hal_msp.o
 .ARM.attributes
                0x0000000000000122       0x34 ./Core/Src/stm32l4xx_it.o
 .ARM.attributes
                0x0000000000000156       0x34 ./Core/Src/system_stm32l4xx.o
 .ARM.attributes
                0x000000000000018a       0x34 ./Core/Src/tim.o
 .ARM.attributes
                0x00000000000001be       0x34 ./Core/Src/usart.o
 .ARM.attributes
                0x00000000000001f2       0x21 ./Core/Startup/startup_stm32l432kcux.o
 .ARM.attributes
                0x0000000000000213       0x34 ./Drivers/STM32L4xx_HAL_Driver/Src/stm32l4xx_hal.o
 .ARM.attributes
                0x0000000000000247       0x34 ./Drivers/STM32L4xx_HAL_Driver/Src/stm32l4xx_hal_cortex.o
 .ARM.attributes
                0x000000000000027b       0x34 ./Drivers/STM32L4xx_HAL_Driver/Src/stm32l4xx_hal_gpio.o
 .ARM.attributes
                0x00000000000002af       0x34 ./Drivers/STM32L4xx_HAL_Driver/Src/stm32l4xx_hal_pcd.o
 .ARM.attributes
                0x00000000000002e3       0x34 ./Drivers/STM32L4xx_HAL_Driver/Src/stm32l4xx_hal_pcd_ex.o
 .ARM.attributes
                0x0000000000000317       0x34 ./Drivers/STM32L4xx_HAL_Driver/Src/stm32l4xx_hal_pwr.o
 .ARM.attributes
                0x000000000000034b       0x34 ./Drivers/STM32L4xx_HAL_Driver/Src/stm32l4xx_hal_pwr_ex.o
 .ARM.attributes
                0x000000000000037f       0x34 ./Drivers/STM32L4xx_HAL_Driver/Src/stm32l4xx_hal_rcc.o
 .ARM.attributes
                0x00000000000003b3       0x34 ./Drivers/STM32L4xx_HAL_Driver/Src/stm32l4xx_hal_rcc_ex.o
 .ARM.attributes
                0x00000000000003e7       0x34 ./Drivers/STM32L4xx_HAL_Driver/Src/stm32l4xx_hal_spi.o
 .ARM.attributes
                0x000000000000041b       0x34 ./Drivers/STM32L4xx_HAL_Driver/Src/stm32l4xx_hal_tim.o
 .ARM.attributes
                0x000000000000044f       0x34 ./Drivers/STM32L4xx_HAL_Driver/Src/stm32l4xx_hal_tim_ex.o
 .ARM.attributes
                0x0000000000000483       0x34 ./Drivers/STM32L4xx_HAL_Driver/Src/stm32l4xx_hal_uart.o
 .ARM.attributes
                0x00000000000004b7       0x34 ./Drivers/STM32L4xx_HAL_Driver/Src/stm32l4xx_ll_usb.o
 .ARM.attributes
                0x00000000000004eb       0x34 ./Middlewares/ST/STM32_USB_Device_Library/Class/CustomHID/Src/usbd_customhid.o
 .ARM.attributes
                0x000000000000051f       0x34 ./Middlewares/ST/STM32_USB_Device_Library/Core/Src/usbd_core.o
 .ARM.attributes
                0x0000000000000553       0x34 ./Middlewares/ST/STM32_USB_Device_Library/Core/Src/usbd_ctlreq.o
 .ARM.attributes
                0x0000000000000587       0x34 ./Middlewares/ST/STM32_USB_Device_Library/Core/Src/usbd_ioreq.o
 .ARM.attributes
                0x00000000000005bb       0x34 ./USB_DEVICE/App/usb_device.o
 .ARM.attributes
                0x00000000000005ef       0x34 ./USB_DEVICE/App/usbd_custom_hid_if.o
 .ARM.attributes
                0x0000000000000623       0x34 ./USB_DEVICE/App/usbd_desc.o
 .ARM.attributes
                0x0000000000000657       0x34 ./USB_DEVICE/Target/usbd_conf.o
 .ARM.attributes
                0x000000000000068b       0x34 C:/Program Files/STMicroelectronics/STM32Cube/STM32CubeIDE_1.14.1/STM32CubeIDE/plugins/com.st.stm32cube.ide.mcu.externaltools.gnu-tools-for-stm32.11.3.rel1.win32_1.1.100.202309141235/tools/bin/../lib/gcc/arm-none-eabi/11.3.1/../../../../arm-none-eabi/lib/thumb/v7e-m+fp/hard\libc_nano.a(libc_a-memset.o)
 .ARM.attributes
                0x00000000000006bf       0x34 C:/Program Files/STMicroelectronics/STM32Cube/STM32CubeIDE_1.14.1/STM32CubeIDE/plugins/com.st.stm32cube.ide.mcu.externaltools.gnu-tools-for-stm32.11.3.rel1.win32_1.1.100.202309141235/tools/bin/../lib/gcc/arm-none-eabi/11.3.1/../../../../arm-none-eabi/lib/thumb/v7e-m+fp/hard\libc_nano.a(libc_a-init.o)
 .ARM.attributes
                0x00000000000006f3       0x34 C:/Program Files/STMicroelectronics/STM32Cube/STM32CubeIDE_1.14.1/STM32CubeIDE/plugins/com.st.stm32cube.ide.mcu.externaltools.gnu-tools-for-stm32.11.3.rel1.win32_1.1.100.202309141235/tools/bin/../lib/gcc/arm-none-eabi/11.3.1/../../../../arm-none-eabi/lib/thumb/v7e-m+fp/hard\libc_nano.a(libc_a-strcpy.o)
 .ARM.attributes
                0x0000000000000727       0x34 C:/Program Files/STMicroelectronics/STM32Cube/STM32CubeIDE_1.14.1/STM32CubeIDE/plugins/com.st.stm32cube.ide.mcu.externaltools.gnu-tools-for-stm32.11.3.rel1.win32_1.1.100.202309141235/tools/bin/../lib/gcc/arm-none-eabi/11.3.1/../../../../arm-none-eabi/lib/thumb/v7e-m+fp/hard\libc_nano.a(libc_a-memcpy-stub.o)
 .ARM.attributes
                0x000000000000075b       0x17 C:/Program Files/STMicroelectronics/STM32Cube/STM32CubeIDE_1.14.1/STM32CubeIDE/plugins/com.st.stm32cube.ide.mcu.externaltools.gnu-tools-for-stm32.11.3.rel1.win32_1.1.100.202309141235/tools/bin/../lib/gcc/arm-none-eabi/11.3.1/../../../../arm-none-eabi/lib/thumb/v7e-m+fp/hard\libc_nano.a(libc_a-strlen.o)
 .ARM.attributes
                0x0000000000000772       0x1e C:/Program Files/STMicroelectronics/STM32Cube/STM32CubeIDE_1.14.1/STM32CubeIDE/plugins/com.st.stm32cube.ide.mcu.externaltools.gnu-tools-for-stm32.11.3.rel1.win32_1.1.100.202309141235/tools/bin/../lib/gcc/arm-none-eabi/11.3.1/thumb/v7e-m+fp/hard\libgcc.a(_aeabi_uldivmod.o)
 .ARM.attributes
                0x0000000000000790       0x34 C:/Program Files/STMicroelectronics/STM32Cube/STM32CubeIDE_1.14.1/STM32CubeIDE/plugins/com.st.stm32cube.ide.mcu.externaltools.gnu-tools-for-stm32.11.3.rel1.win32_1.1.100.202309141235/tools/bin/../lib/gcc/arm-none-eabi/11.3.1/thumb/v7e-m+fp/hard\libgcc.a(_udivmoddi4.o)
 .ARM.attributes
                0x00000000000007c4       0x1e C:/Program Files/STMicroelectronics/STM32Cube/STM32CubeIDE_1.14.1/STM32CubeIDE/plugins/com.st.stm32cube.ide.mcu.externaltools.gnu-tools-for-stm32.11.3.rel1.win32_1.1.100.202309141235/tools/bin/../lib/gcc/arm-none-eabi/11.3.1/thumb/v7e-m+fp/hard\libgcc.a(_dvmd_tls.o)
 .ARM.attributes
                0x00000000000007e2       0x1e C:/Program Files/STMicroelectronics/STM32Cube/STM32CubeIDE_1.14.1/STM32CubeIDE/plugins/com.st.stm32cube.ide.mcu.externaltools.gnu-tools-for-stm32.11.3.rel1.win32_1.1.100.202309141235/tools/bin/../lib/gcc/arm-none-eabi/11.3.1/thumb/v7e-m+fp/hard/crtn.o
OUTPUT(KeyBoard_Final.elf elf32-littlearm)
LOAD linker stubs
LOAD C:/Program Files/STMicroelectronics/STM32Cube/STM32CubeIDE_1.14.1/STM32CubeIDE/plugins/com.st.stm32cube.ide.mcu.externaltools.gnu-tools-for-stm32.11.3.rel1.win32_1.1.100.202309141235/tools/bin/../lib/gcc/arm-none-eabi/11.3.1/../../../../arm-none-eabi/lib/thumb/v7e-m+fp/hard\libc.a
LOAD C:/Program Files/STMicroelectronics/STM32Cube/STM32CubeIDE_1.14.1/STM32CubeIDE/plugins/com.st.stm32cube.ide.mcu.externaltools.gnu-tools-for-stm32.11.3.rel1.win32_1.1.100.202309141235/tools/bin/../lib/gcc/arm-none-eabi/11.3.1/../../../../arm-none-eabi/lib/thumb/v7e-m+fp/hard\libm.a
LOAD C:/Program Files/STMicroelectronics/STM32Cube/STM32CubeIDE_1.14.1/STM32CubeIDE/plugins/com.st.stm32cube.ide.mcu.externaltools.gnu-tools-for-stm32.11.3.rel1.win32_1.1.100.202309141235/tools/bin/../lib/gcc/arm-none-eabi/11.3.1/thumb/v7e-m+fp/hard\libgcc.a

.comment        0x0000000000000000       0x43
 .comment       0x0000000000000000       0x43 C:/Program Files/STMicroelectronics/STM32Cube/STM32CubeIDE_1.14.1/STM32CubeIDE/plugins/com.st.stm32cube.ide.mcu.externaltools.gnu-tools-for-stm32.11.3.rel1.win32_1.1.100.202309141235/tools/bin/../lib/gcc/arm-none-eabi/11.3.1/thumb/v7e-m+fp/hard/crtbegin.o
                                         0x44 (size before relaxing)
 .comment       0x0000000000000043       0x44 ./Core/Src/gpio.o
 .comment       0x0000000000000043       0x44 ./Core/Src/main.o
 .comment       0x0000000000000043       0x44 ./Core/Src/spi.o
 .comment       0x0000000000000043       0x44 ./Core/Src/stm32l4xx_hal_msp.o
 .comment       0x0000000000000043       0x44 ./Core/Src/stm32l4xx_it.o
 .comment       0x0000000000000043       0x44 ./Core/Src/system_stm32l4xx.o
 .comment       0x0000000000000043       0x44 ./Core/Src/tim.o
 .comment       0x0000000000000043       0x44 ./Core/Src/usart.o
 .comment       0x0000000000000043       0x44 ./Drivers/STM32L4xx_HAL_Driver/Src/stm32l4xx_hal.o
 .comment       0x0000000000000043       0x44 ./Drivers/STM32L4xx_HAL_Driver/Src/stm32l4xx_hal_cortex.o
 .comment       0x0000000000000043       0x44 ./Drivers/STM32L4xx_HAL_Driver/Src/stm32l4xx_hal_gpio.o
 .comment       0x0000000000000043       0x44 ./Drivers/STM32L4xx_HAL_Driver/Src/stm32l4xx_hal_pcd.o
 .comment       0x0000000000000043       0x44 ./Drivers/STM32L4xx_HAL_Driver/Src/stm32l4xx_hal_pcd_ex.o
 .comment       0x0000000000000043       0x44 ./Drivers/STM32L4xx_HAL_Driver/Src/stm32l4xx_hal_pwr.o
 .comment       0x0000000000000043       0x44 ./Drivers/STM32L4xx_HAL_Driver/Src/stm32l4xx_hal_pwr_ex.o
 .comment       0x0000000000000043       0x44 ./Drivers/STM32L4xx_HAL_Driver/Src/stm32l4xx_hal_rcc.o
 .comment       0x0000000000000043       0x44 ./Drivers/STM32L4xx_HAL_Driver/Src/stm32l4xx_hal_rcc_ex.o
 .comment       0x0000000000000043       0x44 ./Drivers/STM32L4xx_HAL_Driver/Src/stm32l4xx_hal_spi.o
 .comment       0x0000000000000043       0x44 ./Drivers/STM32L4xx_HAL_Driver/Src/stm32l4xx_hal_tim.o
 .comment       0x0000000000000043       0x44 ./Drivers/STM32L4xx_HAL_Driver/Src/stm32l4xx_hal_tim_ex.o
 .comment       0x0000000000000043       0x44 ./Drivers/STM32L4xx_HAL_Driver/Src/stm32l4xx_hal_uart.o
 .comment       0x0000000000000043       0x44 ./Drivers/STM32L4xx_HAL_Driver/Src/stm32l4xx_ll_usb.o
 .comment       0x0000000000000043       0x44 ./Middlewares/ST/STM32_USB_Device_Library/Class/CustomHID/Src/usbd_customhid.o
 .comment       0x0000000000000043       0x44 ./Middlewares/ST/STM32_USB_Device_Library/Core/Src/usbd_core.o
 .comment       0x0000000000000043       0x44 ./Middlewares/ST/STM32_USB_Device_Library/Core/Src/usbd_ctlreq.o
 .comment       0x0000000000000043       0x44 ./Middlewares/ST/STM32_USB_Device_Library/Core/Src/usbd_ioreq.o
 .comment       0x0000000000000043       0x44 ./USB_DEVICE/App/usb_device.o
 .comment       0x0000000000000043       0x44 ./USB_DEVICE/App/usbd_custom_hid_if.o
 .comment       0x0000000000000043       0x44 ./USB_DEVICE/App/usbd_desc.o
 .comment       0x0000000000000043       0x44 ./USB_DEVICE/Target/usbd_conf.o

.debug_info     0x0000000000000000    0x228a1
 .debug_info    0x0000000000000000      0x4db ./Core/Src/gpio.o
 .debug_info    0x00000000000004db     0x1885 ./Core/Src/main.o
 .debug_info    0x0000000000001d60      0x9ff ./Core/Src/spi.o
 .debug_info    0x000000000000275f      0x2c1 ./Core/Src/stm32l4xx_hal_msp.o
 .debug_info    0x0000000000002a20      0xc45 ./Core/Src/stm32l4xx_it.o
 .debug_info    0x0000000000003665      0x5dd ./Core/Src/system_stm32l4xx.o
 .debug_info    0x0000000000003c42      0xd0c ./Core/Src/tim.o
 .debug_info    0x000000000000494e      0xd35 ./Core/Src/usart.o
 .debug_info    0x0000000000005683       0x23 ./Core/Startup/startup_stm32l432kcux.o
 .debug_info    0x00000000000056a6      0xa92 ./Drivers/STM32L4xx_HAL_Driver/Src/stm32l4xx_hal.o
 .debug_info    0x0000000000006138      0xefd ./Drivers/STM32L4xx_HAL_Driver/Src/stm32l4xx_hal_cortex.o
 .debug_info    0x0000000000007035      0x789 ./Drivers/STM32L4xx_HAL_Driver/Src/stm32l4xx_hal_gpio.o
 .debug_info    0x00000000000077be     0x1d60 ./Drivers/STM32L4xx_HAL_Driver/Src/stm32l4xx_hal_pcd.o
 .debug_info    0x000000000000951e      0x93d ./Drivers/STM32L4xx_HAL_Driver/Src/stm32l4xx_hal_pcd_ex.o
 .debug_info    0x0000000000009e5b      0x973 ./Drivers/STM32L4xx_HAL_Driver/Src/stm32l4xx_hal_pwr.o
 .debug_info    0x000000000000a7ce      0xa19 ./Drivers/STM32L4xx_HAL_Driver/Src/stm32l4xx_hal_pwr_ex.o
 .debug_info    0x000000000000b1e7      0xe77 ./Drivers/STM32L4xx_HAL_Driver/Src/stm32l4xx_hal_rcc.o
 .debug_info    0x000000000000c05e     0x1145 ./Drivers/STM32L4xx_HAL_Driver/Src/stm32l4xx_hal_rcc_ex.o
 .debug_info    0x000000000000d1a3     0x2171 ./Drivers/STM32L4xx_HAL_Driver/Src/stm32l4xx_hal_spi.o
 .debug_info    0x000000000000f314     0x4269 ./Drivers/STM32L4xx_HAL_Driver/Src/stm32l4xx_hal_tim.o
 .debug_info    0x000000000001357d     0x1af2 ./Drivers/STM32L4xx_HAL_Driver/Src/stm32l4xx_hal_tim_ex.o
 .debug_info    0x000000000001506f     0x5008 ./Drivers/STM32L4xx_HAL_Driver/Src/stm32l4xx_hal_uart.o
 .debug_info    0x000000000001a077     0x1997 ./Drivers/STM32L4xx_HAL_Driver/Src/stm32l4xx_ll_usb.o
 .debug_info    0x000000000001ba0e      0xe3f ./Middlewares/ST/STM32_USB_Device_Library/Class/CustomHID/Src/usbd_customhid.o
 .debug_info    0x000000000001c84d     0x11d4 ./Middlewares/ST/STM32_USB_Device_Library/Core/Src/usbd_core.o
 .debug_info    0x000000000001da21     0x100f ./Middlewares/ST/STM32_USB_Device_Library/Core/Src/usbd_ctlreq.o
 .debug_info    0x000000000001ea30      0x893 ./Middlewares/ST/STM32_USB_Device_Library/Core/Src/usbd_ioreq.o
 .debug_info    0x000000000001f2c3      0x757 ./USB_DEVICE/App/usb_device.o
 .debug_info    0x000000000001fa1a      0x6d6 ./USB_DEVICE/App/usbd_custom_hid_if.o
 .debug_info    0x00000000000200f0      0x69d ./USB_DEVICE/App/usbd_desc.o
 .debug_info    0x000000000002078d     0x2114 ./USB_DEVICE/Target/usbd_conf.o

.debug_abbrev   0x0000000000000000     0x501c
 .debug_abbrev  0x0000000000000000      0x182 ./Core/Src/gpio.o
 .debug_abbrev  0x0000000000000182      0x451 ./Core/Src/main.o
 .debug_abbrev  0x00000000000005d3      0x223 ./Core/Src/spi.o
 .debug_abbrev  0x00000000000007f6       0xc4 ./Core/Src/stm32l4xx_hal_msp.o
 .debug_abbrev  0x00000000000008ba      0x20a ./Core/Src/stm32l4xx_it.o
 .debug_abbrev  0x0000000000000ac4      0x120 ./Core/Src/system_stm32l4xx.o
 .debug_abbrev  0x0000000000000be4      0x21b ./Core/Src/tim.o
 .debug_abbrev  0x0000000000000dff      0x225 ./Core/Src/usart.o
 .debug_abbrev  0x0000000000001024       0x12 ./Core/Startup/startup_stm32l432kcux.o
 .debug_abbrev  0x0000000000001036      0x2c8 ./Drivers/STM32L4xx_HAL_Driver/Src/stm32l4xx_hal.o
 .debug_abbrev  0x00000000000012fe      0x391 ./Drivers/STM32L4xx_HAL_Driver/Src/stm32l4xx_hal_cortex.o
 .debug_abbrev  0x000000000000168f      0x1f9 ./Drivers/STM32L4xx_HAL_Driver/Src/stm32l4xx_hal_gpio.o
 .debug_abbrev  0x0000000000001888      0x415 ./Drivers/STM32L4xx_HAL_Driver/Src/stm32l4xx_hal_pcd.o
 .debug_abbrev  0x0000000000001c9d      0x25a ./Drivers/STM32L4xx_HAL_Driver/Src/stm32l4xx_hal_pcd_ex.o
 .debug_abbrev  0x0000000000001ef7      0x1cf ./Drivers/STM32L4xx_HAL_Driver/Src/stm32l4xx_hal_pwr.o
 .debug_abbrev  0x00000000000020c6      0x2ab ./Drivers/STM32L4xx_HAL_Driver/Src/stm32l4xx_hal_pwr_ex.o
 .debug_abbrev  0x0000000000002371      0x2bf ./Drivers/STM32L4xx_HAL_Driver/Src/stm32l4xx_hal_rcc.o
 .debug_abbrev  0x0000000000002630      0x36a ./Drivers/STM32L4xx_HAL_Driver/Src/stm32l4xx_hal_rcc_ex.o
 .debug_abbrev  0x000000000000299a      0x38d ./Drivers/STM32L4xx_HAL_Driver/Src/stm32l4xx_hal_spi.o
 .debug_abbrev  0x0000000000002d27      0x392 ./Drivers/STM32L4xx_HAL_Driver/Src/stm32l4xx_hal_tim.o
 .debug_abbrev  0x00000000000030b9      0x2eb ./Drivers/STM32L4xx_HAL_Driver/Src/stm32l4xx_hal_tim_ex.o
 .debug_abbrev  0x00000000000033a4      0x3cc ./Drivers/STM32L4xx_HAL_Driver/Src/stm32l4xx_hal_uart.o
 .debug_abbrev  0x0000000000003770      0x29e ./Drivers/STM32L4xx_HAL_Driver/Src/stm32l4xx_ll_usb.o
 .debug_abbrev  0x0000000000003a0e      0x355 ./Middlewares/ST/STM32_USB_Device_Library/Class/CustomHID/Src/usbd_customhid.o
 .debug_abbrev  0x0000000000003d63      0x3ba ./Middlewares/ST/STM32_USB_Device_Library/Core/Src/usbd_core.o
 .debug_abbrev  0x000000000000411d      0x3b0 ./Middlewares/ST/STM32_USB_Device_Library/Core/Src/usbd_ctlreq.o
 .debug_abbrev  0x00000000000044cd      0x1be ./Middlewares/ST/STM32_USB_Device_Library/Core/Src/usbd_ioreq.o
 .debug_abbrev  0x000000000000468b      0x1bd ./USB_DEVICE/App/usb_device.o
 .debug_abbrev  0x0000000000004848      0x1e4 ./USB_DEVICE/App/usbd_custom_hid_if.o
 .debug_abbrev  0x0000000000004a2c      0x264 ./USB_DEVICE/App/usbd_desc.o
 .debug_abbrev  0x0000000000004c90      0x38c ./USB_DEVICE/Target/usbd_conf.o

.debug_aranges  0x0000000000000000     0x13e0
 .debug_aranges
                0x0000000000000000       0x20 ./Core/Src/gpio.o
 .debug_aranges
                0x0000000000000020       0x88 ./Core/Src/main.o
 .debug_aranges
                0x00000000000000a8       0x30 ./Core/Src/spi.o
 .debug_aranges
                0x00000000000000d8       0x20 ./Core/Src/stm32l4xx_hal_msp.o
 .debug_aranges
                0x00000000000000f8       0x60 ./Core/Src/stm32l4xx_it.o
 .debug_aranges
                0x0000000000000158       0x28 ./Core/Src/system_stm32l4xx.o
 .debug_aranges
                0x0000000000000180       0x30 ./Core/Src/tim.o
 .debug_aranges
                0x00000000000001b0       0x30 ./Core/Src/usart.o
 .debug_aranges
                0x00000000000001e0       0x28 ./Core/Startup/startup_stm32l432kcux.o
 .debug_aranges
                0x0000000000000208      0x100 ./Drivers/STM32L4xx_HAL_Driver/Src/stm32l4xx_hal.o
 .debug_aranges
                0x0000000000000308       0xa8 ./Drivers/STM32L4xx_HAL_Driver/Src/stm32l4xx_hal_cortex.o
 .debug_aranges
                0x00000000000003b0       0x58 ./Drivers/STM32L4xx_HAL_Driver/Src/stm32l4xx_hal_gpio.o
 .debug_aranges
                0x0000000000000408       0xc8 ./Drivers/STM32L4xx_HAL_Driver/Src/stm32l4xx_hal_pcd.o
 .debug_aranges
                0x00000000000004d0       0x50 ./Drivers/STM32L4xx_HAL_Driver/Src/stm32l4xx_hal_pcd_ex.o
 .debug_aranges
                0x0000000000000520       0x98 ./Drivers/STM32L4xx_HAL_Driver/Src/stm32l4xx_hal_pwr.o
 .debug_aranges
                0x00000000000005b8      0x118 ./Drivers/STM32L4xx_HAL_Driver/Src/stm32l4xx_hal_pwr_ex.o
 .debug_aranges
                0x00000000000006d0       0x90 ./Drivers/STM32L4xx_HAL_Driver/Src/stm32l4xx_hal_rcc.o
 .debug_aranges
                0x0000000000000760       0xd0 ./Drivers/STM32L4xx_HAL_Driver/Src/stm32l4xx_hal_rcc_ex.o
 .debug_aranges
                0x0000000000000830      0x190 ./Drivers/STM32L4xx_HAL_Driver/Src/stm32l4xx_hal_spi.o
 .debug_aranges
                0x00000000000009c0      0x2a8 ./Drivers/STM32L4xx_HAL_Driver/Src/stm32l4xx_hal_tim.o
 .debug_aranges
                0x0000000000000c68      0x128 ./Drivers/STM32L4xx_HAL_Driver/Src/stm32l4xx_hal_tim_ex.o
 .debug_aranges
                0x0000000000000d90      0x1d8 ./Drivers/STM32L4xx_HAL_Driver/Src/stm32l4xx_hal_uart.o
 .debug_aranges
                0x0000000000000f68       0xe8 ./Drivers/STM32L4xx_HAL_Driver/Src/stm32l4xx_ll_usb.o
 .debug_aranges
                0x0000000000001050       0x70 ./Middlewares/ST/STM32_USB_Device_Library/Class/CustomHID/Src/usbd_customhid.o
 .debug_aranges
                0x00000000000010c0       0xc8 ./Middlewares/ST/STM32_USB_Device_Library/Core/Src/usbd_core.o
 .debug_aranges
                0x0000000000001188       0x50 ./Middlewares/ST/STM32_USB_Device_Library/Core/Src/usbd_ctlreq.o
 .debug_aranges
                0x00000000000011d8       0x50 ./Middlewares/ST/STM32_USB_Device_Library/Core/Src/usbd_ioreq.o
 .debug_aranges
                0x0000000000001228       0x20 ./USB_DEVICE/App/usb_device.o
 .debug_aranges
                0x0000000000001248       0x28 ./USB_DEVICE/App/usbd_custom_hid_if.o
 .debug_aranges
                0x0000000000001270       0x60 ./USB_DEVICE/App/usbd_desc.o
 .debug_aranges
                0x00000000000012d0      0x110 ./USB_DEVICE/Target/usbd_conf.o

.debug_rnglists
                0x0000000000000000     0x1469
 .debug_rnglists
                0x0000000000000000       0x2c ./Core/Src/gpio.o
 .debug_rnglists
                0x000000000000002c       0x7b ./Core/Src/main.o
 .debug_rnglists
                0x00000000000000a7       0x2b ./Core/Src/spi.o
 .debug_rnglists
                0x00000000000000d2       0x1f ./Core/Src/stm32l4xx_hal_msp.o
 .debug_rnglists
                0x00000000000000f1       0x43 ./Core/Src/stm32l4xx_it.o
 .debug_rnglists
                0x0000000000000134       0x1a ./Core/Src/system_stm32l4xx.o
 .debug_rnglists
                0x000000000000014e       0x31 ./Core/Src/tim.o
 .debug_rnglists
                0x000000000000017f       0x20 ./Core/Src/usart.o
 .debug_rnglists
                0x000000000000019f       0x19 ./Core/Startup/startup_stm32l432kcux.o
 .debug_rnglists
                0x00000000000001b8       0xbb ./Drivers/STM32L4xx_HAL_Driver/Src/stm32l4xx_hal.o
 .debug_rnglists
                0x0000000000000273       0xd0 ./Drivers/STM32L4xx_HAL_Driver/Src/stm32l4xx_hal_cortex.o
 .debug_rnglists
                0x0000000000000343       0x52 ./Drivers/STM32L4xx_HAL_Driver/Src/stm32l4xx_hal_gpio.o
 .debug_rnglists
                0x0000000000000395      0x17f ./Drivers/STM32L4xx_HAL_Driver/Src/stm32l4xx_hal_pcd.o
 .debug_rnglists
                0x0000000000000514       0x38 ./Drivers/STM32L4xx_HAL_Driver/Src/stm32l4xx_hal_pcd_ex.o
 .debug_rnglists
                0x000000000000054c       0x6d ./Drivers/STM32L4xx_HAL_Driver/Src/stm32l4xx_hal_pwr.o
 .debug_rnglists
                0x00000000000005b9       0xce ./Drivers/STM32L4xx_HAL_Driver/Src/stm32l4xx_hal_pwr_ex.o
 .debug_rnglists
                0x0000000000000687       0x7c ./Drivers/STM32L4xx_HAL_Driver/Src/stm32l4xx_hal_rcc.o
 .debug_rnglists
                0x0000000000000703       0xd3 ./Drivers/STM32L4xx_HAL_Driver/Src/stm32l4xx_hal_rcc_ex.o
 .debug_rnglists
                0x00000000000007d6      0x196 ./Drivers/STM32L4xx_HAL_Driver/Src/stm32l4xx_hal_spi.o
 .debug_rnglists
                0x000000000000096c      0x2a9 ./Drivers/STM32L4xx_HAL_Driver/Src/stm32l4xx_hal_tim.o
 .debug_rnglists
                0x0000000000000c15       0xe3 ./Drivers/STM32L4xx_HAL_Driver/Src/stm32l4xx_hal_tim_ex.o
 .debug_rnglists
                0x0000000000000cf8      0x17c ./Drivers/STM32L4xx_HAL_Driver/Src/stm32l4xx_hal_uart.o
 .debug_rnglists
                0x0000000000000e74      0x2c4 ./Drivers/STM32L4xx_HAL_Driver/Src/stm32l4xx_ll_usb.o
 .debug_rnglists
                0x0000000000001138       0x50 ./Middlewares/ST/STM32_USB_Device_Library/Class/CustomHID/Src/usbd_customhid.o
 .debug_rnglists
                0x0000000000001188       0x9e ./Middlewares/ST/STM32_USB_Device_Library/Core/Src/usbd_core.o
 .debug_rnglists
                0x0000000000001226       0xa3 ./Middlewares/ST/STM32_USB_Device_Library/Core/Src/usbd_ctlreq.o
 .debug_rnglists
                0x00000000000012c9       0x37 ./Middlewares/ST/STM32_USB_Device_Library/Core/Src/usbd_ioreq.o
 .debug_rnglists
                0x0000000000001300       0x13 ./USB_DEVICE/App/usb_device.o
 .debug_rnglists
                0x0000000000001313       0x19 ./USB_DEVICE/App/usbd_custom_hid_if.o
 .debug_rnglists
                0x000000000000132c       0x67 ./USB_DEVICE/App/usbd_desc.o
 .debug_rnglists
                0x0000000000001393       0xd6 ./USB_DEVICE/Target/usbd_conf.o

.debug_macro    0x0000000000000000    0x24746
 .debug_macro   0x0000000000000000      0x212 ./Core/Src/gpio.o
 .debug_macro   0x0000000000000212      0xaae ./Core/Src/gpio.o
 .debug_macro   0x0000000000000cc0      0x1b3 ./Core/Src/gpio.o
 .debug_macro   0x0000000000000e73       0x2e ./Core/Src/gpio.o
 .debug_macro   0x0000000000000ea1       0x28 ./Core/Src/gpio.o
 .debug_macro   0x0000000000000ec9       0x22 ./Core/Src/gpio.o
 .debug_macro   0x0000000000000eeb       0x8e ./Core/Src/gpio.o
 .debug_macro   0x0000000000000f79       0x51 ./Core/Src/gpio.o
 .debug_macro   0x0000000000000fca      0x103 ./Core/Src/gpio.o
 .debug_macro   0x00000000000010cd       0x6a ./Core/Src/gpio.o
 .debug_macro   0x0000000000001137      0x1df ./Core/Src/gpio.o
 .debug_macro   0x0000000000001316       0x1c ./Core/Src/gpio.o
 .debug_macro   0x0000000000001332       0x22 ./Core/Src/gpio.o
 .debug_macro   0x0000000000001354       0xfb ./Core/Src/gpio.o
 .debug_macro   0x000000000000144f     0x1011 ./Core/Src/gpio.o
 .debug_macro   0x0000000000002460      0x11f ./Core/Src/gpio.o
 .debug_macro   0x000000000000257f    0x147a6 ./Core/Src/gpio.o
 .debug_macro   0x0000000000016d25       0x6d ./Core/Src/gpio.o
 .debug_macro   0x0000000000016d92     0x38e6 ./Core/Src/gpio.o
 .debug_macro   0x000000000001a678      0x174 ./Core/Src/gpio.o
 .debug_macro   0x000000000001a7ec       0x5c ./Core/Src/gpio.o
 .debug_macro   0x000000000001a848     0x11ca ./Core/Src/gpio.o
 .debug_macro   0x000000000001ba12      0x53c ./Core/Src/gpio.o
 .debug_macro   0x000000000001bf4e      0x1b9 ./Core/Src/gpio.o
 .debug_macro   0x000000000001c107      0x122 ./Core/Src/gpio.o
 .debug_macro   0x000000000001c229      0x26b ./Core/Src/gpio.o
 .debug_macro   0x000000000001c494      0x23d ./Core/Src/gpio.o
 .debug_macro   0x000000000001c6d1      0x241 ./Core/Src/gpio.o
 .debug_macro   0x000000000001c912      0x375 ./Core/Src/gpio.o
 .debug_macro   0x000000000001cc87       0xd6 ./Core/Src/gpio.o
 .debug_macro   0x000000000001cd5d       0xab ./Core/Src/gpio.o
 .debug_macro   0x000000000001ce08      0x22d ./Core/Src/gpio.o
 .debug_macro   0x000000000001d035      0x122 ./Core/Src/gpio.o
 .debug_macro   0x000000000001d157      0x356 ./Core/Src/gpio.o
 .debug_macro   0x000000000001d4ad      0x2fe ./Core/Src/gpio.o
 .debug_macro   0x000000000001d7ab      0xa98 ./Core/Src/gpio.o
 .debug_macro   0x000000000001e243      0x12d ./Core/Src/gpio.o
 .debug_macro   0x000000000001e370      0x5cf ./Core/Src/gpio.o
 .debug_macro   0x000000000001e93f       0x44 ./Core/Src/gpio.o
 .debug_macro   0x000000000001e983      0x220 ./Core/Src/gpio.o
 .debug_macro   0x000000000001eba3       0x58 ./Core/Src/gpio.o
 .debug_macro   0x000000000001ebfb      0x3e8 ./Core/Src/main.o
 .debug_macro   0x000000000001efe3       0x61 ./Core/Src/main.o
 .debug_macro   0x000000000001f044       0x2a ./Core/Src/main.o
 .debug_macro   0x000000000001f06e       0x43 ./Core/Src/main.o
 .debug_macro   0x000000000001f0b1       0x34 ./Core/Src/main.o
 .debug_macro   0x000000000001f0e5       0x16 ./Core/Src/main.o
 .debug_macro   0x000000000001f0fb       0x35 ./Core/Src/main.o
 .debug_macro   0x000000000001f130      0x369 ./Core/Src/main.o
 .debug_macro   0x000000000001f499       0x10 ./Core/Src/main.o
 .debug_macro   0x000000000001f4a9       0x16 ./Core/Src/main.o
 .debug_macro   0x000000000001f4bf       0x43 ./Core/Src/main.o
 .debug_macro   0x000000000001f502       0x34 ./Core/Src/main.o
 .debug_macro   0x000000000001f536       0x10 ./Core/Src/main.o
 .debug_macro   0x000000000001f546       0x58 ./Core/Src/main.o
 .debug_macro   0x000000000001f59e       0x8e ./Core/Src/main.o
 .debug_macro   0x000000000001f62c       0x1c ./Core/Src/main.o
 .debug_macro   0x000000000001f648      0x177 ./Core/Src/main.o
 .debug_macro   0x000000000001f7bf       0x16 ./Core/Src/main.o
 .debug_macro   0x000000000001f7d5       0x16 ./Core/Src/main.o
 .debug_macro   0x000000000001f7eb      0x147 ./Core/Src/main.o
 .debug_macro   0x000000000001f932       0x16 ./Core/Src/main.o
 .debug_macro   0x000000000001f948       0x16 ./Core/Src/main.o
 .debug_macro   0x000000000001f95e       0x29 ./Core/Src/main.o
 .debug_macro   0x000000000001f987       0x16 ./Core/Src/main.o
 .debug_macro   0x000000000001f99d       0x20 ./Core/Src/main.o
 .debug_macro   0x000000000001f9bd       0x78 ./Core/Src/main.o
 .debug_macro   0x000000000001fa35      0x20f ./Core/Src/main.o
 .debug_macro   0x000000000001fc44       0x65 ./Core/Src/main.o
 .debug_macro   0x000000000001fca9      0x212 ./Core/Src/spi.o
 .debug_macro   0x000000000001febb      0x208 ./Core/Src/stm32l4xx_hal_msp.o
 .debug_macro   0x00000000000200c3      0x212 ./Core/Src/stm32l4xx_it.o
 .debug_macro   0x00000000000202d5      0x1f9 ./Core/Src/system_stm32l4xx.o
 .debug_macro   0x00000000000204ce      0x212 ./Core/Src/tim.o
 .debug_macro   0x00000000000206e0      0x212 ./Core/Src/usart.o
 .debug_macro   0x00000000000208f2      0x241 ./Drivers/STM32L4xx_HAL_Driver/Src/stm32l4xx_hal.o
 .debug_macro   0x0000000000020b33      0x1f9 ./Drivers/STM32L4xx_HAL_Driver/Src/stm32l4xx_hal_cortex.o
 .debug_macro   0x0000000000020d2c      0x200 ./Drivers/STM32L4xx_HAL_Driver/Src/stm32l4xx_hal_gpio.o
 .debug_macro   0x0000000000020f2c      0x20b ./Drivers/STM32L4xx_HAL_Driver/Src/stm32l4xx_hal_pcd.o
 .debug_macro   0x0000000000021137      0x1f9 ./Drivers/STM32L4xx_HAL_Driver/Src/stm32l4xx_hal_pcd_ex.o
 .debug_macro   0x0000000000021330      0x211 ./Drivers/STM32L4xx_HAL_Driver/Src/stm32l4xx_hal_pwr.o
 .debug_macro   0x0000000000021541      0x21d ./Drivers/STM32L4xx_HAL_Driver/Src/stm32l4xx_hal_pwr_ex.o
 .debug_macro   0x000000000002175e      0x23b ./Drivers/STM32L4xx_HAL_Driver/Src/stm32l4xx_hal_rcc.o
 .debug_macro   0x0000000000021999      0x22f ./Drivers/STM32L4xx_HAL_Driver/Src/stm32l4xx_hal_rcc_ex.o
 .debug_macro   0x0000000000021bc8      0x201 ./Drivers/STM32L4xx_HAL_Driver/Src/stm32l4xx_hal_spi.o
 .debug_macro   0x0000000000021dc9      0x1fa ./Drivers/STM32L4xx_HAL_Driver/Src/stm32l4xx_hal_tim.o
 .debug_macro   0x0000000000021fc3      0x1f9 ./Drivers/STM32L4xx_HAL_Driver/Src/stm32l4xx_hal_tim_ex.o
 .debug_macro   0x00000000000221bc      0x224 ./Drivers/STM32L4xx_HAL_Driver/Src/stm32l4xx_hal_uart.o
 .debug_macro   0x00000000000223e0      0x1f9 ./Drivers/STM32L4xx_HAL_Driver/Src/stm32l4xx_ll_usb.o
 .debug_macro   0x00000000000225d9      0x397 ./Middlewares/ST/STM32_USB_Device_Library/Class/CustomHID/Src/usbd_customhid.o
 .debug_macro   0x0000000000022970       0x97 ./Middlewares/ST/STM32_USB_Device_Library/Class/CustomHID/Src/usbd_customhid.o
 .debug_macro   0x0000000000022a07       0xfd ./Middlewares/ST/STM32_USB_Device_Library/Class/CustomHID/Src/usbd_customhid.o
 .debug_macro   0x0000000000022b04       0x56 ./Middlewares/ST/STM32_USB_Device_Library/Class/CustomHID/Src/usbd_customhid.o