Archive member included to satisfy reference by file (symbol)

C:/Program Files/STMicroelectronics/STM32Cube/STM32CubeIDE_1.14.1/STM32CubeIDE/plugins/com.st.stm32cube.ide.mcu.externaltools.gnu-tools-for-stm32.11.3.rel1.win32_1.1.100.202309141235/tools/bin/../lib/gcc/arm-none-eabi/11.3.1/../../../../arm-none-eabi/lib/thumb/v7e-m+fp/hard\libc_nano.a(libc_a-exit.o)
                              C:/Program Files/STMicroelectronics/STM32Cube/STM32CubeIDE_1.14.1/STM32CubeIDE/plugins/com.st.stm32cube.ide.mcu.externaltools.gnu-tools-for-stm32.11.3.rel1.win32_1.1.100.202309141235/tools/bin/../lib/gcc/arm-none-eabi/11.3.1/../../../../arm-none-eabi/lib/thumb/v7e-m+fp/hard/crt0.o (exit)
C:/Program Files/STMicroelectronics/STM32Cube/STM32CubeIDE_1.14.1/STM32CubeIDE/plugins/com.st.stm32cube.ide.mcu.externaltools.gnu-tools-for-stm32.11.3.rel1.win32_1.1.100.202309141235/tools/bin/../lib/gcc/arm-none-eabi/11.3.1/../../../../arm-none-eabi/lib/thumb/v7e-m+fp/hard\libc_nano.a(libc_a-findfp.o)
                              C:/Program Files/STMicroelectronics/STM32Cube/STM32CubeIDE_1.14.1/STM32CubeIDE/plugins/com.st.stm32cube.ide.mcu.externaltools.gnu-tools-for-stm32.11.3.rel1.win32_1.1.100.202309141235/tools/bin/../lib/gcc/arm-none-eabi/11.3.1/../../../../arm-none-eabi/lib/thumb/v7e-m+fp/hard\libc_nano.a(libc_a-exit.o) (__stdio_exit_handler)
C:/Program Files/STMicroelectronics/STM32Cube/STM32CubeIDE_1.14.1/STM32CubeIDE/plugins/com.st.stm32cube.ide.mcu.externaltools.gnu-tools-for-stm32.11.3.rel1.win32_1.1.100.202309141235/tools/bin/../lib/gcc/arm-none-eabi/11.3.1/../../../../arm-none-eabi/lib/thumb/v7e-m+fp/hard\libc_nano.a(libc_a-fwalk.o)
                              C:/Program Files/STMicroelectronics/STM32Cube/STM32CubeIDE_1.14.1/STM32CubeIDE/plugins/com.st.stm32cube.ide.mcu.externaltools.gnu-tools-for-stm32.11.3.rel1.win32_1.1.100.202309141235/tools/bin/../lib/gcc/arm-none-eabi/11.3.1/../../../../arm-none-eabi/lib/thumb/v7e-m+fp/hard\libc_nano.a(libc_a-findfp.o) (_fwalk_sglue)
C:/Program Files/STMicroelectronics/STM32Cube/STM32CubeIDE_1.14.1/STM32CubeIDE/plugins/com.st.stm32cube.ide.mcu.externaltools.gnu-tools-for-stm32.11.3.rel1.win32_1.1.100.202309141235/tools/bin/../lib/gcc/arm-none-eabi/11.3.1/../../../../arm-none-eabi/lib/thumb/v7e-m+fp/hard\libc_nano.a(libc_a-printf.o)
                              ./Drivers/MyDriver/Src/W25QXX.o (printf)
C:/Program Files/STMicroelectronics/STM32Cube/STM32CubeIDE_1.14.1/STM32CubeIDE/plugins/com.st.stm32cube.ide.mcu.externaltools.gnu-tools-for-stm32.11.3.rel1.win32_1.1.100.202309141235/tools/bin/../lib/gcc/arm-none-eabi/11.3.1/../../../../arm-none-eabi/lib/thumb/v7e-m+fp/hard\libc_nano.a(libc_a-stdio.o)
                              C:/Program Files/STMicroelectronics/STM32Cube/STM32CubeIDE_1.14.1/STM32CubeIDE/plugins/com.st.stm32cube.ide.mcu.externaltools.gnu-tools-for-stm32.11.3.rel1.win32_1.1.100.202309141235/tools/bin/../lib/gcc/arm-none-eabi/11.3.1/../../../../arm-none-eabi/lib/thumb/v7e-m+fp/hard\libc_nano.a(libc_a-findfp.o) (__sread)
C:/Program Files/STMicroelectronics/STM32Cube/STM32CubeIDE_1.14.1/STM32CubeIDE/plugins/com.st.stm32cube.ide.mcu.externaltools.gnu-tools-for-stm32.11.3.rel1.win32_1.1.100.202309141235/tools/bin/../lib/gcc/arm-none-eabi/11.3.1/../../../../arm-none-eabi/lib/thumb/v7e-m+fp/hard\libc_nano.a(libc_a-memset.o)
                              C:/Program Files/STMicroelectronics/STM32Cube/STM32CubeIDE_1.14.1/STM32CubeIDE/plugins/com.st.stm32cube.ide.mcu.externaltools.gnu-tools-for-stm32.11.3.rel1.win32_1.1.100.202309141235/tools/bin/../lib/gcc/arm-none-eabi/11.3.1/../../../../arm-none-eabi/lib/thumb/v7e-m+fp/hard/crt0.o (memset)
C:/Program Files/STMicroelectronics/STM32Cube/STM32CubeIDE_1.14.1/STM32CubeIDE/plugins/com.st.stm32cube.ide.mcu.externaltools.gnu-tools-for-stm32.11.3.rel1.win32_1.1.100.202309141235/tools/bin/../lib/gcc/arm-none-eabi/11.3.1/../../../../arm-none-eabi/lib/thumb/v7e-m+fp/hard\libc_nano.a(libc_a-closer.o)
                              C:/Program Files/STMicroelectronics/STM32Cube/STM32CubeIDE_1.14.1/STM32CubeIDE/plugins/com.st.stm32cube.ide.mcu.externaltools.gnu-tools-for-stm32.11.3.rel1.win32_1.1.100.202309141235/tools/bin/../lib/gcc/arm-none-eabi/11.3.1/../../../../arm-none-eabi/lib/thumb/v7e-m+fp/hard\libc_nano.a(libc_a-stdio.o) (_close_r)
C:/Program Files/STMicroelectronics/STM32Cube/STM32CubeIDE_1.14.1/STM32CubeIDE/plugins/com.st.stm32cube.ide.mcu.externaltools.gnu-tools-for-stm32.11.3.rel1.win32_1.1.100.202309141235/tools/bin/../lib/gcc/arm-none-eabi/11.3.1/../../../../arm-none-eabi/lib/thumb/v7e-m+fp/hard\libc_nano.a(libc_a-reent.o)
                              C:/Program Files/STMicroelectronics/STM32Cube/STM32CubeIDE_1.14.1/STM32CubeIDE/plugins/com.st.stm32cube.ide.mcu.externaltools.gnu-tools-for-stm32.11.3.rel1.win32_1.1.100.202309141235/tools/bin/../lib/gcc/arm-none-eabi/11.3.1/../../../../arm-none-eabi/lib/thumb/v7e-m+fp/hard\libc_nano.a(libc_a-closer.o) (errno)
[...]
Memory Configuration

Name             Origin             Length             Attributes
RAM              0x0000000020000000 0x0000000000010000 xrw
RAM2             0x0000000010000000 0x0000000000004000 xrw
FLASH            0x0000000008000000 0x0000000000040000 xr
*default*        0x0000000000000000 0xffffffffffffffff

Linker script and memory map

LOAD C:/Program Files/STMicroelectronics/STM32Cube/STM32CubeIDE_1.14.1/STM32CubeIDE/plugins/com.st.stm32cube.ide.mcu.externaltools.gnu-tools-for-stm32.11.3.rel1.win32_1.1.100.202309141235/tools/bin/../lib/gcc/arm-none-eabi/11.3.1/thumb/v7e-m+fp/hard/crti.o
LOAD C:/Program Files/STMicroelectronics/STM32Cube/STM32CubeIDE_1.14.1/STM32CubeIDE/plugins/com.st.stm32cube.ide.mcu.externaltools.gnu-tools-for-stm32.11.3.rel1.win32_1.1.100.202309141235/tools/bin/../lib/gcc/arm-none-eabi/11.3.1/thumb/v7e-m+fp/hard/crtbegin.o
LOAD C:/Program Files/STMicroelectronics/STM32Cube/STM32CubeIDE_1.14.1/STM32CubeIDE/plugins/com.st.stm32cube.ide.mcu.externaltools.gnu-tools-for-stm32.11.3.rel1.win32_1.1.100.202309141235/tools/bin/../lib/gcc/arm-none-eabi/11.3.1/../../../../arm-none-eabi/lib/thumb/v7e-m+fp/hard/crt0.o
LOAD ./Core/Src/gpio.o
LOAD ./Core/Src/main.o
LOAD ./Core/Src/spi.o
LOAD ./Core/Src/stm32l4xx_hal_msp.o
LOAD ./Core/Src/stm32l4xx_it.o
LOAD ./Core/Src/syscalls.o
LOAD ./Core/Src/sysmem.o
LOAD ./Core/Src/system_stm32l4xx.o
LOAD ./Core/Src/usart.o
LOAD ./Core/Startup/startup_stm32l432kcux.o
LOAD ./Drivers/MyDriver/Src/W25QXX.o
LOAD ./Drivers/STM32L4xx_HAL_Driver/Src/stm32l4xx_hal.o
LOAD ./Drivers/STM32L4xx_HAL_Driver/Src/stm32l4xx_hal_cortex.o
LOAD ./Drivers/STM32L4xx_HAL_Driver/Src/stm32l4xx_hal_dma.o
LOAD ./Drivers/STM32L4xx_HAL_Driver/Src/stm32l4xx_hal_dma_ex.o
LOAD ./Drivers/STM32L4xx_HAL_Driver/Src/stm32l4xx_hal_exti.o
LOAD ./Drivers/STM32L4xx_HAL_Driver/Src/stm32l4xx_hal_flash.o
LOAD ./Drivers/STM32L4xx_HAL_Driver/Src/stm32l4xx_hal_flash_ex.o
LOAD ./Drivers/STM32L4xx_HAL_Driver/Src/stm32l4xx_hal_flash_ramfunc.o
LOAD ./Drivers/STM32L4xx_HAL_Driver/Src/stm32l4xx_hal_gpio.o
LOAD ./Drivers/STM32L4xx_HAL_Driver/Src/stm32l4xx_hal_i2c.o
LOAD ./Drivers/STM32L4xx_HAL_Driver/Src/stm32l4xx_hal_i2c_ex.o
LOAD ./Drivers/STM32L4xx_HAL_Driver/Src/stm32l4xx_hal_pcd.o
LOAD ./Drivers/STM32L4xx_HAL_Driver/Src/stm32l4xx_hal_pcd_ex.o
LOAD ./Drivers/STM32L4xx_HAL_Driver/Src/stm32l4xx_hal_pwr.o
LOAD ./Drivers/STM32L4xx_HAL_Driver/Src/stm32l4xx_hal_pwr_ex.o
LOAD ./Drivers/STM32L4xx_HAL_Driver/Src/stm32l4xx_hal_rcc.o
LOAD ./Drivers/STM32L4xx_HAL_Driver/Src/stm32l4xx_hal_rcc_ex.o
LOAD ./Drivers/STM32L4xx_HAL_Driver/Src/stm32l4xx_hal_spi.o
LOAD ./Drivers/STM32L4xx_HAL_Driver/Src/stm32l4xx_hal_spi_ex.o
LOAD ./Drivers/STM32L4xx_HAL_Driver/Src/stm32l4xx_hal_tim.o
LOAD ./Drivers/STM32L4xx_HAL_Driver/Src/stm32l4xx_hal_tim_ex.o
LOAD ./Drivers/STM32L4xx_HAL_Driver/Src/stm32l4xx_hal_uart.o
LOAD ./Drivers/STM32L4xx_HAL_Driver/Src/stm32l4xx_hal_uart_ex.o
LOAD ./Drivers/STM32L4xx_HAL_Driver/Src/stm32l4xx_ll_usb.o
LOAD ./Middlewares/ST/STM32_USB_Device_Library/Class/MSC/Src/usbd_msc.o
LOAD ./Middlewares/ST/STM32_USB_Device_Library/Class/MSC/Src/usbd_msc_bot.o
LOAD ./Middlewares/ST/STM32_USB_Device_Library/Class/MSC/Src/usbd_msc_data.o
LOAD ./Middlewares/ST/STM32_USB_Device_Library/Class/MSC/Src/usbd_msc_scsi.o
LOAD ./Middlewares/ST/STM32_USB_Device_Library/Core/Src/usbd_core.o
LOAD ./Middlewares/ST/STM32_USB_Device_Library/Core/Src/usbd_ctlreq.o
LOAD ./Middlewares/ST/STM32_USB_Device_Library/Core/Src/usbd_ioreq.o
LOAD ./USB_DEVICE/App/usb_device.o
LOAD ./USB_DEVICE/App/usbd_desc.o
LOAD ./USB_DEVICE/App/usbd_storage_if.o
LOAD ./USB_DEVICE/Target/usbd_conf.o
START GROUP
LOAD C:/Program Files/STMicroelectronics/STM32Cube/STM32CubeIDE_1.14.1/STM32CubeIDE/plugins/com.st.stm32cube.ide.mcu.externaltools.gnu-tools-for-stm32.11.3.rel1.win32_1.1.100.202309141235/tools/bin/../lib/gcc/arm-none-eabi/11.3.1/../../../../arm-none-eabi/lib/thumb/v7e-m+fp/hard\libstdc++_nano.a
LOAD C:/Program Files/STMicroelectronics/STM32Cube/STM32CubeIDE_1.14.1/STM32CubeIDE/plugins/com.st.stm32cube.ide.mcu.externaltools.gnu-tools-for-stm32.11.3.rel1.win32_1.1.100.202309141235/tools/bin/../lib/gcc/arm-none-eabi/11.3.1/../../../../arm-none-eabi/lib/thumb/v7e-m+fp/hard\libsupc++_nano.a
END GROUP
LOAD C:/Program Files/STMicroelectronics/STM32Cube/STM32CubeIDE_1.14.1/STM32CubeIDE/plugins/com.st.stm32cube.ide.mcu.externaltools.gnu-tools-for-stm32.11.3.rel1.win32_1.1.100.202309141235/tools/bin/../lib/gcc/arm-none-eabi/11.3.1/../../../../arm-none-eabi/lib/thumb/v7e-m+fp/hard\libstdc++_nano.a
LOAD C:/Program Files/STMicroelectronics/STM32Cube/STM32CubeIDE_1.14.1/STM32CubeIDE/plugins/com.st.stm32cube.ide.mcu.externaltools.gnu-tools-for-stm32.11.3.rel1.win32_1.1.100.202309141235/tools/bin/../lib/gcc/arm-none-eabi/11.3.1/../../../../arm-none-eabi/lib/thumb/v7e-m+fp/hard\libm.a
LOAD C:/Program Files/STMicroelectronics/STM32Cube/STM32CubeIDE_1.14.1/STM32CubeIDE/plugins/com.st.stm32cube.ide.mcu.externaltools.gnu-tools-for-stm32.11.3.rel1.win32_1.1.100.202309141235/tools/bin/../lib/gcc/arm-none-eabi/11.3.1/../../../../arm-none-eabi/lib/thumb/v7e-m+fp/hard\libc_nano.a
START GROUP
LOAD C:/Program Files/STMicroelectronics/STM32Cube/STM32CubeIDE_1.14.1/STM32CubeIDE/plugins/com.st.stm32cube.ide.mcu.externaltools.gnu-tools-for-stm32.11.3.rel1.win32_1.1.100.202309141235/tools/bin/../lib/gcc/arm-none-eabi/11.3.1/thumb/v7e-m+fp/hard\libgcc.a
LOAD C:/Program Files/STMicroelectronics/STM32Cube/STM32CubeIDE_1.14.1/STM32CubeIDE/plugins/com.st.stm32cube.ide.mcu.externaltools.gnu-tools-for-stm32.11.3.rel1.win32_1.1.100.202309141235/tools/bin/../lib/gcc/arm-none-eabi/11.3.1/../../../../arm-none-eabi/lib/thumb/v7e-m+fp/hard\libc_nano.a
END GROUP
START GROUP
LOAD C:/Program Files/STMicroelectronics/STM32Cube/STM32CubeIDE_1.14.1/STM32CubeIDE/plugins/com.st.stm32cube.ide.mcu.externaltools.gnu-tools-for-stm32.11.3.rel1.win32_1.1.100.202309141235/tools/bin/../lib/gcc/arm-none-eabi/11.3.1/thumb/v7e-m+fp/hard\libgcc.a
LOAD C:/Program Files/STMicroelectronics/STM32Cube/STM32CubeIDE_1.14.1/STM32CubeIDE/plugins/com.st.stm32cube.ide.mcu.externaltools.gnu-tools-for-stm32.11.3.rel1.win32_1.1.100.202309141235/tools/bin/../lib/gcc/arm-none-eabi/11.3.1/../../../../arm-none-eabi/lib/thumb/v7e-m+fp/hard\libc_nano.a
LOAD C:/Program Files/STMicroelectronics/STM32Cube/STM32CubeIDE_1.14.1/STM32CubeIDE/plugins/com.st.stm32cube.ide.mcu.externaltools.gnu-tools-for-stm32.11.3.rel1.win32_1.1.100.202309141235/tools/bin/../lib/gcc/arm-none-eabi/11.3.1/../../../../arm-none-eabi/lib/thumb/v7e-m+fp/hard\libnosys.a
END GROUP
START GROUP
LOAD C:/Program Files/STMicroelectronics/STM32Cube/STM32CubeIDE_1.14.1/STM32CubeIDE/plugins/com.st.stm32cube.ide.mcu.externaltools.gnu-tools-for-stm32.11.3.rel1.win32_1.1.100.202309141235/tools/bin/../lib/gcc/arm-none-eabi/11.3.1/thumb/v7e-m+fp/hard\libgcc.a
LOAD C:/Program Files/STMicroelectronics/STM32Cube/STM32CubeIDE_1.14.1/STM32CubeIDE/plugins/com.st.stm32cube.ide.mcu.externaltools.gnu-tools-for-stm32.11.3.rel1.win32_1.1.100.202309141235/tools/bin/../lib/gcc/arm-none-eabi/11.3.1/../../../../arm-none-eabi/lib/thumb/v7e-m+fp/hard\libc_nano.a
LOAD C:/Program Files/STMicroelectronics/STM32Cube/STM32CubeIDE_1.14.1/STM32CubeIDE/plugins/com.st.stm32cube.ide.mcu.externaltools.gnu-tools-for-stm32.11.3.rel1.win32_1.1.100.202309141235/tools/bin/../lib/gcc/arm-none-eabi/11.3.1/../../../../arm-none-eabi/lib/thumb/v7e-m+fp/hard\libnosys.a
END GROUP
LOAD C:/Program Files/STMicroelectronics/STM32Cube/STM32CubeIDE_1.14.1/STM32CubeIDE/plugins/com.st.stm32cube.ide.mcu.externaltools.gnu-tools-for-stm32.11.3.rel1.win32_1.1.100.202309141235/tools/bin/../lib/gcc/arm-none-eabi/11.3.1/thumb/v7e-m+fp/hard/crtend.o
LOAD C:/Program Files/STMicroelectronics/STM32Cube/STM32CubeIDE_1.14.1/STM32CubeIDE/plugins/com.st.stm32cube.ide.mcu.externaltools.gnu-tools-for-stm32.11.3.rel1.win32_1.1.100.202309141235/tools/bin/../lib/gcc/arm-none-eabi/11.3.1/thumb/v7e-m+fp/hard/crtn.o
                0x0000000020010000                _estack = (ORIGIN (RAM) + LENGTH (RAM))
                0x0000000000001200                _Min_Heap_Size = 0x1200
                0x0000000000000400                _Min_Stack_Size = 0x400

.isr_vector     0x0000000008000000      0x18c
                0x0000000008000000                . = ALIGN (0x4)
 *(.isr_vector)
 .isr_vector    0x0000000008000000      0x18c ./Core/Startup/startup_stm32l432kcux.o
                0x0000000008000000                g_pfnVectors
                0x000000000800018c                . = ALIGN (0x4)

.text           0x0000000008000190     0xcd3c
                0x0000000008000190                . = ALIGN (0x4)
 *(.text)
 .text          0x0000000008000190       0x40 C:/Program Files/STMicroelectronics/STM32Cube/STM32CubeIDE_1.14.1/STM32CubeIDE/plugins/com.st.stm32cube.ide.mcu.externaltools.gnu-tools-for-stm32.11.3.rel1.win32_1.1.100.202309141235/tools/bin/../lib/gcc/arm-none-eabi/11.3.1/thumb/v7e-m+fp/hard/crtbegin.o
 .text          0x00000000080001d0       0xa0 C:/Program Files/STMicroelectronics/STM32Cube/STM32CubeIDE_1.14.1/STM32CubeIDE/plugins/com.st.stm32cube.ide.mcu.externaltools.gnu-tools-for-stm32.11.3.rel1.win32_1.1.100.202309141235/tools/bin/../lib/gcc/arm-none-eabi/11.3.1/../../../../arm-none-eabi/lib/thumb/v7e-m+fp/hard\libc_nano.a(libc_a-memchr.o)
                0x00000000080001d0                memchr
 .text          0x0000000008000270       0x30 C:/Program Files/STMicroelectronics/STM32Cube/STM32CubeIDE_1.14.1/STM32CubeIDE/plugins/com.st.stm32cube.ide.mcu.externaltools.gnu-tools-for-stm32.11.3.rel1.win32_1.1.100.202309141235/tools/bin/../lib/gcc/arm-none-eabi/11.3.1/thumb/v7e-m+fp/hard\libgcc.a(_aeabi_uldivmod.o)
                0x0000000008000270                __aeabi_uldivmod
 .text          0x00000000080002a0      0x2c8 C:/Program Files/STMicroelectronics/STM32Cube/STM32CubeIDE_1.14.1/STM32CubeIDE/plugins/com.st.stm32cube.ide.mcu.externaltools.gnu-tools-for-stm32.11.3.rel1.win32_1.1.100.202309141235/tools/bin/../lib/gcc/arm-none-eabi/11.3.1/thumb/v7e-m+fp/hard\libgcc.a(_udivmoddi4.o)
                0x00000000080002a0                __udivmoddi4
 .text          0x0000000008000568        0x4 C:/Program Files/STMicroelectronics/STM32Cube/STM32CubeIDE_1.14.1/STM32CubeIDE/plugins/com.st.stm32cube.ide.mcu.externaltools.gnu-tools-for-stm32.11.3.rel1.win32_1.1.100.202309141235/tools/bin/../lib/gcc/arm-none-eabi/11.3.1/thumb/v7e-m+fp/hard\libgcc.a(_dvmd_tls.o)
                0x0000000008000568                __aeabi_idiv0
                0x0000000008000568                __aeabi_ldiv0
 *(.text*)
 .text.MX_GPIO_Init
                0x000000000800056c       0xb0 ./Core/Src/gpio.o
                0x000000000800056c                MX_GPIO_Init
 .text.main     0x000000000800061c       0x22 ./Core/Src/main.o
                0x000000000800061c                main
 *fill*         0x000000000800063e        0x2 
 .text.SystemClock_Config
                0x0000000008000640       0xc4 ./Core/Src/main.o
                0x0000000008000640                SystemClock_Config
 .text.Error_Handler
                0x0000000008000704        0xa ./Core/Src/main.o
                0x0000000008000704                Error_Handler
 *fill*         0x000000000800070e        0x2 
 .text.MX_SPI1_Init
                0x0000000008000710       0x7c ./Core/Src/spi.o
                0x0000000008000710                MX_SPI1_Init
 .text.HAL_SPI_MspInit
                0x000000000800078c       0x84 ./Core/Src/spi.o
                0x000000000800078c                HAL_SPI_MspInit
 .text.HAL_MspInit
                0x0000000008000810       0x48 ./Core/Src/stm32l4xx_hal_msp.o
                0x0000000008000810                HAL_MspInit
 .text.NMI_Handler
                0x0000000008000858        0x6 ./Core/Src/stm32l4xx_it.o
                0x0000000008000858                NMI_Handler
 .text.HardFault_Handler
                0x000000000800085e        0x6 ./Core/Src/stm32l4xx_it.o
                0x000000000800085e                HardFault_Handler
 .text.MemManage_Handler
                0x0000000008000864        0x6 ./Core/Src/stm32l4xx_it.o
                0x0000000008000864                MemManage_Handler
 .text.BusFault_Handler
                0x000000000800086a        0x6 ./Core/Src/stm32l4xx_it.o
                0x000000000800086a                BusFault_Handler
 .text.UsageFault_Handler
                0x0000000008000870        0x6 ./Core/Src/stm32l4xx_it.o
                0x0000000008000870                UsageFault_Handler
 .text.SVC_Handler
                0x0000000008000876        0xe ./Core/Src/stm32l4xx_it.o
                0x0000000008000876                SVC_Handler
 .text.DebugMon_Handler
                0x0000000008000884        0xe ./Core/Src/stm32l4xx_it.o
                0x0000000008000884                DebugMon_Handler
 .text.PendSV_Handler
                0x0000000008000892        0xe ./Core/Src/stm32l4xx_it.o
                0x0000000008000892                PendSV_Handler
 .text.SysTick_Handler
                0x00000000080008a0        0xc ./Core/Src/stm32l4xx_it.o
                0x00000000080008a0                SysTick_Handler
 .text.USB_IRQHandler
                0x00000000080008ac       0x14 ./Core/Src/stm32l4xx_it.o
                0x00000000080008ac                USB_IRQHandler
 .text._read    0x00000000080008c0       0x3a ./Core/Src/syscalls.o
                0x00000000080008c0                _read
 .text._write   0x00000000080008fa       0x38 ./Core/Src/syscalls.o
                0x00000000080008fa                _write
 .text._close   0x0000000008000932       0x18 ./Core/Src/syscalls.o
                0x0000000008000932                _close
 .text._fstat   0x000000000800094a       0x20 ./Core/Src/syscalls.o
                0x000000000800094a                _fstat
 .text._isatty  0x000000000800096a       0x16 ./Core/Src/syscalls.o
                0x000000000800096a                _isatty
 .text._lseek   0x0000000008000980       0x1a ./Core/Src/syscalls.o
                0x0000000008000980                _lseek
 *fill*         0x000000000800099a        0x2 
 .text._sbrk    0x000000000800099c       0x6c ./Core/Src/sysmem.o
                0x000000000800099c                _sbrk
 .text.SystemInit
                0x0000000008000a08       0x24 ./Core/Src/system_stm32l4xx.o
                0x0000000008000a08                SystemInit
 .text.MX_USART2_UART_Init
                0x0000000008000a2c       0x60 ./Core/Src/usart.o
                0x0000000008000a2c                MX_USART2_UART_Init
 .text.HAL_UART_MspInit
                0x0000000008000a8c       0xd4 ./Core/Src/usart.o
                0x0000000008000a8c                HAL_UART_MspInit
 .text.Reset_Handler
                0x0000000008000b60       0x50 ./Core/Startup/startup_stm32l432kcux.o
                0x0000000008000b60                Reset_Handler
 .text.Default_Handler
                0x0000000008000bb0        0x2 ./Core/Startup/startup_stm32l432kcux.o
                0x0000000008000bb0                RTC_Alarm_IRQHandler
                0x0000000008000bb0                EXTI2_IRQHandler
                0x0000000008000bb0                TIM1_CC_IRQHandler
                0x0000000008000bb0                TSC_IRQHandler
                0x0000000008000bb0                TAMP_STAMP_IRQHandler
                0x0000000008000bb0                EXTI3_IRQHandler
                0x0000000008000bb0                LPTIM2_IRQHandler
                0x0000000008000bb0                I2C3_ER_IRQHandler
                0x0000000008000bb0                EXTI0_IRQHandler
                0x0000000008000bb0                CAN1_RX0_IRQHandler
                0x0000000008000bb0                FPU_IRQHandler
                0x0000000008000bb0                TIM1_UP_TIM16_IRQHandler
                0x0000000008000bb0                SPI1_IRQHandler
                0x0000000008000bb0                TIM6_DAC_IRQHandler
                0x0000000008000bb0                DMA2_Channel2_IRQHandler
                0x0000000008000bb0                DMA1_Channel4_IRQHandler
                0x0000000008000bb0                ADC1_IRQHandler
                0x0000000008000bb0                DMA1_Channel7_IRQHandler
                0x0000000008000bb0                CAN1_RX1_IRQHandler
                0x0000000008000bb0                DMA2_Channel1_IRQHandler
                0x0000000008000bb0                QUADSPI_IRQHandler
                0x0000000008000bb0                I2C1_EV_IRQHandler
                0x0000000008000bb0                DMA1_Channel6_IRQHandler
                0x0000000008000bb0                DMA2_Channel4_IRQHandler
                0x0000000008000bb0                RCC_IRQHandler
                0x0000000008000bb0                TIM1_TRG_COM_IRQHandler
                0x0000000008000bb0                DMA1_Channel1_IRQHandler
                0x0000000008000bb0                Default_Handler
                0x0000000008000bb0                DMA2_Channel7_IRQHandler
                0x0000000008000bb0                EXTI15_10_IRQHandler
                0x0000000008000bb0                TIM7_IRQHandler
                0x0000000008000bb0                I2C3_EV_IRQHandler
                0x0000000008000bb0                EXTI9_5_IRQHandler
                0x0000000008000bb0                RTC_WKUP_IRQHandler
                0x0000000008000bb0                PVD_PVM_IRQHandler
                0x0000000008000bb0                CAN1_TX_IRQHandler
                0x0000000008000bb0                DMA2_Channel5_IRQHandler
                0x0000000008000bb0                CRS_IRQHandler
                0x0000000008000bb0                DMA1_Channel5_IRQHandler
                0x0000000008000bb0                EXTI4_IRQHandler
                0x0000000008000bb0                RNG_IRQHandler
                0x0000000008000bb0                DMA1_Channel3_IRQHandler
                0x0000000008000bb0                COMP_IRQHandler
                0x0000000008000bb0                WWDG_IRQHandler
                0x0000000008000bb0                LPUART1_IRQHandler
                0x0000000008000bb0                DMA2_Channel6_IRQHandler
                0x0000000008000bb0                TIM2_IRQHandler
                0x0000000008000bb0                EXTI1_IRQHandler
                0x0000000008000bb0                USART2_IRQHandler
                0x0000000008000bb0                DMA1_Channel2_IRQHandler
                0x0000000008000bb0                CAN1_SCE_IRQHandler
                0x0000000008000bb0                FLASH_IRQHandler
                0x0000000008000bb0                USART1_IRQHandler
                0x0000000008000bb0                SPI3_IRQHandler
                0x0000000008000bb0                I2C1_ER_IRQHandler
                0x0000000008000bb0                SWPMI1_IRQHandler
                0x0000000008000bb0                LPTIM1_IRQHandler
                0x0000000008000bb0                SAI1_IRQHandler
                0x0000000008000bb0                DMA2_Channel3_IRQHandler
                0x0000000008000bb0                TIM1_BRK_TIM15_IRQHandler
 *fill*         0x0000000008000bb2        0x2 
 .text.SPI2_ReadWriteByte
                0x0000000008000bb4       0x2c ./Drivers/MyDriver/Src/W25QXX.o
                0x0000000008000bb4                SPI2_ReadWriteByte
 .text.SPI2_SetSpeed
                0x0000000008000be0       0x5c ./Drivers/MyDriver/Src/W25QXX.o
                0x0000000008000be0                SPI2_SetSpeed
 .text.W25QXX_Init
                0x0000000008000c3c       0xac ./Drivers/MyDriver/Src/W25QXX.o
                0x0000000008000c3c                W25QXX_Init
 .text.W25QXX_ReadSR
                0x0000000008000ce8       0x74 ./Drivers/MyDriver/Src/W25QXX.o
                0x0000000008000ce8                W25QXX_ReadSR
 .text.W25QXX_Write_Enable
                0x0000000008000d5c       0x28 ./Drivers/MyDriver/Src/W25QXX.o
                0x0000000008000d5c                W25QXX_Write_Enable
 .text.W25QXX_ReadID
                0x0000000008000d84       0x6c ./Drivers/MyDriver/Src/W25QXX.o
                0x0000000008000d84                W25QXX_ReadID
 .text.SPI_FLASH_BufferRead
                0x0000000008000df0       0x78 ./Drivers/MyDriver/Src/W25QXX.o
                0x0000000008000df0                SPI_FLASH_BufferRead
 .text.SPI_FLASH_WaitForWriteEnd
                0x0000000008000e68       0x44 ./Drivers/MyDriver/Src/W25QXX.o
                0x0000000008000e68                SPI_FLASH_WaitForWriteEnd
 .text.SPI_FLASH_SectorErase
                0x0000000008000eac       0x5c ./Drivers/MyDriver/Src/W25QXX.o
                0x0000000008000eac                SPI_FLASH_SectorErase
 .text.SPI_FLASH_PageWrite
                0x0000000008000f08       0x88 ./Drivers/MyDriver/Src/W25QXX.o
                0x0000000008000f08                SPI_FLASH_PageWrite
 .text.SPI_FLASH_BufferWrite
                0x0000000008000f90      0x152 ./Drivers/MyDriver/Src/W25QXX.o
                0x0000000008000f90                SPI_FLASH_BufferWrite
 .text.HAL_Init
                0x00000000080010e2       0x30 ./Drivers/STM32L4xx_HAL_Driver/Src/stm32l4xx_hal.o
                0x00000000080010e2                HAL_Init
 *fill*         0x0000000008001112        0x2 
 .text.HAL_InitTick
                0x0000000008001114       0x78 ./Drivers/STM32L4xx_HAL_Driver/Src/stm32l4xx_hal.o
                0x0000000008001114                HAL_InitTick
 .text.HAL_IncTick
                0x000000000800118c       0x28 ./Drivers/STM32L4xx_HAL_Driver/Src/stm32l4xx_hal.o
                0x000000000800118c                HAL_IncTick
 .text.HAL_GetTick
                0x00000000080011b4       0x18 ./Drivers/STM32L4xx_HAL_Driver/Src/stm32l4xx_hal.o
                0x00000000080011b4                HAL_GetTick
 .text.__NVIC_SetPriorityGrouping
                0x00000000080011cc       0x48 ./Drivers/STM32L4xx_HAL_Driver/Src/stm32l4xx_hal_cortex.o
 .text.__NVIC_GetPriorityGrouping
                0x0000000008001214       0x1c ./Drivers/STM32L4xx_HAL_Driver/Src/stm32l4xx_hal_cortex.o
 .text.__NVIC_EnableIRQ
                0x0000000008001230       0x3c ./Drivers/STM32L4xx_HAL_Driver/Src/stm32l4xx_hal_cortex.o
 .text.__NVIC_SetPriority
                0x000000000800126c       0x54 ./Drivers/STM32L4xx_HAL_Driver/Src/stm32l4xx_hal_cortex.o
 .text.NVIC_EncodePriority
                0x00000000080012c0       0x66 ./Drivers/STM32L4xx_HAL_Driver/Src/stm32l4xx_hal_cortex.o
 *fill*         0x0000000008001326        0x2 
 .text.SysTick_Config
                0x0000000008001328       0x44 ./Drivers/STM32L4xx_HAL_Driver/Src/stm32l4xx_hal_cortex.o
 .text.HAL_NVIC_SetPriorityGrouping
                0x000000000800136c       0x16 ./Drivers/STM32L4xx_HAL_Driver/Src/stm32l4xx_hal_cortex.o
                0x000000000800136c                HAL_NVIC_SetPriorityGrouping
 .text.HAL_NVIC_SetPriority
                0x0000000008001382       0x38 ./Drivers/STM32L4xx_HAL_Driver/Src/stm32l4xx_hal_cortex.o
                0x0000000008001382                HAL_NVIC_SetPriority
 .text.HAL_NVIC_EnableIRQ
                0x00000000080013ba       0x1c ./Drivers/STM32L4xx_HAL_Driver/Src/stm32l4xx_hal_cortex.o
                0x00000000080013ba                HAL_NVIC_EnableIRQ
 .text.HAL_SYSTICK_Config
                0x00000000080013d6       0x18 ./Drivers/STM32L4xx_HAL_Driver/Src/stm32l4xx_hal_cortex.o
                0x00000000080013d6                HAL_SYSTICK_Config
 *fill*         0x00000000080013ee        0x2 
 .text.HAL_GPIO_Init
                0x00000000080013f0      0x2d4 ./Drivers/STM32L4xx_HAL_Driver/Src/stm32l4xx_hal_gpio.o
                0x00000000080013f0                HAL_GPIO_Init
 .text.HAL_GPIO_WritePin
                0x00000000080016c4       0x30 ./Drivers/STM32L4xx_HAL_Driver/Src/stm32l4xx_hal_gpio.o
                0x00000000080016c4                HAL_GPIO_WritePin
 .text.HAL_PCD_Init
                0x00000000080016f4      0x20c ./Drivers/STM32L4xx_HAL_Driver/Src/stm32l4xx_hal_pcd.o
                0x00000000080016f4                HAL_PCD_Init
 .text.HAL_PCD_Start
                0x0000000008001900       0x44 ./Drivers/STM32L4xx_HAL_Driver/Src/stm32l4xx_hal_pcd.o
                0x0000000008001900                HAL_PCD_Start
 .text.HAL_PCD_IRQHandler
                0x0000000008001944      0x24e ./Drivers/STM32L4xx_HAL_Driver/Src/stm32l4xx_hal_pcd.o
                0x0000000008001944                HAL_PCD_IRQHandler
 .text.HAL_PCD_SetAddress
                0x0000000008001b92       0x4a ./Drivers/STM32L4xx_HAL_Driver/Src/stm32l4xx_hal_pcd.o
                0x0000000008001b92                HAL_PCD_SetAddress
 .text.HAL_PCD_EP_Open
                0x0000000008001bdc       0xba ./Drivers/STM32L4xx_HAL_Driver/Src/stm32l4xx_hal_pcd.o
                0x0000000008001bdc                HAL_PCD_EP_Open
 .text.HAL_PCD_EP_Close
                0x0000000008001c96       0x90 ./Drivers/STM32L4xx_HAL_Driver/Src/stm32l4xx_hal_pcd.o
                0x0000000008001c96                HAL_PCD_EP_Close
 .text.HAL_PCD_EP_Receive
                0x0000000008001d26       0x62 ./Drivers/STM32L4xx_HAL_Driver/Src/stm32l4xx_hal_pcd.o
                0x0000000008001d26                HAL_PCD_EP_Receive
 .text.HAL_PCD_EP_GetRxCount
                0x0000000008001d88       0x30 ./Drivers/STM32L4xx_HAL_Driver/Src/stm32l4xx_hal_pcd.o
                0x0000000008001d88                HAL_PCD_EP_GetRxCount
 .text.HAL_PCD_EP_Transmit
                0x0000000008001db8       0x6e ./Drivers/STM32L4xx_HAL_Driver/Src/stm32l4xx_hal_pcd.o
                0x0000000008001db8                HAL_PCD_EP_Transmit
 .text.HAL_PCD_EP_SetStall
                0x0000000008001e26       0xc0 ./Drivers/STM32L4xx_HAL_Driver/Src/stm32l4xx_hal_pcd.o
                0x0000000008001e26                HAL_PCD_EP_SetStall
 .text.HAL_PCD_EP_ClrStall
                0x0000000008001ee6       0xa8 ./Drivers/STM32L4xx_HAL_Driver/Src/stm32l4xx_hal_pcd.o
                0x0000000008001ee6                HAL_PCD_EP_ClrStall
 .text.HAL_PCD_EP_Flush
                0x0000000008001f8e       0x5a ./Drivers/STM32L4xx_HAL_Driver/Src/stm32l4xx_hal_pcd.o
                0x0000000008001f8e                HAL_PCD_EP_Flush
 .text.PCD_EP_ISR_Handler
                0x0000000008001fe8      0x78a ./Drivers/STM32L4xx_HAL_Driver/Src/stm32l4xx_hal_pcd.o
 .text.HAL_PCD_EP_DB_Receive
                0x0000000008002772      0x212 ./Drivers/STM32L4xx_HAL_Driver/Src/stm32l4xx_hal_pcd.o
 .text.HAL_PCD_EP_DB_Transmit
                0x0000000008002984      0x7ec ./Drivers/STM32L4xx_HAL_Driver/Src/stm32l4xx_hal_pcd.o
 .text.HAL_PCDEx_PMAConfig
                0x0000000008003170       0x86 ./Drivers/STM32L4xx_HAL_Driver/Src/stm32l4xx_hal_pcd_ex.o
                0x0000000008003170                HAL_PCDEx_PMAConfig
 .text.HAL_PCDEx_ActivateLPM
                0x00000000080031f6       0x54 ./Drivers/STM32L4xx_HAL_Driver/Src/stm32l4xx_hal_pcd_ex.o
                0x00000000080031f6                HAL_PCDEx_ActivateLPM
 *fill*         0x000000000800324a        0x2 
 .text.HAL_PWR_EnableBkUpAccess
                0x000000000800324c       0x20 ./Drivers/STM32L4xx_HAL_Driver/Src/stm32l4xx_hal_pwr.o
                0x000000000800324c                HAL_PWR_EnableBkUpAccess
 .text.HAL_PWREx_GetVoltageRange
                0x000000000800326c       0x1c ./Drivers/STM32L4xx_HAL_Driver/Src/stm32l4xx_hal_pwr_ex.o
                0x000000000800326c                HAL_PWREx_GetVoltageRange
 .text.HAL_PWREx_ControlVoltageScaling
                0x0000000008003288       0xac ./Drivers/STM32L4xx_HAL_Driver/Src/stm32l4xx_hal_pwr_ex.o
                0x0000000008003288                HAL_PWREx_ControlVoltageScaling
 .text.HAL_PWREx_EnableVddUSB
                0x0000000008003334       0x20 ./Drivers/STM32L4xx_HAL_Driver/Src/stm32l4xx_hal_pwr_ex.o
                0x0000000008003334                HAL_PWREx_EnableVddUSB
 .text.HAL_RCC_OscConfig
                0x0000000008003354      0x828 ./Drivers/STM32L4xx_HAL_Driver/Src/stm32l4xx_hal_rcc.o
                0x0000000008003354                HAL_RCC_OscConfig
 .text.HAL_RCC_ClockConfig
                0x0000000008003b7c      0x200 ./Drivers/STM32L4xx_HAL_Driver/Src/stm32l4xx_hal_rcc.o
                0x0000000008003b7c                HAL_RCC_ClockConfig
 .text.HAL_RCC_GetSysClockFreq
                0x0000000008003d7c      0x118 ./Drivers/STM32L4xx_HAL_Driver/Src/stm32l4xx_hal_rcc.o
                0x0000000008003d7c                HAL_RCC_GetSysClockFreq
 .text.HAL_RCC_GetHCLKFreq
                0x0000000008003e94       0x18 ./Drivers/STM32L4xx_HAL_Driver/Src/stm32l4xx_hal_rcc.o
                0x0000000008003e94                HAL_RCC_GetHCLKFreq
 .text.HAL_RCC_GetPCLK1Freq
                0x0000000008003eac       0x2c ./Drivers/STM32L4xx_HAL_Driver/Src/stm32l4xx_hal_rcc.o
                0x0000000008003eac                HAL_RCC_GetPCLK1Freq
 .text.HAL_RCC_GetPCLK2Freq
                0x0000000008003ed8       0x2c ./Drivers/STM32L4xx_HAL_Driver/Src/stm32l4xx_hal_rcc.o
                0x0000000008003ed8                HAL_RCC_GetPCLK2Freq
 .text.RCC_SetFlashLatencyFromMSIRange
                0x0000000008003f04       0xc0 ./Drivers/STM32L4xx_HAL_Driver/Src/stm32l4xx_hal_rcc.o
 .text.HAL_RCCEx_PeriphCLKConfig
                0x0000000008003fc4      0x3ec ./Drivers/STM32L4xx_HAL_Driver/Src/stm32l4xx_hal_rcc_ex.o
                0x0000000008003fc4                HAL_RCCEx_PeriphCLKConfig
 .text.HAL_RCCEx_EnableMSIPLLMode
                0x00000000080043b0       0x20 ./Drivers/STM32L4xx_HAL_Driver/Src/stm32l4xx_hal_rcc_ex.o
                0x00000000080043b0                HAL_RCCEx_EnableMSIPLLMode
 .text.RCCEx_PLLSAI1_Config
                0x00000000080043d0      0x1e4 ./Drivers/STM32L4xx_HAL_Driver/Src/stm32l4xx_hal_rcc_ex.o
 .text.HAL_SPI_Init
                0x00000000080045b4      0x146 ./Drivers/STM32L4xx_HAL_Driver/Src/stm32l4xx_hal_spi.o
                0x00000000080045b4                HAL_SPI_Init
 .text.HAL_SPI_TransmitReceive
                0x00000000080046fa      0x444 ./Drivers/STM32L4xx_HAL_Driver/Src/stm32l4xx_hal_spi.o
                0x00000000080046fa                HAL_SPI_TransmitReceive
 *fill*         0x0000000008004b3e        0x2 
 .text.SPI_WaitFlagStateUntilTimeout
                0x0000000008004b40      0x110 ./Drivers/STM32L4xx_HAL_Driver/Src/stm32l4xx_hal_spi.o
 .text.SPI_WaitFifoStateUntilTimeout
                0x0000000008004c50      0x12c ./Drivers/STM32L4xx_HAL_Driver/Src/stm32l4xx_hal_spi.o
 .text.SPI_EndRxTxTransaction
                0x0000000008004d7c       0x8c ./Drivers/STM32L4xx_HAL_Driver/Src/stm32l4xx_hal_spi.o
 .text.HAL_UART_Init
                0x0000000008004e08       0x9c ./Drivers/STM32L4xx_HAL_Driver/Src/stm32l4xx_hal_uart.o
                0x0000000008004e08                HAL_UART_Init
 .text.UART_SetConfig
                0x0000000008004ea4      0x458 ./Drivers/STM32L4xx_HAL_Driver/Src/stm32l4xx_hal_uart.o
                0x0000000008004ea4                UART_SetConfig
 .text.UART_AdvFeatureConfig
                0x00000000080052fc      0x144 ./Drivers/STM32L4xx_HAL_Driver/Src/stm32l4xx_hal_uart.o
                0x00000000080052fc                UART_AdvFeatureConfig
 .text.UART_CheckIdleState
                0x0000000008005440      0x150 ./Drivers/STM32L4xx_HAL_Driver/Src/stm32l4xx_hal_uart.o
                0x0000000008005440                UART_CheckIdleState
 .text.UART_WaitOnFlagUntilTimeout
                0x0000000008005590       0xce ./Drivers/STM32L4xx_HAL_Driver/Src/stm32l4xx_hal_uart.o
                0x0000000008005590                UART_WaitOnFlagUntilTimeout
 .text.UART_EndRxTransfer
                0x000000000800565e       0xc8 ./Drivers/STM32L4xx_HAL_Driver/Src/stm32l4xx_hal_uart.o
 .text.USB_CoreInit
                0x0000000008005726       0x22 ./Drivers/STM32L4xx_HAL_Driver/Src/stm32l4xx_ll_usb.o
                0x0000000008005726                USB_CoreInit
 .text.USB_EnableGlobalInt
                0x0000000008005748       0x2e ./Drivers/STM32L4xx_HAL_Driver/Src/stm32l4xx_ll_usb.o
                0x0000000008005748                USB_EnableGlobalInt
 .text.USB_DisableGlobalInt
                0x0000000008005776       0x36 ./Drivers/STM32L4xx_HAL_Driver/Src/stm32l4xx_ll_usb.o
                0x0000000008005776                USB_DisableGlobalInt
 .text.USB_SetCurrentMode
                0x00000000080057ac       0x1a ./Drivers/STM32L4xx_HAL_Driver/Src/stm32l4xx_ll_usb.o
                0x00000000080057ac                USB_SetCurrentMode
 .text.USB_DevInit
                0x00000000080057c6       0x42 ./Drivers/STM32L4xx_HAL_Driver/Src/stm32l4xx_ll_usb.o
                0x00000000080057c6                USB_DevInit
 .text.USB_FlushTxFifo
                0x0000000008005808       0x18 ./Drivers/STM32L4xx_HAL_Driver/Src/stm32l4xx_ll_usb.o
                0x0000000008005808                USB_FlushTxFifo
 .text.USB_FlushRxFifo
                0x0000000008005820       0x16 ./Drivers/STM32L4xx_HAL_Driver/Src/stm32l4xx_ll_usb.o
                0x0000000008005820                USB_FlushRxFifo
 *fill*         0x0000000008005836        0x2 
 .text.USB_ActivateEndpoint
                0x0000000008005838      0x788 ./Drivers/STM32L4xx_HAL_Driver/Src/stm32l4xx_ll_usb.o
                0x0000000008005838                USB_ActivateEndpoint
 .text.USB_DeactivateEndpoint
                0x0000000008005fc0      0x3da ./Drivers/STM32L4xx_HAL_Driver/Src/stm32l4xx_ll_usb.o
                0x0000000008005fc0                USB_DeactivateEndpoint
 .text.USB_EPStartXfer
                0x000000000800639a     0x1762 ./Drivers/STM32L4xx_HAL_Driver/Src/stm32l4xx_ll_usb.o
                0x000000000800639a                USB_EPStartXfer
 .text.USB_EPSetStall
                0x0000000008007afc       0xa2 ./Drivers/STM32L4xx_HAL_Driver/Src/stm32l4xx_ll_usb.o
                0x0000000008007afc                USB_EPSetStall
 .text.USB_EPClearStall
                0x0000000008007b9e      0x15c ./Drivers/STM32L4xx_HAL_Driver/Src/stm32l4xx_ll_usb.o
                0x0000000008007b9e                USB_EPClearStall
 .text.USB_SetDevAddress
                0x0000000008007cfa       0x28 ./Drivers/STM32L4xx_HAL_Driver/Src/stm32l4xx_ll_usb.o
                0x0000000008007cfa                USB_SetDevAddress
 .text.USB_DevConnect
                0x0000000008007d22       0x2e ./Drivers/STM32L4xx_HAL_Driver/Src/stm32l4xx_ll_usb.o
                0x0000000008007d22                USB_DevConnect
 .text.USB_DevDisconnect
                0x0000000008007d50       0x2a ./Drivers/STM32L4xx_HAL_Driver/Src/stm32l4xx_ll_usb.o
                0x0000000008007d50                USB_DevDisconnect
 .text.USB_ReadInterrupts
                0x0000000008007d7a       0x20 ./Drivers/STM32L4xx_HAL_Driver/Src/stm32l4xx_ll_usb.o
                0x0000000008007d7a                USB_ReadInterrupts
 .text.USB_EP0_OutStart
                0x0000000008007d9a       0x18 ./Drivers/STM32L4xx_HAL_Driver/Src/stm32l4xx_ll_usb.o
                0x0000000008007d9a                USB_EP0_OutStart
 .text.USB_WritePMA
                0x0000000008007db2       0x84 ./Drivers/STM32L4xx_HAL_Driver/Src/stm32l4xx_ll_usb.o
                0x0000000008007db2                USB_WritePMA
 .text.USB_ReadPMA
                0x0000000008007e36       0x98 ./Drivers/STM32L4xx_HAL_Driver/Src/stm32l4xx_ll_usb.o
                0x0000000008007e36                USB_ReadPMA
 *fill*         0x0000000008007ece        0x2 
 .text.USBD_MSC_Init
                0x0000000008007ed0      0x120 ./Middlewares/ST/STM32_USB_Device_Library/Class/MSC/Src/usbd_msc.o
                0x0000000008007ed0                USBD_MSC_Init
 .text.USBD_MSC_DeInit
                0x0000000008007ff0       0xb0 ./Middlewares/ST/STM32_USB_Device_Library/Class/MSC/Src/usbd_msc.o
                0x0000000008007ff0                USBD_MSC_DeInit
 .text.USBD_MSC_Setup
                0x00000000080080a0      0x1f8 ./Middlewares/ST/STM32_USB_Device_Library/Class/MSC/Src/usbd_msc.o
                0x00000000080080a0                USBD_MSC_Setup
 .text.USBD_MSC_DataIn
                0x0000000008008298       0x20 ./Middlewares/ST/STM32_USB_Device_Library/Class/MSC/Src/usbd_msc.o
                0x0000000008008298                USBD_MSC_DataIn
 .text.USBD_MSC_DataOut
                0x00000000080082b8       0x20 ./Middlewares/ST/STM32_USB_Device_Library/Class/MSC/Src/usbd_msc.o
                0x00000000080082b8                USBD_MSC_DataOut
 .text.USBD_MSC_GetHSCfgDesc
                0x00000000080082d8       0x58 ./Middlewares/ST/STM32_USB_Device_Library/Class/MSC/Src/usbd_msc.o
                0x00000000080082d8                USBD_MSC_GetHSCfgDesc
 .text.USBD_MSC_GetFSCfgDesc
                0x0000000008008330       0x58 ./Middlewares/ST/STM32_USB_Device_Library/Class/MSC/Src/usbd_msc.o
                0x0000000008008330                USBD_MSC_GetFSCfgDesc
 .text.USBD_MSC_GetOtherSpeedCfgDesc
                0x0000000008008388       0x58 ./Middlewares/ST/STM32_USB_Device_Library/Class/MSC/Src/usbd_msc.o
                0x0000000008008388                USBD_MSC_GetOtherSpeedCfgDesc
 .text.USBD_MSC_GetDeviceQualifierDescriptor
                0x00000000080083e0       0x20 ./Middlewares/ST/STM32_USB_Device_Library/Class/MSC/Src/usbd_msc.o
                0x00000000080083e0                USBD_MSC_GetDeviceQualifierDescriptor
 .text.USBD_MSC_RegisterStorage
                0x0000000008008400       0x34 ./Middlewares/ST/STM32_USB_Device_Library/Class/MSC/Src/usbd_msc.o
                0x0000000008008400                USBD_MSC_RegisterStorage
 .text.MSC_BOT_Init
                0x0000000008008434       0xa4 ./Middlewares/ST/STM32_USB_Device_Library/Class/MSC/Src/usbd_msc_bot.o
                0x0000000008008434                MSC_BOT_Init
 .text.MSC_BOT_Reset
                0x00000000080084d8       0x68 ./Middlewares/ST/STM32_USB_Device_Library/Class/MSC/Src/usbd_msc_bot.o
                0x00000000080084d8                MSC_BOT_Reset
 .text.MSC_BOT_DeInit
                0x0000000008008540       0x30 ./Middlewares/ST/STM32_USB_Device_Library/Class/MSC/Src/usbd_msc_bot.o
                0x0000000008008540                MSC_BOT_DeInit
 .text.MSC_BOT_DataIn
                0x0000000008008570       0x78 ./Middlewares/ST/STM32_USB_Device_Library/Class/MSC/Src/usbd_msc_bot.o
                0x0000000008008570                MSC_BOT_DataIn
 .text.MSC_BOT_DataOut
                0x00000000080085e8       0x6c ./Middlewares/ST/STM32_USB_Device_Library/Class/MSC/Src/usbd_msc_bot.o
                0x00000000080085e8                MSC_BOT_DataOut
 .text.MSC_BOT_CBW_Decode
                0x0000000008008654      0x140 ./Middlewares/ST/STM32_USB_Device_Library/Class/MSC/Src/usbd_msc_bot.o
 .text.MSC_BOT_SendData
                0x0000000008008794       0x78 ./Middlewares/ST/STM32_USB_Device_Library/Class/MSC/Src/usbd_msc_bot.o
 .text.MSC_BOT_SendCSW
                0x000000000800880c       0x80 ./Middlewares/ST/STM32_USB_Device_Library/Class/MSC/Src/usbd_msc_bot.o
                0x000000000800880c                MSC_BOT_SendCSW
 .text.MSC_BOT_Abort
                0x000000000800888c       0x88 ./Middlewares/ST/STM32_USB_Device_Library/Class/MSC/Src/usbd_msc_bot.o
 .text.MSC_BOT_CplClrFeature
                0x0000000008008914       0x74 ./Middlewares/ST/STM32_USB_Device_Library/Class/MSC/Src/usbd_msc_bot.o
                0x0000000008008914                MSC_BOT_CplClrFeature
 .text.SCSI_ProcessCmd
                0x0000000008008988      0x304 ./Middlewares/ST/STM32_USB_Device_Library/Class/MSC/Src/usbd_msc_scsi.o
                0x0000000008008988                SCSI_ProcessCmd
 .text.SCSI_TestUnitReady
                0x0000000008008c8c       0xba ./Middlewares/ST/STM32_USB_Device_Library/Class/MSC/Src/usbd_msc_scsi.o
 *fill*         0x0000000008008d46        0x2 
 .text.SCSI_Inquiry
                0x0000000008008d48      0x100 ./Middlewares/ST/STM32_USB_Device_Library/Class/MSC/Src/usbd_msc_scsi.o
 .text.SCSI_ReadCapacity10
                0x0000000008008e48      0x11e ./Middlewares/ST/STM32_USB_Device_Library/Class/MSC/Src/usbd_msc_scsi.o
 .text.SCSI_ReadCapacity16
                0x0000000008008f66      0x18a ./Middlewares/ST/STM32_USB_Device_Library/Class/MSC/Src/usbd_msc_scsi.o
 .text.SCSI_ReadFormatCapacity
                0x00000000080090f0       0xfa ./Middlewares/ST/STM32_USB_Device_Library/Class/MSC/Src/usbd_msc_scsi.o
 *fill*         0x00000000080091ea        0x2 
 .text.SCSI_ModeSense6
                0x00000000080091ec       0x60 ./Middlewares/ST/STM32_USB_Device_Library/Class/MSC/Src/usbd_msc_scsi.o
 .text.SCSI_ModeSense10
                0x000000000800924c       0x60 ./Middlewares/ST/STM32_USB_Device_Library/Class/MSC/Src/usbd_msc_scsi.o
 .text.SCSI_RequestSense
                0x00000000080092ac      0x134 ./Middlewares/ST/STM32_USB_Device_Library/Class/MSC/Src/usbd_msc_scsi.o
 .text.SCSI_SenseCode
                0x00000000080093e0       0xb8 ./Middlewares/ST/STM32_USB_Device_Library/Class/MSC/Src/usbd_msc_scsi.o
                0x00000000080093e0                SCSI_SenseCode
 .text.SCSI_StartStopUnit
                0x0000000008009498       0xba ./Middlewares/ST/STM32_USB_Device_Library/Class/MSC/Src/usbd_msc_scsi.o
 .text.SCSI_AllowPreventRemovable
                0x0000000008009552       0x62 ./Middlewares/ST/STM32_USB_Device_Library/Class/MSC/Src/usbd_msc_scsi.o
 .text.SCSI_Read10
                0x00000000080095b4      0x16e ./Middlewares/ST/STM32_USB_Device_Library/Class/MSC/Src/usbd_msc_scsi.o
 .text.SCSI_Read12
                0x0000000008009722      0x182 ./Middlewares/ST/STM32_USB_Device_Library/Class/MSC/Src/usbd_msc_scsi.o
 .text.SCSI_Write10
                0x00000000080098a4      0x1c8 ./Middlewares/ST/STM32_USB_Device_Library/Class/MSC/Src/usbd_msc_scsi.o
 .text.SCSI_Write12
                0x0000000008009a6c      0x1e8 ./Middlewares/ST/STM32_USB_Device_Library/Class/MSC/Src/usbd_msc_scsi.o
 .text.SCSI_Verify10
                0x0000000008009c54       0x7e ./Middlewares/ST/STM32_USB_Device_Library/Class/MSC/Src/usbd_msc_scsi.o
 .text.SCSI_CheckAddressRange
                0x0000000008009cd2       0x5a ./Middlewares/ST/STM32_USB_Device_Library/Class/MSC/Src/usbd_msc_scsi.o
 .text.SCSI_ProcessRead
                0x0000000008009d2c      0x12c ./Middlewares/ST/STM32_USB_Device_Library/Class/MSC/Src/usbd_msc_scsi.o
 .text.SCSI_ProcessWrite
                0x0000000008009e58      0x154 ./Middlewares/ST/STM32_USB_Device_Library/Class/MSC/Src/usbd_msc_scsi.o
 .text.SCSI_UpdateBotData
                0x0000000008009fac       0x52 ./Middlewares/ST/STM32_USB_Device_Library/Class/MSC/Src/usbd_msc_scsi.o
 .text.USBD_Init
                0x0000000008009ffe       0x60 ./Middlewares/ST/STM32_USB_Device_Library/Core/Src/usbd_core.o
                0x0000000008009ffe                USBD_Init
 .text.USBD_RegisterClass
                0x000000000800a05e       0x6c ./Middlewares/ST/STM32_USB_Device_Library/Core/Src/usbd_core.o
                0x000000000800a05e                USBD_RegisterClass
 .text.USBD_Start
                0x000000000800a0ca       0x18 ./Middlewares/ST/STM32_USB_Device_Library/Core/Src/usbd_core.o
                0x000000000800a0ca                USBD_Start
 .text.USBD_RunTestMode
                0x000000000800a0e2       0x16 ./Middlewares/ST/STM32_USB_Device_Library/Core/Src/usbd_core.o
                0x000000000800a0e2                USBD_RunTestMode
 .text.USBD_SetClassConfig
                0x000000000800a0f8       0x38 ./Middlewares/ST/STM32_USB_Device_Library/Core/Src/usbd_core.o
                0x000000000800a0f8                USBD_SetClassConfig
 .text.USBD_ClrClassConfig
                0x000000000800a130       0x34 ./Middlewares/ST/STM32_USB_Device_Library/Core/Src/usbd_core.o
                0x000000000800a130                USBD_ClrClassConfig
 .text.USBD_LL_SetupStage
                0x000000000800a164       0xaa ./Middlewares/ST/STM32_USB_Device_Library/Core/Src/usbd_core.o
                0x000000000800a164                USBD_LL_SetupStage
 .text.USBD_LL_DataOutStage
                0x000000000800a20e      0x166 ./Middlewares/ST/STM32_USB_Device_Library/Core/Src/usbd_core.o
                0x000000000800a20e                USBD_LL_DataOutStage
 .text.USBD_LL_DataInStage
                0x000000000800a374      0x164 ./Middlewares/ST/STM32_USB_Device_Library/Core/Src/usbd_core.o
                0x000000000800a374                USBD_LL_DataInStage
 .text.USBD_LL_Reset
                0x000000000800a4d8       0xa4 ./Middlewares/ST/STM32_USB_Device_Library/Core/Src/usbd_core.o
                0x000000000800a4d8                USBD_LL_Reset
 .text.USBD_LL_SetSpeed
                0x000000000800a57c       0x20 ./Middlewares/ST/STM32_USB_Device_Library/Core/Src/usbd_core.o
                0x000000000800a57c                USBD_LL_SetSpeed
 .text.USBD_LL_Suspend
                0x000000000800a59c       0x38 ./Middlewares/ST/STM32_USB_Device_Library/Core/Src/usbd_core.o
                0x000000000800a59c                USBD_LL_Suspend
 .text.USBD_LL_Resume
                0x000000000800a5d4       0x30 ./Middlewares/ST/STM32_USB_Device_Library/Core/Src/usbd_core.o
                0x000000000800a5d4                USBD_LL_Resume
 .text.USBD_LL_SOF
                0x000000000800a604       0x40 ./Middlewares/ST/STM32_USB_Device_Library/Core/Src/usbd_core.o
                0x000000000800a604                USBD_LL_SOF
 .text.USBD_CoreFindIF
                0x000000000800a644       0x1a ./Middlewares/ST/STM32_USB_Device_Library/Core/Src/usbd_core.o
                0x000000000800a644                USBD_CoreFindIF
 .text.USBD_CoreFindEP
                0x000000000800a65e       0x1a ./Middlewares/ST/STM32_USB_Device_Library/Core/Src/usbd_core.o
                0x000000000800a65e                USBD_CoreFindEP
 .text.USBD_GetEpDesc
                0x000000000800a678       0x74 ./Middlewares/ST/STM32_USB_Device_Library/Core/Src/usbd_core.o
                0x000000000800a678                USBD_GetEpDesc
 .text.USBD_GetNextDesc
                0x000000000800a6ec       0x3a ./Middlewares/ST/STM32_USB_Device_Library/Core/Src/usbd_core.o
                0x000000000800a6ec                USBD_GetNextDesc
 .text.SWAPBYTE
                0x000000000800a726       0x3c ./Middlewares/ST/STM32_USB_Device_Library/Core/Src/usbd_ctlreq.o
 *fill*         0x000000000800a762        0x2 
 .text.USBD_StdDevReq
                0x000000000800a764       0xe4 ./Middlewares/ST/STM32_USB_Device_Library/Core/Src/usbd_ctlreq.o
                0x000000000800a764                USBD_StdDevReq
 .text.USBD_StdItfReq
                0x000000000800a848       0xd8 ./Middlewares/ST/STM32_USB_Device_Library/Core/Src/usbd_ctlreq.o
                0x000000000800a848                USBD_StdItfReq
 .text.USBD_StdEPReq
                0x000000000800a920      0x33a ./Middlewares/ST/STM32_USB_Device_Library/Core/Src/usbd_ctlreq.o
                0x000000000800a920                USBD_StdEPReq
 *fill*         0x000000000800ac5a        0x2 
 .text.USBD_GetDescriptor
                0x000000000800ac5c      0x328 ./Middlewares/ST/STM32_USB_Device_Library/Core/Src/usbd_ctlreq.o
 .text.USBD_SetAddress
                0x000000000800af84       0x88 ./Middlewares/ST/STM32_USB_Device_Library/Core/Src/usbd_ctlreq.o
 .text.USBD_SetConfig
                0x000000000800b00c      0x154 ./Middlewares/ST/STM32_USB_Device_Library/Core/Src/usbd_ctlreq.o
 .text.USBD_GetConfig
                0x000000000800b160       0x6c ./Middlewares/ST/STM32_USB_Device_Library/Core/Src/usbd_ctlreq.o
 .text.USBD_GetStatus
                0x000000000800b1cc       0x68 ./Middlewares/ST/STM32_USB_Device_Library/Core/Src/usbd_ctlreq.o
 .text.USBD_SetFeature
                0x000000000800b234       0x52 ./Middlewares/ST/STM32_USB_Device_Library/Core/Src/usbd_ctlreq.o
 .text.USBD_ClrFeature
                0x000000000800b286       0x44 ./Middlewares/ST/STM32_USB_Device_Library/Core/Src/usbd_ctlreq.o
 .text.USBD_ParseSetupRequest
                0x000000000800b2ca       0x74 ./Middlewares/ST/STM32_USB_Device_Library/Core/Src/usbd_ctlreq.o
                0x000000000800b2ca                USBD_ParseSetupRequest
 .text.USBD_CtlError
                0x000000000800b33e       0x22 ./Middlewares/ST/STM32_USB_Device_Library/Core/Src/usbd_ctlreq.o
                0x000000000800b33e                USBD_CtlError
 .text.USBD_GetString
                0x000000000800b360       0x8c ./Middlewares/ST/STM32_USB_Device_Library/Core/Src/usbd_ctlreq.o
                0x000000000800b360                USBD_GetString
 .text.USBD_GetLen
                0x000000000800b3ec       0x34 ./Middlewares/ST/STM32_USB_Device_Library/Core/Src/usbd_ctlreq.o
 .text.USBD_CtlSendData
                0x000000000800b420       0x36 ./Middlewares/ST/STM32_USB_Device_Library/Core/Src/usbd_ioreq.o
                0x000000000800b420                USBD_CtlSendData
 .text.USBD_CtlContinueSendData
                0x000000000800b456       0x22 ./Middlewares/ST/STM32_USB_Device_Library/Core/Src/usbd_ioreq.o
                0x000000000800b456                USBD_CtlContinueSendData
 .text.USBD_CtlContinueRx
                0x000000000800b478       0x22 ./Middlewares/ST/STM32_USB_Device_Library/Core/Src/usbd_ioreq.o
                0x000000000800b478                USBD_CtlContinueRx
 .text.USBD_CtlSendStatus
                0x000000000800b49a       0x26 ./Middlewares/ST/STM32_USB_Device_Library/Core/Src/usbd_ioreq.o
                0x000000000800b49a                USBD_CtlSendStatus
 .text.USBD_CtlReceiveStatus
                0x000000000800b4c0       0x26 ./Middlewares/ST/STM32_USB_Device_Library/Core/Src/usbd_ioreq.o
                0x000000000800b4c0                USBD_CtlReceiveStatus
 *fill*         0x000000000800b4e6        0x2 
 .text.MX_USB_DEVICE_Init
                0x000000000800b4e8       0x60 ./USB_DEVICE/App/usb_device.o
                0x000000000800b4e8                MX_USB_DEVICE_Init
 .text.USBD_FS_DeviceDescriptor
                0x000000000800b548       0x24 ./USB_DEVICE/App/usbd_desc.o
                0x000000000800b548                USBD_FS_DeviceDescriptor
 .text.USBD_FS_LangIDStrDescriptor
                0x000000000800b56c       0x24 ./USB_DEVICE/App/usbd_desc.o
                0x000000000800b56c                USBD_FS_LangIDStrDescriptor
 .text.USBD_FS_ProductStrDescriptor
                0x000000000800b590       0x3c ./USB_DEVICE/App/usbd_desc.o
                0x000000000800b590                USBD_FS_ProductStrDescriptor
 .text.USBD_FS_ManufacturerStrDescriptor
                0x000000000800b5cc       0x28 ./USB_DEVICE/App/usbd_desc.o
                0x000000000800b5cc                USBD_FS_ManufacturerStrDescriptor
 .text.USBD_FS_SerialStrDescriptor
                0x000000000800b5f4       0x24 ./USB_DEVICE/App/usbd_desc.o
                0x000000000800b5f4                USBD_FS_SerialStrDescriptor
 .text.USBD_FS_ConfigStrDescriptor
                0x000000000800b618       0x3c ./USB_DEVICE/App/usbd_desc.o
                0x000000000800b618                USBD_FS_ConfigStrDescriptor
 .text.USBD_FS_InterfaceStrDescriptor
                0x000000000800b654       0x3c ./USB_DEVICE/App/usbd_desc.o
                0x000000000800b654                USBD_FS_InterfaceStrDescriptor
 .text.USBD_FS_USR_BOSDescriptor
                0x000000000800b690       0x24 ./USB_DEVICE/App/usbd_desc.o
                0x000000000800b690                USBD_FS_USR_BOSDescriptor
 .text.Get_SerialNum
                0x000000000800b6b4       0x58 ./USB_DEVICE/App/usbd_desc.o
 .text.IntToUnicode
                0x000000000800b70c       0x7e ./USB_DEVICE/App/usbd_desc.o
 .text.STORAGE_Init_FS
                0x000000000800b78a       0x18 ./USB_DEVICE/App/usbd_storage_if.o
 .text.STORAGE_GetCapacity_FS
                0x000000000800b7a2       0x2c ./USB_DEVICE/App/usbd_storage_if.o
 *fill*         0x000000000800b7ce        0x2 
 .text.STORAGE_IsReady_FS
                0x000000000800b7d0       0x2c ./USB_DEVICE/App/usbd_storage_if.o
 .text.STORAGE_IsWriteProtected_FS
                0x000000000800b7fc       0x18 ./USB_DEVICE/App/usbd_storage_if.o
 .text.STORAGE_Read_FS
                0x000000000800b814       0x38 ./USB_DEVICE/App/usbd_storage_if.o
 .text.STORAGE_Write_FS
                0x000000000800b84c       0x42 ./USB_DEVICE/App/usbd_storage_if.o
 .text.STORAGE_GetMaxLun_FS
                0x000000000800b88e       0x10 ./USB_DEVICE/App/usbd_storage_if.o
 *fill*         0x000000000800b89e        0x2 
 .text.HAL_PCD_MspInit
                0x000000000800b8a0       0x98 ./USB_DEVICE/Target/usbd_conf.o
                0x000000000800b8a0                HAL_PCD_MspInit
 .text.HAL_PCD_SetupStageCallback
                0x000000000800b938       0x24 ./USB_DEVICE/Target/usbd_conf.o
                0x000000000800b938                HAL_PCD_SetupStageCallback
 .text.HAL_PCD_DataOutStageCallback
                0x000000000800b95c       0x36 ./USB_DEVICE/Target/usbd_conf.o
                0x000000000800b95c                HAL_PCD_DataOutStageCallback
 .text.HAL_PCD_DataInStageCallback
                0x000000000800b992       0x34 ./USB_DEVICE/Target/usbd_conf.o
                0x000000000800b992                HAL_PCD_DataInStageCallback
 .text.HAL_PCD_SOFCallback
                0x000000000800b9c6       0x1c ./USB_DEVICE/Target/usbd_conf.o
                0x000000000800b9c6                HAL_PCD_SOFCallback
 .text.HAL_PCD_ResetCallback
                0x000000000800b9e2       0x3c ./USB_DEVICE/Target/usbd_conf.o
                0x000000000800b9e2                HAL_PCD_ResetCallback
 *fill*         0x000000000800ba1e        0x2 
 .text.HAL_PCD_SuspendCallback
                0x000000000800ba20       0x34 ./USB_DEVICE/Target/usbd_conf.o
                0x000000000800ba20                HAL_PCD_SuspendCallback
 .text.HAL_PCD_ResumeCallback
                0x000000000800ba54       0x38 ./USB_DEVICE/Target/usbd_conf.o
                0x000000000800ba54                HAL_PCD_ResumeCallback
 .text.USBD_LL_Init
                0x000000000800ba8c       0xb0 ./USB_DEVICE/Target/usbd_conf.o
                0x000000000800ba8c                USBD_LL_Init
 .text.USBD_LL_Start
                0x000000000800bb3c       0x64 ./USB_DEVICE/Target/usbd_conf.o
                0x000000000800bb3c                USBD_LL_Start
 .text.USBD_LL_OpenEP
                0x000000000800bba0       0x7c ./USB_DEVICE/Target/usbd_conf.o
                0x000000000800bba0                USBD_LL_OpenEP
 .text.USBD_LL_CloseEP
                0x000000000800bc1c       0x6c ./USB_DEVICE/Target/usbd_conf.o
                0x000000000800bc1c                USBD_LL_CloseEP
 .text.USBD_LL_FlushEP
                0x000000000800bc88       0x6c ./USB_DEVICE/Target/usbd_conf.o
                0x000000000800bc88                USBD_LL_FlushEP
 .text.USBD_LL_StallEP
                0x000000000800bcf4       0x6c ./USB_DEVICE/Target/usbd_conf.o
                0x000000000800bcf4                USBD_LL_StallEP
 .text.USBD_LL_ClearStallEP
                0x000000000800bd60       0x6c ./USB_DEVICE/Target/usbd_conf.o
                0x000000000800bd60                USBD_LL_ClearStallEP
 .text.USBD_LL_IsStallEP
                0x000000000800bdcc       0x5a ./USB_DEVICE/Target/usbd_conf.o
                0x000000000800bdcc                USBD_LL_IsStallEP
 *fill*         0x000000000800be26        0x2 
 .text.USBD_LL_SetUSBAddress
                0x000000000800be28       0x6c ./USB_DEVICE/Target/usbd_conf.o
                0x000000000800be28                USBD_LL_SetUSBAddress
 .text.USBD_LL_Transmit
                0x000000000800be94       0x70 ./USB_DEVICE/Target/usbd_conf.o
                0x000000000800be94                USBD_LL_Transmit
 .text.USBD_LL_PrepareReceive
                0x000000000800bf04       0x70 ./USB_DEVICE/Target/usbd_conf.o
                0x000000000800bf04                USBD_LL_PrepareReceive
 .text.USBD_LL_GetRxDataSize
                0x000000000800bf74       0x26 ./USB_DEVICE/Target/usbd_conf.o
                0x000000000800bf74                USBD_LL_GetRxDataSize
 *fill*         0x000000000800bf9a        0x2 
 .text.HAL_PCDEx_LPM_Callback
                0x000000000800bf9c       0x6c ./USB_DEVICE/Target/usbd_conf.o
                0x000000000800bf9c                HAL_PCDEx_LPM_Callback
 .text.USBD_static_malloc
                0x000000000800c008       0x1c ./USB_DEVICE/Target/usbd_conf.o
                0x000000000800c008                USBD_static_malloc
 .text.USBD_static_free
                0x000000000800c024       0x14 ./USB_DEVICE/Target/usbd_conf.o
                0x000000000800c024                USBD_static_free
 .text.SystemClockConfig_Resume
                0x000000000800c038        0xc ./USB_DEVICE/Target/usbd_conf.o
 .text.std      0x000000000800c044       0x6c C:/Program Files/STMicroelectronics/STM32Cube/STM32CubeIDE_1.14.1/STM32CubeIDE/plugins/com.st.stm32cube.ide.mcu.externaltools.gnu-tools-for-stm32.11.3.rel1.win32_1.1.100.202309141235/tools/bin/../lib/gcc/arm-none-eabi/11.3.1/../../../../arm-none-eabi/lib/thumb/v7e-m+fp/hard\libc_nano.a(libc_a-findfp.o)
 .text.stdio_exit_handler
                0x000000000800c0b0       0x18 C:/Program Files/STMicroelectronics/STM32Cube/STM32CubeIDE_1.14.1/STM32CubeIDE/plugins/com.st.stm32cube.ide.mcu.externaltools.gnu-tools-for-stm32.11.3.rel1.win32_1.1.100.202309141235/tools/bin/../lib/gcc/arm-none-eabi/11.3.1/../../../../arm-none-eabi/lib/thumb/v7e-m+fp/hard\libc_nano.a(libc_a-findfp.o)
 .text.cleanup_stdio
                0x000000000800c0c8       0x40 C:/Program Files/STMicroelectronics/STM32Cube/STM32CubeIDE_1.14.1/STM32CubeIDE/plugins/com.st.stm32cube.ide.mcu.externaltools.gnu-tools-for-stm32.11.3.rel1.win32_1.1.100.202309141235/tools/bin/../lib/gcc/arm-none-eabi/11.3.1/../../../../arm-none-eabi/lib/thumb/v7e-m+fp/hard\libc_nano.a(libc_a-findfp.o)
 .text.global_stdio_init.part.0
                0x000000000800c108       0x3c C:/Program Files/STMicroelectronics/STM32Cube/STM32CubeIDE_1.14.1/STM32CubeIDE/plugins/com.st.stm32cube.ide.mcu.externaltools.gnu-tools-for-stm32.11.3.rel1.win32_1.1.100.202309141235/tools/bin/../lib/gcc/arm-none-eabi/11.3.1/../../../../arm-none-eabi/lib/thumb/v7e-m+fp/hard\libc_nano.a(libc_a-findfp.o)
 .text.__sfp_lock_acquire
                0x000000000800c144        0xc C:/Program Files/STMicroelectronics/STM32Cube/STM32CubeIDE_1.14.1/STM32CubeIDE/plugins/com.st.stm32cube.ide.mcu.externaltools.gnu-tools-for-stm32.11.3.rel1.win32_1.1.100.202309141235/tools/bin/../lib/gcc/arm-none-eabi/11.3.1/../../../../arm-none-eabi/lib/thumb/v7e-m+fp/hard\libc_nano.a(libc_a-findfp.o)
                0x000000000800c144                __sfp_lock_acquire
 .text.__sfp_lock_release
                0x000000000800c150        0xc C:/Program Files/STMicroelectronics/STM32Cube/STM32CubeIDE_1.14.1/STM32CubeIDE/plugins/com.st.stm32cube.ide.mcu.externaltools.gnu-tools-for-stm32.11.3.rel1.win32_1.1.100.202309141235/tools/bin/../lib/gcc/arm-none-eabi/11.3.1/../../../../arm-none-eabi/lib/thumb/v7e-m+fp/hard\libc_nano.a(libc_a-findfp.o)
                0x000000000800c150                __sfp_lock_release
 .text.__sinit  0x000000000800c15c       0x30 C:/Program Files/STMicroelectronics/STM32Cube/STM32CubeIDE_1.14.1/STM32CubeIDE/plugins/com.st.stm32cube.ide.mcu.externaltools.gnu-tools-for-stm32.11.3.rel1.win32_1.1.100.202309141235/tools/bin/../lib/gcc/arm-none-eabi/11.3.1/../../../../arm-none-eabi/lib/thumb/v7e-m+fp/hard\libc_nano.a(libc_a-findfp.o)
                0x000000000800c15c                __sinit
 .text._fwalk_sglue
                0x000000000800c18c       0x3c C:/Program Files/STMicroelectronics/STM32Cube/STM32CubeIDE_1.14.1/STM32CubeIDE/plugins/com.st.stm32cube.ide.mcu.externaltools.gnu-tools-for-stm32.11.3.rel1.win32_1.1.100.202309141235/tools/bin/../lib/gcc/arm-none-eabi/11.3.1/../../../../arm-none-eabi/lib/thumb/v7e-m+fp/hard\libc_nano.a(libc_a-fwalk.o)
                0x000000000800c18c                _fwalk_sglue
 .text.printf   0x000000000800c1c8       0x24 C:/Program Files/STMicroelectronics/STM32Cube/STM32CubeIDE_1.14.1/STM32CubeIDE/plugins/com.st.stm32cube.ide.mcu.externaltools.gnu-tools-for-stm32.11.3.rel1.win32_1.1.100.202309141235/tools/bin/../lib/gcc/arm-none-eabi/11.3.1/../../../../arm-none-eabi/lib/thumb/v7e-m+fp/hard\libc_nano.a(libc_a-printf.o)
                0x000000000800c1c8                iprintf
                0x000000000800c1c8                printf
 .text.__sread  0x000000000800c1ec       0x22 C:/Program Files/STMicroelectronics/STM32Cube/STM32CubeIDE_1.14.1/STM32CubeIDE/plugins/com.st.stm32cube.ide.mcu.externaltools.gnu-tools-for-stm32.11.3.rel1.win32_1.1.100.202309141235/tools/bin/../lib/gcc/arm-none-eabi/11.3.1/../../../../arm-none-eabi/lib/thumb/v7e-m+fp/hard\libc_nano.a(libc_a-stdio.o)
                0x000000000800c1ec                __sread
 .text.__swrite
                0x000000000800c20e       0x38 C:/Program Files/STMicroelectronics/STM32Cube/STM32CubeIDE_1.14.1/STM32CubeIDE/plugins/com.st.stm32cube.ide.mcu.externaltools.gnu-tools-for-stm32.11.3.rel1.win32_1.1.100.202309141235/tools/bin/../lib/gcc/arm-none-eabi/11.3.1/../../../../arm-none-eabi/lib/thumb/v7e-m+fp/hard\libc_nano.a(libc_a-stdio.o)
                0x000000000800c20e                __swrite
 .text.__sseek  0x000000000800c246       0x24 C:/Program Files/STMicroelectronics/STM32Cube/STM32CubeIDE_1.14.1/STM32CubeIDE/plugins/com.st.stm32cube.ide.mcu.externaltools.gnu-tools-for-stm32.11.3.rel1.win32_1.1.100.202309141235/tools/bin/../lib/gcc/arm-none-eabi/11.3.1/../../../../arm-none-eabi/lib/thumb/v7e-m+fp/hard\libc_nano.a(libc_a-stdio.o)
                0x000000000800c246                __sseek
 .text.__sclose
                0x000000000800c26a        0x8 C:/Program Files/STMicroelectronics/STM32Cube/STM32CubeIDE_1.14.1/STM32CubeIDE/plugins/com.st.stm32cube.ide.mcu.externaltools.gnu-tools-for-stm32.11.3.rel1.win32_1.1.100.202309141235/tools/bin/../lib/gcc/arm-none-eabi/11.3.1/../../../../arm-none-eabi/lib/thumb/v7e-m+fp/hard\libc_nano.a(libc_a-stdio.o)
                0x000000000800c26a                __sclose
 .text.memset   0x000000000800c272       0x10 C:/Program Files/STMicroelectronics/STM32Cube/STM32CubeIDE_1.14.1/STM32CubeIDE/plugins/com.st.stm32cube.ide.mcu.externaltools.gnu-tools-for-stm32.11.3.rel1.win32_1.1.100.202309141235/tools/bin/../lib/gcc/arm-none-eabi/11.3.1/../../../../arm-none-eabi/lib/thumb/v7e-m+fp/hard\libc_nano.a(libc_a-memset.o)
                0x000000000800c272                memset
 *fill*         0x000000000800c282        0x2 
 .text._close_r
                0x000000000800c284       0x20 C:/Program Files/STMicroelectronics/STM32Cube/STM32CubeIDE_1.14.1/STM32CubeIDE/plugins/com.st.stm32cube.ide.mcu.externaltools.gnu-tools-for-stm32.11.3.rel1.win32_1.1.100.202309141235/tools/bin/../lib/gcc/arm-none-eabi/11.3.1/../../../../arm-none-eabi/lib/thumb/v7e-m+fp/hard\libc_nano.a(libc_a-closer.o)
                0x000000000800c284                _close_r
 .text._lseek_r
                0x000000000800c2a4       0x24 C:/Program Files/STMicroelectronics/STM32Cube/STM32CubeIDE_1.14.1/STM32CubeIDE/plugins/com.st.stm32cube.ide.mcu.externaltools.gnu-tools-for-stm32.11.3.rel1.win32_1.1.100.202309141235/tools/bin/../lib/gcc/arm-none-eabi/11.3.1/../../../../arm-none-eabi/lib/thumb/v7e-m+fp/hard\libc_nano.a(libc_a-lseekr.o)
                0x000000000800c2a4                _lseek_r
 .text._read_r  0x000000000800c2c8       0x24 C:/Program Files/STMicroelectronics/STM32Cube/STM32CubeIDE_1.14.1/STM32CubeIDE/plugins/com.st.stm32cube.ide.mcu.externaltools.gnu-tools-for-stm32.11.3.rel1.win32_1.1.100.202309141235/tools/bin/../lib/gcc/arm-none-eabi/11.3.1/../../../../arm-none-eabi/lib/thumb/v7e-m+fp/hard\libc_nano.a(libc_a-readr.o)
                0x000000000800c2c8                _read_r
 .text._write_r
                0x000000000800c2ec       0x24 C:/Program Files/STMicroelectronics/STM32Cube/STM32CubeIDE_1.14.1/STM32CubeIDE/plugins/com.st.stm32cube.ide.mcu.externaltools.gnu-tools-for-stm32.11.3.rel1.win32_1.1.100.202309141235/tools/bin/../lib/gcc/arm-none-eabi/11.3.1/../../../../arm-none-eabi/lib/thumb/v7e-m+fp/hard\libc_nano.a(libc_a-writer.o)
                0x000000000800c2ec                _write_r
 .text.__errno  0x000000000800c310        0xc C:/Program Files/STMicroelectronics/STM32Cube/STM32CubeIDE_1.14.1/STM32CubeIDE/plugins/com.st.stm32cube.ide.mcu.externaltools.gnu-tools-for-stm32.11.3.rel1.win32_1.1.100.202309141235/tools/bin/../lib/gcc/arm-none-eabi/11.3.1/../../../../arm-none-eabi/lib/thumb/v7e-m+fp/hard\libc_nano.a(libc_a-errno.o)
                0x000000000800c310                __errno
 .text.__libc_init_array
                0x000000000800c31c       0x48 C:/Program Files/STMicroelectronics/STM32Cube/STM32CubeIDE_1.14.1/STM32CubeIDE/plugins/com.st.stm32cube.ide.mcu.externaltools.gnu-tools-for-stm32.11.3.rel1.win32_1.1.100.202309141235/tools/bin/../lib/gcc/arm-none-eabi/11.3.1/../../../../arm-none-eabi/lib/thumb/v7e-m+fp/hard\libc_nano.a(libc_a-init.o)
                0x000000000800c31c                __libc_init_array
 .text.__retarget_lock_init_recursive
                0x000000000800c364        0x2 C:/Program Files/STMicroelectronics/STM32Cube/STM32CubeIDE_1.14.1/STM32CubeIDE/plugins/com.st.stm32cube.ide.mcu.externaltools.gnu-tools-for-stm32.11.3.rel1.win32_1.1.100.202309141235/tools/bin/../lib/gcc/arm-none-eabi/11.3.1/../../../../arm-none-eabi/lib/thumb/v7e-m+fp/hard\libc_nano.a(libc_a-lock.o)
                0x000000000800c364                __retarget_lock_init_recursive
 .text.__retarget_lock_acquire_recursive
                0x000000000800c366        0x2 C:/Program Files/STMicroelectronics/STM32Cube/STM32CubeIDE_1.14.1/STM32CubeIDE/plugins/com.st.stm32cube.ide.mcu.externaltools.gnu-tools-for-stm32.11.3.rel1.win32_1.1.100.202309141235/tools/bin/../lib/gcc/arm-none-eabi/11.3.1/../../../../arm-none-eabi/lib/thumb/v7e-m+fp/hard\libc_nano.a(libc_a-lock.o)
                0x000000000800c366                __retarget_lock_acquire_recursive
 .text.__retarget_lock_release_recursive
                0x000000000800c368        0x2 C:/Program Files/STMicroelectronics/STM32Cube/STM32CubeIDE_1.14.1/STM32CubeIDE/plugins/com.st.stm32cube.ide.mcu.externaltools.gnu-tools-for-stm32.11.3.rel1.win32_1.1.100.202309141235/tools/bin/../lib/gcc/arm-none-eabi/11.3.1/../../../../arm-none-eabi/lib/thumb/v7e-m+fp/hard\libc_nano.a(libc_a-lock.o)
                0x000000000800c368                __retarget_lock_release_recursive
 *fill*         0x000000000800c36a        0x2 
 .text._free_r  0x000000000800c36c       0x98 C:/Program Files/STMicroelectronics/STM32Cube/STM32CubeIDE_1.14.1/STM32CubeIDE/plugins/com.st.stm32cube.ide.mcu.externaltools.gnu-tools-for-stm32.11.3.rel1.win32_1.1.100.202309141235/tools/bin/../lib/gcc/arm-none-eabi/11.3.1/../../../../arm-none-eabi/lib/thumb/v7e-m+fp/hard\libc_nano.a(libc_a-freer.o)
                0x000000000800c36c                _free_r
 .text.sbrk_aligned
                0x000000000800c404       0x40 C:/Program Files/STMicroelectronics/STM32Cube/STM32CubeIDE_1.14.1/STM32CubeIDE/plugins/com.st.stm32cube.ide.mcu.externaltools.gnu-tools-for-stm32.11.3.rel1.win32_1.1.100.202309141235/tools/bin/../lib/gcc/arm-none-eabi/11.3.1/../../../../arm-none-eabi/lib/thumb/v7e-m+fp/hard\libc_nano.a(libc_a-mallocr.o)
 .text._malloc_r
                0x000000000800c444      0x100 C:/Program Files/STMicroelectronics/STM32Cube/STM32CubeIDE_1.14.1/STM32CubeIDE/plugins/com.st.stm32cube.ide.mcu.externaltools.gnu-tools-for-stm32.11.3.rel1.win32_1.1.100.202309141235/tools/bin/../lib/gcc/arm-none-eabi/11.3.1/../../../../arm-none-eabi/lib/thumb/v7e-m+fp/hard\libc_nano.a(libc_a-mallocr.o)
                0x000000000800c444                _malloc_r
 .text.__malloc_lock
                0x000000000800c544        0xc C:/Program Files/STMicroelectronics/STM32Cube/STM32CubeIDE_1.14.1/STM32CubeIDE/plugins/com.st.stm32cube.ide.mcu.externaltools.gnu-tools-for-stm32.11.3.rel1.win32_1.1.100.202309141235/tools/bin/../lib/gcc/arm-none-eabi/11.3.1/../../../../arm-none-eabi/lib/thumb/v7e-m+fp/hard\libc_nano.a(libc_a-mlock.o)
                0x000000000800c544                __malloc_lock
 .text.__malloc_unlock
                0x000000000800c550        0xc C:/Program Files/STMicroelectronics/STM32Cube/STM32CubeIDE_1.14.1/STM32CubeIDE/plugins/com.st.stm32cube.ide.mcu.externaltools.gnu-tools-for-stm32.11.3.rel1.win32_1.1.100.202309141235/tools/bin/../lib/gcc/arm-none-eabi/11.3.1/../../../../arm-none-eabi/lib/thumb/v7e-m+fp/hard\libc_nano.a(libc_a-mlock.o)
                0x000000000800c550                __malloc_unlock
 .text.__sfputc_r
                0x000000000800c55c       0x2e C:/Program Files/STMicroelectronics/STM32Cube/STM32CubeIDE_1.14.1/STM32CubeIDE/plugins/com.st.stm32cube.ide.mcu.externaltools.gnu-tools-for-stm32.11.3.rel1.win32_1.1.100.202309141235/tools/bin/../lib/gcc/arm-none-eabi/11.3.1/../../../../arm-none-eabi/lib/thumb/v7e-m+fp/hard\libc_nano.a(libc_a-nano-vfprintf.o)
 .text.__sfputs_r
                0x000000000800c58a       0x24 C:/Program Files/STMicroelectronics/STM32Cube/STM32CubeIDE_1.14.1/STM32CubeIDE/plugins/com.st.stm32cube.ide.mcu.externaltools.gnu-tools-for-stm32.11.3.rel1.win32_1.1.100.202309141235/tools/bin/../lib/gcc/arm-none-eabi/11.3.1/../../../../arm-none-eabi/lib/thumb/v7e-m+fp/hard\libc_nano.a(libc_a-nano-vfprintf.o)
                0x000000000800c58a                __sfputs_r
 *fill*         0x000000000800c5ae        0x2 
 .text._vfprintf_r
                0x000000000800c5b0      0x234 C:/Program Files/STMicroelectronics/STM32Cube/STM32CubeIDE_1.14.1/STM32CubeIDE/plugins/com.st.stm32cube.ide.mcu.externaltools.gnu-tools-for-stm32.11.3.rel1.win32_1.1.100.202309141235/tools/bin/../lib/gcc/arm-none-eabi/11.3.1/../../../../arm-none-eabi/lib/thumb/v7e-m+fp/hard\libc_nano.a(libc_a-nano-vfprintf.o)
                0x000000000800c5b0                _vfprintf_r
                0x000000000800c5b0                _vfiprintf_r
 .text._printf_common
                0x000000000800c7e4       0xda C:/Program Files/STMicroelectronics/STM32Cube/STM32CubeIDE_1.14.1/STM32CubeIDE/plugins/com.st.stm32cube.ide.mcu.externaltools.gnu-tools-for-stm32.11.3.rel1.win32_1.1.100.202309141235/tools/bin/../lib/gcc/arm-none-eabi/11.3.1/../../../../arm-none-eabi/lib/thumb/v7e-m+fp/hard\libc_nano.a(libc_a-nano-vfprintf_i.o)
                0x000000000800c7e4                _printf_common
 *fill*         0x000000000800c8be        0x2 
 .text._printf_i
                0x000000000800c8c0      0x244 C:/Program Files/STMicroelectronics/STM32Cube/STM32CubeIDE_1.14.1/STM32CubeIDE/plugins/com.st.stm32cube.ide.mcu.externaltools.gnu-tools-for-stm32.11.3.rel1.win32_1.1.100.202309141235/tools/bin/../lib/gcc/arm-none-eabi/11.3.1/../../../../arm-none-eabi/lib/thumb/v7e-m+fp/hard\libc_nano.a(libc_a-nano-vfprintf_i.o)
                0x000000000800c8c0                _printf_i
 .text.__sflush_r
                0x000000000800cb04      0x10c C:/Program Files/STMicroelectronics/STM32Cube/STM32CubeIDE_1.14.1/STM32CubeIDE/plugins/com.st.stm32cube.ide.mcu.externaltools.gnu-tools-for-stm32.11.3.rel1.win32_1.1.100.202309141235/tools/bin/../lib/gcc/arm-none-eabi/11.3.1/../../../../arm-none-eabi/lib/thumb/v7e-m+fp/hard\libc_nano.a(libc_a-fflush.o)
                0x000000000800cb04                __sflush_r
 .text._fflush_r
                0x000000000800cc10       0x50 C:/Program Files/STMicroelectronics/STM32Cube/STM32CubeIDE_1.14.1/STM32CubeIDE/plugins/com.st.stm32cube.ide.mcu.externaltools.gnu-tools-for-stm32.11.3.rel1.win32_1.1.100.202309141235/tools/bin/../lib/gcc/arm-none-eabi/11.3.1/../../../../arm-none-eabi/lib/thumb/v7e-m+fp/hard\libc_nano.a(libc_a-fflush.o)
                0x000000000800cc10                _fflush_r
 .text.__swbuf_r
                0x000000000800cc60       0x7a C:/Program Files/STMicroelectronics/STM32Cube/STM32CubeIDE_1.14.1/STM32CubeIDE/plugins/com.st.stm32cube.ide.mcu.externaltools.gnu-tools-for-stm32.11.3.rel1.win32_1.1.100.202309141235/tools/bin/../lib/gcc/arm-none-eabi/11.3.1/../../../../arm-none-eabi/lib/thumb/v7e-m+fp/hard\libc_nano.a(libc_a-wbuf.o)
                0x000000000800cc60                __swbuf_r
 *fill*         0x000000000800ccda        0x2 
 .text.__swsetup_r
                0x000000000800ccdc       0xb0 C:/Program Files/STMicroelectronics/STM32Cube/STM32CubeIDE_1.14.1/STM32CubeIDE/plugins/com.st.stm32cube.ide.mcu.externaltools.gnu-tools-for-stm32.11.3.rel1.win32_1.1.100.202309141235/tools/bin/../lib/gcc/arm-none-eabi/11.3.1/../../../../arm-none-eabi/lib/thumb/v7e-m+fp/hard\libc_nano.a(libc_a-wsetup.o)
                0x000000000800ccdc                __swsetup_r
 .text._sbrk_r  0x000000000800cd8c       0x20 C:/Program Files/STMicroelectronics/STM32Cube/STM32CubeIDE_1.14.1/STM32CubeIDE/plugins/com.st.stm32cube.ide.mcu.externaltools.gnu-tools-for-stm32.11.3.rel1.win32_1.1.100.202309141235/tools/bin/../lib/gcc/arm-none-eabi/11.3.1/../../../../arm-none-eabi/lib/thumb/v7e-m+fp/hard\libc_nano.a(libc_a-sbrkr.o)
                0x000000000800cd8c                _sbrk_r
 .text.__swhatbuf_r
                0x000000000800cdac       0x4c C:/Program Files/STMicroelectronics/STM32Cube/STM32CubeIDE_1.14.1/STM32CubeIDE/plugins/com.st.stm32cube.ide.mcu.externaltools.gnu-tools-for-stm32.11.3.rel1.win32_1.1.100.202309141235/tools/bin/../lib/gcc/arm-none-eabi/11.3.1/../../../../arm-none-eabi/lib/thumb/v7e-m+fp/hard\libc_nano.a(libc_a-makebuf.o)
                0x000000000800cdac                __swhatbuf_r
 .text.__smakebuf_r
                0x000000000800cdf8       0x78 C:/Program Files/STMicroelectronics/STM32Cube/STM32CubeIDE_1.14.1/STM32CubeIDE/plugins/com.st.stm32cube.ide.mcu.externaltools.gnu-tools-for-stm32.11.3.rel1.win32_1.1.100.202309141235/tools/bin/../lib/gcc/arm-none-eabi/11.3.1/../../../../arm-none-eabi/lib/thumb/v7e-m+fp/hard\libc_nano.a(libc_a-makebuf.o)
                0x000000000800cdf8                __smakebuf_r
 .text._fstat_r
                0x000000000800ce70       0x24 C:/Program Files/STMicroelectronics/STM32Cube/STM32CubeIDE_1.14.1/STM32CubeIDE/plugins/com.st.stm32cube.ide.mcu.externaltools.gnu-tools-for-stm32.11.3.rel1.win32_1.1.100.202309141235/tools/bin/../lib/gcc/arm-none-eabi/11.3.1/../../../../arm-none-eabi/lib/thumb/v7e-m+fp/hard\libc_nano.a(libc_a-fstatr.o)
                0x000000000800ce70                _fstat_r
 .text._isatty_r
                0x000000000800ce94       0x20 C:/Program Files/STMicroelectronics/STM32Cube/STM32CubeIDE_1.14.1/STM32CubeIDE/plugins/com.st.stm32cube.ide.mcu.externaltools.gnu-tools-for-stm32.11.3.rel1.win32_1.1.100.202309141235/tools/bin/../lib/gcc/arm-none-eabi/11.3.1/../../../../arm-none-eabi/lib/thumb/v7e-m+fp/hard\libc_nano.a(libc_a-isattyr.o)
                0x000000000800ce94                _isatty_r
 *(.glue_7)
 .glue_7        0x000000000800ceb4        0x0 linker stubs
 *(.glue_7t)
 .glue_7t       0x000000000800ceb4        0x0 linker stubs
 *(.eh_frame)
 .eh_frame      0x000000000800ceb4        0x0 C:/Program Files/STMicroelectronics/STM32Cube/STM32CubeIDE_1.14.1/STM32CubeIDE/plugins/com.st.stm32cube.ide.mcu.externaltools.gnu-tools-for-stm32.11.3.rel1.win32_1.1.100.202309141235/tools/bin/../lib/gcc/arm-none-eabi/11.3.1/thumb/v7e-m+fp/hard/crtbegin.o
 *(.init)
 .init          0x000000000800ceb4        0x4 C:/Program Files/STMicroelectronics/STM32Cube/STM32CubeIDE_1.14.1/STM32CubeIDE/plugins/com.st.stm32cube.ide.mcu.externaltools.gnu-tools-for-stm32.11.3.rel1.win32_1.1.100.202309141235/tools/bin/../lib/gcc/arm-none-eabi/11.3.1/thumb/v7e-m+fp/hard/crti.o
                0x000000000800ceb4                _init
 .init          0x000000000800ceb8        0x8 C:/Program Files/STMicroelectronics/STM32Cube/STM32CubeIDE_1.14.1/STM32CubeIDE/plugins/com.st.stm32cube.ide.mcu.externaltools.gnu-tools-for-stm32.11.3.rel1.win32_1.1.100.202309141235/tools/bin/../lib/gcc/arm-none-eabi/11.3.1/thumb/v7e-m+fp/hard/crtn.o
 *(.fini)
 .fini          0x000000000800cec0        0x4 C:/Program Files/STMicroelectronics/STM32Cube/STM32CubeIDE_1.14.1/STM32CubeIDE/plugins/com.st.stm32cube.ide.mcu.externaltools.gnu-tools-for-stm32.11.3.rel1.win32_1.1.100.202309141235/tools/bin/../lib/gcc/arm-none-eabi/11.3.1/thumb/v7e-m+fp/hard/crti.o
                0x000000000800cec0                _fini
 .fini          0x000000000800cec4        0x8 C:/Program Files/STMicroelectronics/STM32Cube/STM32CubeIDE_1.14.1/STM32CubeIDE/plugins/com.st.stm32cube.ide.mcu.externaltools.gnu-tools-for-stm32.11.3.rel1.win32_1.1.100.202309141235/tools/bin/../lib/gcc/arm-none-eabi/11.3.1/thumb/v7e-m+fp/hard/crtn.o
                0x000000000800cecc                . = ALIGN (0x4)
                0x000000000800cecc                _etext = .

.vfp11_veneer   0x000000000800cecc        0x0
 .vfp11_veneer  0x000000000800cecc        0x0 linker stubs

.v4_bx          0x000000000800cecc        0x0
 .v4_bx         0x000000000800cecc        0x0 linker stubs

.iplt           0x000000000800cecc        0x0
 .iplt          0x000000000800cecc        0x0 C:/Program Files/STMicroelectronics/STM32Cube/STM32CubeIDE_1.14.1/STM32CubeIDE/plugins/com.st.stm32cube.ide.mcu.externaltools.gnu-tools-for-stm32.11.3.rel1.win32_1.1.100.202309141235/tools/bin/../lib/gcc/arm-none-eabi/11.3.1/thumb/v7e-m+fp/hard/crtbegin.o

.rodata         0x000000000800cecc      0x104
                0x000000000800cecc                . = ALIGN (0x4)
 *(.rodata)
 .rodata        0x000000000800cecc        0xf ./Drivers/MyDriver/Src/W25QXX.o
 *fill*         0x000000000800cedb        0x1 
 .rodata        0x000000000800cedc       0x42 ./USB_DEVICE/App/usbd_desc.o
 *fill*         0x000000000800cf1e        0x2 
 .rodata        0x000000000800cf20        0xf ./USB_DEVICE/App/usbd_storage_if.o
 *(.rodata*)
 *fill*         0x000000000800cf2f        0x1 
 .rodata.AHBPrescTable
                0x000000000800cf30       0x10 ./Core/Src/system_stm32l4xx.o
                0x000000000800cf30                AHBPrescTable
 .rodata.APBPrescTable
                0x000000000800cf40        0x8 ./Core/Src/system_stm32l4xx.o
                0x000000000800cf40                APBPrescTable
 .rodata.MSIRangeTable
                0x000000000800cf48       0x30 ./Core/Src/system_stm32l4xx.o
                0x000000000800cf48                MSIRangeTable
 .rodata.STORAGE_Inquirydata_FS
                0x000000000800cf78       0x24 ./USB_DEVICE/App/usbd_storage_if.o
                0x000000000800cf78                STORAGE_Inquirydata_FS
 .rodata._vfprintf_r.str1.1
                0x000000000800cf9c       0x11 C:/Program Files/STMicroelectronics/STM32Cube/STM32CubeIDE_1.14.1/STM32CubeIDE/plugins/com.st.stm32cube.ide.mcu.externaltools.gnu-tools-for-stm32.11.3.rel1.win32_1.1.100.202309141235/tools/bin/../lib/gcc/arm-none-eabi/11.3.1/../../../../arm-none-eabi/lib/thumb/v7e-m+fp/hard\libc_nano.a(libc_a-nano-vfprintf.o)
 .rodata._printf_i.str1.1
                0x000000000800cfad       0x22 C:/Program Files/STMicroelectronics/STM32Cube/STM32CubeIDE_1.14.1/STM32CubeIDE/plugins/com.st.stm32cube.ide.mcu.externaltools.gnu-tools-for-stm32.11.3.rel1.win32_1.1.100.202309141235/tools/bin/../lib/gcc/arm-none-eabi/11.3.1/../../../../arm-none-eabi/lib/thumb/v7e-m+fp/hard\libc_nano.a(libc_a-nano-vfprintf_i.o)
                0x000000000800cfd0                . = ALIGN (0x4)
 *fill*         0x000000000800cfcf        0x1 

.ARM.extab      0x000000000800cfd0        0x0
                0x000000000800cfd0                . = ALIGN (0x4)
 *(.ARM.extab* .gnu.linkonce.armextab.*)
                0x000000000800cfd0                . = ALIGN (0x4)

.ARM            0x000000000800cfd0        0x8
                0x000000000800cfd0                . = ALIGN (0x4)
                0x000000000800cfd0                __exidx_start = .
 *(.ARM.exidx*)
 .ARM.exidx     0x000000000800cfd0        0x8 C:/Program Files/STMicroelectronics/STM32Cube/STM32CubeIDE_1.14.1/STM32CubeIDE/plugins/com.st.stm32cube.ide.mcu.externaltools.gnu-tools-for-stm32.11.3.rel1.win32_1.1.100.202309141235/tools/bin/../lib/gcc/arm-none-eabi/11.3.1/thumb/v7e-m+fp/hard\libgcc.a(_udivmoddi4.o)
                0x000000000800cfd8                __exidx_end = .
                0x000000000800cfd8                . = ALIGN (0x4)

.rel.dyn        0x000000000800cfd8        0x0
 .rel.iplt      0x000000000800cfd8        0x0 C:/Program Files/STMicroelectronics/STM32Cube/STM32CubeIDE_1.14.1/STM32CubeIDE/plugins/com.st.stm32cube.ide.mcu.externaltools.gnu-tools-for-stm32.11.3.rel1.win32_1.1.100.202309141235/tools/bin/../lib/gcc/arm-none-eabi/11.3.1/thumb/v7e-m+fp/hard/crtbegin.o

.preinit_array  0x000000000800cfd8        0x0
                0x000000000800cfd8                . = ALIGN (0x4)
                0x000000000800cfd8                PROVIDE (__preinit_array_start = .)
 *(.preinit_array*)
                0x000000000800cfd8                PROVIDE (__preinit_array_end = .)
                0x000000000800cfd8                . = ALIGN (0x4)

.init_array     0x000000000800cfd8        0x4
                0x000000000800cfd8                . = ALIGN (0x4)
                0x000000000800cfd8                PROVIDE (__init_array_start = .)
 *(SORT_BY_NAME(.init_array.*))
 *(.init_array*)
 .init_array    0x000000000800cfd8        0x4 C:/Program Files/STMicroelectronics/STM32Cube/STM32CubeIDE_1.14.1/STM32CubeIDE/plugins/com.st.stm32cube.ide.mcu.externaltools.gnu-tools-for-stm32.11.3.rel1.win32_1.1.100.202309141235/tools/bin/../lib/gcc/arm-none-eabi/11.3.1/thumb/v7e-m+fp/hard/crtbegin.o
                0x000000000800cfdc                PROVIDE (__init_array_end = .)
                0x000000000800cfdc                . = ALIGN (0x4)

.fini_array     0x000000000800cfdc        0x4
                0x000000000800cfdc                . = ALIGN (0x4)
                [!provide]                        PROVIDE (__fini_array_start = .)
 *(SORT_BY_NAME(.fini_array.*))
 *(.fini_array*)
 .fini_array    0x000000000800cfdc        0x4 C:/Program Files/STMicroelectronics/STM32Cube/STM32CubeIDE_1.14.1/STM32CubeIDE/plugins/com.st.stm32cube.ide.mcu.externaltools.gnu-tools-for-stm32.11.3.rel1.win32_1.1.100.202309141235/tools/bin/../lib/gcc/arm-none-eabi/11.3.1/thumb/v7e-m+fp/hard/crtbegin.o
                [!provide]                        PROVIDE (__fini_array_end = .)
                0x000000000800cfe0                . = ALIGN (0x4)
                0x000000000800cfe0                _sidata = LOADADDR (.data)

.data           0x0000000020000000      0x194 load address 0x000000000800cfe0
                0x0000000020000000                . = ALIGN (0x4)
                0x0000000020000000                _sdata = .
 *(.data)
 *(.data*)
 .data.SystemCoreClock
                0x0000000020000000        0x4 ./Core/Src/system_stm32l4xx.o
                0x0000000020000000                SystemCoreClock
 .data.W25QXX_TYPE
                0x0000000020000004        0x2 ./Drivers/MyDriver/Src/W25QXX.o
                0x0000000020000004                W25QXX_TYPE
 *fill*         0x0000000020000006        0x2 
 .data.uwTickPrio
                0x0000000020000008        0x4 ./Drivers/STM32L4xx_HAL_Driver/Src/stm32l4xx_hal.o
                0x0000000020000008                uwTickPrio
 .data.uwTickFreq
                0x000000002000000c        0x1 ./Drivers/STM32L4xx_HAL_Driver/Src/stm32l4xx_hal.o
                0x000000002000000c                uwTickFreq
 *fill*         0x000000002000000d        0x3 
 .data.USBD_MSC
                0x0000000020000010       0x38 ./Middlewares/ST/STM32_USB_Device_Library/Class/MSC/Src/usbd_msc.o
                0x0000000020000010                USBD_MSC
 .data.USBD_MSC_CfgDesc
                0x0000000020000048       0x20 ./Middlewares/ST/STM32_USB_Device_Library/Class/MSC/Src/usbd_msc.o
 .data.USBD_MSC_DeviceQualifierDesc
                0x0000000020000068        0xa ./Middlewares/ST/STM32_USB_Device_Library/Class/MSC/Src/usbd_msc.o
 .data.MSCInEpAdd
                0x0000000020000072        0x1 ./Middlewares/ST/STM32_USB_Device_Library/Class/MSC/Src/usbd_msc.o
                0x0000000020000072                MSCInEpAdd
 .data.MSCOutEpAdd
                0x0000000020000073        0x1 ./Middlewares/ST/STM32_USB_Device_Library/Class/MSC/Src/usbd_msc.o
                0x0000000020000073                MSCOutEpAdd
 .data.MSC_Page00_Inquiry_Data
                0x0000000020000074        0x6 ./Middlewares/ST/STM32_USB_Device_Library/Class/MSC/Src/usbd_msc_data.o
                0x0000000020000074                MSC_Page00_Inquiry_Data
 *fill*         0x000000002000007a        0x2 
 .data.MSC_Page80_Inquiry_Data
                0x000000002000007c        0x8 ./Middlewares/ST/STM32_USB_Device_Library/Class/MSC/Src/usbd_msc_data.o
                0x000000002000007c                MSC_Page80_Inquiry_Data
 .data.MSC_Mode_Sense6_data
                0x0000000020000084       0x17 ./Middlewares/ST/STM32_USB_Device_Library/Class/MSC/Src/usbd_msc_data.o
                0x0000000020000084                MSC_Mode_Sense6_data
 *fill*         0x000000002000009b        0x1 
 .data.MSC_Mode_Sense10_data
                0x000000002000009c       0x1b ./Middlewares/ST/STM32_USB_Device_Library/Class/MSC/Src/usbd_msc_data.o
                0x000000002000009c                MSC_Mode_Sense10_data
 *fill*         0x00000000200000b7        0x1 
 .data.FS_Desc  0x00000000200000b8       0x20 ./USB_DEVICE/App/usbd_desc.o
                0x00000000200000b8                FS_Desc
 .data.USBD_FS_DeviceDesc
                0x00000000200000d8       0x12 ./USB_DEVICE/App/usbd_desc.o
                0x00000000200000d8                USBD_FS_DeviceDesc
 *fill*         0x00000000200000ea        0x2 
 .data.USBD_FS_BOSDesc
                0x00000000200000ec        0xc ./USB_DEVICE/App/usbd_desc.o
                0x00000000200000ec                USBD_FS_BOSDesc
 .data.USBD_LangIDDesc
                0x00000000200000f8        0x4 ./USB_DEVICE/App/usbd_desc.o
                0x00000000200000f8                USBD_LangIDDesc
 .data.USBD_StringSerial
                0x00000000200000fc       0x1a ./USB_DEVICE/App/usbd_desc.o
                0x00000000200000fc                USBD_StringSerial
 *fill*         0x0000000020000116        0x2 
 .data.USBD_Storage_Interface_fops_FS
                0x0000000020000118       0x20 ./USB_DEVICE/App/usbd_storage_if.o
                0x0000000020000118                USBD_Storage_Interface_fops_FS
 .data.__sglue  0x0000000020000138        0xc C:/Program Files/STMicroelectronics/STM32Cube/STM32CubeIDE_1.14.1/STM32CubeIDE/plugins/com.st.stm32cube.ide.mcu.externaltools.gnu-tools-for-stm32.11.3.rel1.win32_1.1.100.202309141235/tools/bin/../lib/gcc/arm-none-eabi/11.3.1/../../../../arm-none-eabi/lib/thumb/v7e-m+fp/hard\libc_nano.a(libc_a-findfp.o)
                0x0000000020000138                __sglue
 .data._impure_data
                0x0000000020000144       0x4c C:/Program Files/STMicroelectronics/STM32Cube/STM32CubeIDE_1.14.1/STM32CubeIDE/plugins/com.st.stm32cube.ide.mcu.externaltools.gnu-tools-for-stm32.11.3.rel1.win32_1.1.100.202309141235/tools/bin/../lib/gcc/arm-none-eabi/11.3.1/../../../../arm-none-eabi/lib/thumb/v7e-m+fp/hard\libc_nano.a(libc_a-impure.o)
                0x0000000020000144                _impure_data
 .data._impure_ptr
                0x0000000020000190        0x4 C:/Program Files/STMicroelectronics/STM32Cube/STM32CubeIDE_1.14.1/STM32CubeIDE/plugins/com.st.stm32cube.ide.mcu.externaltools.gnu-tools-for-stm32.11.3.rel1.win32_1.1.100.202309141235/tools/bin/../lib/gcc/arm-none-eabi/11.3.1/../../../../arm-none-eabi/lib/thumb/v7e-m+fp/hard\libc_nano.a(libc_a-impure.o)
                0x0000000020000190                _impure_ptr
 *(.RamFunc)
 *(.RamFunc*)
                0x0000000020000194                . = ALIGN (0x4)
                0x0000000020000194                _edata = .

.igot.plt       0x0000000020000194        0x0 load address 0x000000000800d174
 .igot.plt      0x0000000020000194        0x0 C:/Program Files/STMicroelectronics/STM32Cube/STM32CubeIDE_1.14.1/STM32CubeIDE/plugins/com.st.stm32cube.ide.mcu.externaltools.gnu-tools-for-stm32.11.3.rel1.win32_1.1.100.202309141235/tools/bin/../lib/gcc/arm-none-eabi/11.3.1/thumb/v7e-m+fp/hard/crtbegin.o
                0x0000000020000194                . = ALIGN (0x4)

.bss            0x0000000020000194     0x1aac load address 0x000000000800d174
                0x0000000020000194                _sbss = .
                0x0000000020000194                __bss_start__ = _sbss
 *(.bss)
 .bss           0x0000000020000194       0x1c C:/Program Files/STMicroelectronics/STM32Cube/STM32CubeIDE_1.14.1/STM32CubeIDE/plugins/com.st.stm32cube.ide.mcu.externaltools.gnu-tools-for-stm32.11.3.rel1.win32_1.1.100.202309141235/tools/bin/../lib/gcc/arm-none-eabi/11.3.1/thumb/v7e-m+fp/hard/crtbegin.o
 *(.bss*)
 .bss.hspi1     0x00000000200001b0       0x64 ./Core/Src/spi.o
                0x00000000200001b0                hspi1
 .bss.__sbrk_heap_end
                0x0000000020000214        0x4 ./Core/Src/sysmem.o
 .bss.huart2    0x0000000020000218       0x88 ./Core/Src/usart.o
                0x0000000020000218                huart2
 .bss.uwTick    0x00000000200002a0        0x4 ./Drivers/STM32L4xx_HAL_Driver/Src/stm32l4xx_hal.o
                0x00000000200002a0                uwTick
 .bss.cfgidx.0  0x00000000200002a4        0x1 ./Middlewares/ST/STM32_USB_Device_Library/Core/Src/usbd_ctlreq.o
 *fill*         0x00000000200002a5        0x3 
 .bss.hUsbDeviceFS
                0x00000000200002a8      0x2dc ./USB_DEVICE/App/usb_device.o
                0x00000000200002a8                hUsbDeviceFS
 .bss.USBD_StrDesc
                0x0000000020000584      0x200 ./USB_DEVICE/App/usbd_desc.o
                0x0000000020000584                USBD_StrDesc
 .bss.hpcd_USB_FS
                0x0000000020000784      0x2f8 ./USB_DEVICE/Target/usbd_conf.o
                0x0000000020000784                hpcd_USB_FS
 .bss.mem.0     0x0000000020000a7c     0x1078 ./USB_DEVICE/Target/usbd_conf.o
 .bss.__sf      0x0000000020001af4      0x138 C:/Program Files/STMicroelectronics/STM32Cube/STM32CubeIDE_1.14.1/STM32CubeIDE/plugins/com.st.stm32cube.ide.mcu.externaltools.gnu-tools-for-stm32.11.3.rel1.win32_1.1.100.202309141235/tools/bin/../lib/gcc/arm-none-eabi/11.3.1/../../../../arm-none-eabi/lib/thumb/v7e-m+fp/hard\libc_nano.a(libc_a-findfp.o)
                0x0000000020001af4                __sf
 .bss.__stdio_exit_handler
                0x0000000020001c2c        0x4 C:/Program Files/STMicroelectronics/STM32Cube/STM32CubeIDE_1.14.1/STM32CubeIDE/plugins/com.st.stm32cube.ide.mcu.externaltools.gnu-tools-for-stm32.11.3.rel1.win32_1.1.100.202309141235/tools/bin/../lib/gcc/arm-none-eabi/11.3.1/../../../../arm-none-eabi/lib/thumb/v7e-m+fp/hard\libc_nano.a(libc_a-findfp.o)
                0x0000000020001c2c                __stdio_exit_handler
 .bss.errno     0x0000000020001c30        0x4 C:/Program Files/STMicroelectronics/STM32Cube/STM32CubeIDE_1.14.1/STM32CubeIDE/plugins/com.st.stm32cube.ide.mcu.externaltools.gnu-tools-for-stm32.11.3.rel1.win32_1.1.100.202309141235/tools/bin/../lib/gcc/arm-none-eabi/11.3.1/../../../../arm-none-eabi/lib/thumb/v7e-m+fp/hard\libc_nano.a(libc_a-reent.o)
                0x0000000020001c30                errno
 .bss.__lock___malloc_recursive_mutex
                0x0000000020001c34        0x1 C:/Program Files/STMicroelectronics/STM32Cube/STM32CubeIDE_1.14.1/STM32CubeIDE/plugins/com.st.stm32cube.ide.mcu.externaltools.gnu-tools-for-stm32.11.3.rel1.win32_1.1.100.202309141235/tools/bin/../lib/gcc/arm-none-eabi/11.3.1/../../../../arm-none-eabi/lib/thumb/v7e-m+fp/hard\libc_nano.a(libc_a-lock.o)
                0x0000000020001c34                __lock___malloc_recursive_mutex
 .bss.__lock___sfp_recursive_mutex
                0x0000000020001c35        0x1 C:/Program Files/STMicroelectronics/STM32Cube/STM32CubeIDE_1.14.1/STM32CubeIDE/plugins/com.st.stm32cube.ide.mcu.externaltools.gnu-tools-for-stm32.11.3.rel1.win32_1.1.100.202309141235/tools/bin/../lib/gcc/arm-none-eabi/11.3.1/../../../../arm-none-eabi/lib/thumb/v7e-m+fp/hard\libc_nano.a(libc_a-lock.o)
                0x0000000020001c35                __lock___sfp_recursive_mutex
 *fill*         0x0000000020001c36        0x2 
 .bss.__malloc_free_list
                0x0000000020001c38        0x4 C:/Program Files/STMicroelectronics/STM32Cube/STM32CubeIDE_1.14.1/STM32CubeIDE/plugins/com.st.stm32cube.ide.mcu.externaltools.gnu-tools-for-stm32.11.3.rel1.win32_1.1.100.202309141235/tools/bin/../lib/gcc/arm-none-eabi/11.3.1/../../../../arm-none-eabi/lib/thumb/v7e-m+fp/hard\libc_nano.a(libc_a-mallocr.o)
                0x0000000020001c38                __malloc_free_list
 .bss.__malloc_sbrk_start
                0x0000000020001c3c        0x4 C:/Program Files/STMicroelectronics/STM32Cube/STM32CubeIDE_1.14.1/STM32CubeIDE/plugins/com.st.stm32cube.ide.mcu.externaltools.gnu-tools-for-stm32.11.3.rel1.win32_1.1.100.202309141235/tools/bin/../lib/gcc/arm-none-eabi/11.3.1/../../../../arm-none-eabi/lib/thumb/v7e-m+fp/hard\libc_nano.a(libc_a-mallocr.o)
                0x0000000020001c3c                __malloc_sbrk_start
 *(COMMON)
                0x0000000020001c40                . = ALIGN (0x4)
                0x0000000020001c40                _ebss = .
                0x0000000020001c40                __bss_end__ = _ebss

._user_heap_stack
                0x0000000020001c40     0x1600 load address 0x000000000800d174
                0x0000000020001c40                . = ALIGN (0x8)
                [!provide]                        PROVIDE (end = .)
                0x0000000020001c40                PROVIDE (_end = .)
                0x0000000020002e40                . = (. + _Min_Heap_Size)
 *fill*         0x0000000020001c40     0x1200 
                0x0000000020003240                . = (. + _Min_Stack_Size)
 *fill*         0x0000000020002e40      0x400 
                0x0000000020003240                . = ALIGN (0x8)

/DISCARD/
 libc.a(*)
 libm.a(*)
 libgcc.a(*)

.ARM.attributes
                0x0000000000000000       0x30
 *(.ARM.attributes)
 .ARM.attributes
                0x0000000000000000       0x1e C:/Program Files/STMicroelectronics/STM32Cube/STM32CubeIDE_1.14.1/STM32CubeIDE/plugins/com.st.stm32cube.ide.mcu.externaltools.gnu-tools-for-stm32.11.3.rel1.win32_1.1.100.202309141235/tools/bin/../lib/gcc/arm-none-eabi/11.3.1/thumb/v7e-m+fp/hard/crti.o
 .ARM.attributes
                0x000000000000001e       0x34 C:/Program Files/STMicroelectronics/STM32Cube/STM32CubeIDE_1.14.1/STM32CubeIDE/plugins/com.st.stm32cube.ide.mcu.externaltools.gnu-tools-for-stm32.11.3.rel1.win32_1.1.100.202309141235/tools/bin/../lib/gcc/arm-none-eabi/11.3.1/thumb/v7e-m+fp/hard/crtbegin.o
 .ARM.attributes
                0x0000000000000052       0x34 ./Core/Src/gpio.o
 .ARM.attributes
                0x0000000000000086       0x34 ./Core/Src/main.o
 .ARM.attributes