../Core/Src/main.c:351:6:SystemClock_Config	104	static,ignoring_inline_asm
../Core/Src/main.c:408:6:Get_Descriptor	152	static
../Core/Src/main.c:417:6:SimulateKeyPress	8	static
../Core/Src/main.c:429:6:SimulateKeyRelease	8	static
../Core/Src/main.c:436:6:SimulateKeyStroke	8	static
../Core/Src/main.c:443:6:SimulateKeyStrokes	24	static
../Core/Src/main.c:459:6:PrintRecvBuf	16	static
../Core/Src/main.c:469:6:InitKeyboardStatus	8	static
../Core/Src/main.c:478:6:Convert2CapsMap	0	static
../Core/Src/main.c:485:6:InterruptTrap	8	static
../Core/Src/main.c:290:5:main	416	static
../Core/Src/main.c:496:6:HAL_TIM_PeriodElapsedCallback	8	static
../Core/Src/main.c:518:6:HAL_GPIO_EXTI_Callback	0	static
../Core/Src/main.c:530:6:Error_Handler	0	static,ignoring_inline_asm
