../Drivers/MyDriver/Src/W25QXX.c:37:4:SPI2_ReadWriteByte	32	static
../Drivers/MyDriver/Src/W25QXX.c:44:6:SPI2_SetSpeed	16	static
../Drivers/MyDriver/Src/W25QXX.c:55:6:W25QXX_Init	40	static
../Drivers/MyDriver/Src/W25QXX.c:103:4:W25QXX_ReadSR	24	static
../Drivers/MyDriver/Src/W25QXX.c:128:6:W25QXX_Write_SR	24	static
../Drivers/MyDriver/Src/W25QXX.c:153:6:W25QXX_Write_Enable	8	static
../Drivers/MyDriver/Src/W25QXX.c:161:6:W25QXX_Write_Disable	8	static
../Drivers/MyDriver/Src/W25QXX.c:176:5:W25QXX_ReadID	16	static
../Drivers/MyDriver/Src/W25QXX.c:194:6:W25QXX_Read	40	static
../Drivers/MyDriver/Src/W25QXX.c:219:6:SPI_FLASH_BufferRead	24	static
../Drivers/MyDriver/Src/W25QXX.c:253:6:SPI_FLASH_WaitForWriteEnd	16	static
../Drivers/MyDriver/Src/W25QXX.c:281:6:SPI_FLASH_SectorErase	16	static
../Drivers/MyDriver/Src/W25QXX.c:314:6:SPI_FLASH_PageWrite	24	static
../Drivers/MyDriver/Src/W25QXX.c:357:6:W25QXX_Write_Page	32	static
../Drivers/MyDriver/Src/W25QXX.c:383:6:SPI_FLASH_BufferWrite	32	static
../Drivers/MyDriver/Src/W25QXX.c:481:6:W25QXX_Write_NoCheck	32	static
../Drivers/MyDriver/Src/W25QXX.c:508:6:W25QXX_Write	40	static
../Drivers/MyDriver/Src/W25QXX.c:554:6:W25QXX_Erase_Chip	8	static
../Drivers/MyDriver/Src/W25QXX.c:566:6:W25QXX_Erase_Sector	16	static
../Drivers/MyDriver/Src/W25QXX.c:586:6:W25QXX_Wait_Busy	8	static
../Drivers/MyDriver/Src/W25QXX.c:591:6:W25QXX_PowerDown	8	static
../Drivers/MyDriver/Src/W25QXX.c:599:6:W25QXX_WAKEUP	8	static
