../USB_DEVICE/Target/usbd_conf.c:70:6:HAL_PCD_MspInit	104	static
../USB_DEVICE/Target/usbd_conf.c:107:6:HAL_PCD_MspDeInit	16	static
../USB_DEVICE/Target/usbd_conf.c:134:6:HAL_PCD_SetupStageCallback	16	static
../USB_DEVICE/Target/usbd_conf.c:149:6:HAL_PCD_DataOutStageCallback	16	static
../USB_DEVICE/Target/usbd_conf.c:164:6:HAL_PCD_DataInStageCallback	16	static
../USB_DEVICE/Target/usbd_conf.c:178:6:HAL_PCD_SOFCallback	16	static
../USB_DEVICE/Target/usbd_conf.c:192:6:HAL_PCD_ResetCallback	24	static
../USB_DEVICE/Target/usbd_conf.c:217:6:HAL_PCD_SuspendCallback	16	static
../USB_DEVICE/Target/usbd_conf.c:241:6:HAL_PCD_ResumeCallback	16	static
../USB_DEVICE/Target/usbd_conf.c:265:6:HAL_PCD_ISOOUTIncompleteCallback	16	static
../USB_DEVICE/Target/usbd_conf.c:280:6:HAL_PCD_ISOINIncompleteCallback	16	static
../USB_DEVICE/Target/usbd_conf.c:294:6:HAL_PCD_ConnectCallback	16	static
../USB_DEVICE/Target/usbd_conf.c:308:6:HAL_PCD_DisconnectCallback	16	static
../USB_DEVICE/Target/usbd_conf.c:323:20:USBD_LL_Init	16	static
../USB_DEVICE/Target/usbd_conf.c:376:20:USBD_LL_DeInit	24	static
../USB_DEVICE/Target/usbd_conf.c:408:20:USBD_LL_Start	24	static
../USB_DEVICE/Target/usbd_conf.c:440:20:USBD_LL_Stop	24	static
../USB_DEVICE/Target/usbd_conf.c:475:20:USBD_LL_OpenEP	24	static
../USB_DEVICE/Target/usbd_conf.c:508:20:USBD_LL_CloseEP	24	static
../USB_DEVICE/Target/usbd_conf.c:541:20:USBD_LL_FlushEP	24	static
../USB_DEVICE/Target/usbd_conf.c:574:20:USBD_LL_StallEP	24	static
../USB_DEVICE/Target/usbd_conf.c:607:20:USBD_LL_ClearStallEP	24	static
../USB_DEVICE/Target/usbd_conf.c:640:9:USBD_LL_IsStallEP	24	static
../USB_DEVICE/Target/usbd_conf.c:660:20:USBD_LL_SetUSBAddress	24	static
../USB_DEVICE/Target/usbd_conf.c:695:20:USBD_LL_Transmit	32	static
../USB_DEVICE/Target/usbd_conf.c:730:20:USBD_LL_PrepareReceive	32	static
../USB_DEVICE/Target/usbd_conf.c:763:10:USBD_LL_GetRxDataSize	16	static
../USB_DEVICE/Target/usbd_conf.c:774:6:HAL_PCDEx_LPM_Callback	16	static
../USB_DEVICE/Target/usbd_conf.c:807:6:USBD_LL_Delay	16	static
../USB_DEVICE/Target/usbd_conf.c:817:7:USBD_static_malloc	16	static
../USB_DEVICE/Target/usbd_conf.c:823:7:USBD_static_malloc_MSC	16	static
../USB_DEVICE/Target/usbd_conf.c:833:6:USBD_static_free	16	static
../USB_DEVICE/Target/usbd_conf.c:844:13:SystemClockConfig_Resume	8	static
