../Drivers/STM32L4xx_HAL_Driver/Src/stm32l4xx_hal_pcd.c:303:13:HAL_PCD_MspInit	0	static
../Drivers/STM32L4xx_HAL_Driver/Src/stm32l4xx_hal_pcd.c:135:19:HAL_PCD_Init	48	static
../Drivers/STM32L4xx_HAL_Driver/Src/stm32l4xx_hal_pcd.c:318:13:HAL_PCD_MspDeInit	0	static
../Drivers/STM32L4xx_HAL_Driver/Src/stm32l4xx_hal_pcd.c:264:19:HAL_PCD_DeInit	16	static
../Drivers/STM32L4xx_HAL_Driver/Src/stm32l4xx_hal_pcd.c:1021:19:HAL_PCD_Start	8	static
../Drivers/STM32L4xx_HAL_Driver/Src/stm32l4xx_hal_pcd.c:1047:19:HAL_PCD_Stop	8	static
../Drivers/STM32L4xx_HAL_Driver/Src/stm32l4xx_hal_pcd.c:1672:13:HAL_PCD_DataOutStageCallback	0	static
../Drivers/STM32L4xx_HAL_Driver/Src/stm32l4xx_hal_pcd.c:1689:13:HAL_PCD_DataInStageCallback	0	static
../Drivers/STM32L4xx_HAL_Driver/Src/stm32l4xx_hal_pcd.c:1704:13:HAL_PCD_SetupStageCallback	0	static
../Drivers/STM32L4xx_HAL_Driver/Src/stm32l4xx_hal_pcd.c:1719:13:HAL_PCD_SOFCallback	0	static
../Drivers/STM32L4xx_HAL_Driver/Src/stm32l4xx_hal_pcd.c:1734:13:HAL_PCD_ResetCallback	0	static
../Drivers/STM32L4xx_HAL_Driver/Src/stm32l4xx_hal_pcd.c:1749:13:HAL_PCD_SuspendCallback	0	static
../Drivers/STM32L4xx_HAL_Driver/Src/stm32l4xx_hal_pcd.c:1764:13:HAL_PCD_ResumeCallback	0	static
../Drivers/STM32L4xx_HAL_Driver/Src/stm32l4xx_hal_pcd.c:1780:13:HAL_PCD_ISOOUTIncompleteCallback	0	static
../Drivers/STM32L4xx_HAL_Driver/Src/stm32l4xx_hal_pcd.c:1797:13:HAL_PCD_ISOINIncompleteCallback	0	static
../Drivers/STM32L4xx_HAL_Driver/Src/stm32l4xx_hal_pcd.c:1813:13:HAL_PCD_ConnectCallback	0	static
../Drivers/STM32L4xx_HAL_Driver/Src/stm32l4xx_hal_pcd.c:1828:13:HAL_PCD_DisconnectCallback	0	static
../Drivers/STM32L4xx_HAL_Driver/Src/stm32l4xx_hal_pcd.c:1862:19:HAL_PCD_DevConnect	8	static
../Drivers/STM32L4xx_HAL_Driver/Src/stm32l4xx_hal_pcd.c:1889:19:HAL_PCD_DevDisconnect	8	static
../Drivers/STM32L4xx_HAL_Driver/Src/stm32l4xx_hal_pcd.c:1917:19:HAL_PCD_SetAddress	8	static
../Drivers/STM32L4xx_HAL_Driver/Src/stm32l4xx_hal_pcd.c:1526:6:HAL_PCD_IRQHandler	48	static
../Drivers/STM32L4xx_HAL_Driver/Src/stm32l4xx_hal_pcd.c:1934:19:HAL_PCD_EP_Open	16	static
../Drivers/STM32L4xx_HAL_Driver/Src/stm32l4xx_hal_pcd.c:1982:19:HAL_PCD_EP_Close	8	static
../Drivers/STM32L4xx_HAL_Driver/Src/stm32l4xx_hal_pcd.c:2013:19:HAL_PCD_EP_Receive	16	static
../Drivers/STM32L4xx_HAL_Driver/Src/stm32l4xx_hal_pcd.c:2037:10:HAL_PCD_EP_GetRxCount	0	static
../Drivers/STM32L4xx_HAL_Driver/Src/stm32l4xx_hal_pcd.c:2049:19:HAL_PCD_EP_Transmit	16	static
../Drivers/STM32L4xx_HAL_Driver/Src/stm32l4xx_hal_pcd.c:2084:19:HAL_PCD_EP_SetStall	16	static
../Drivers/STM32L4xx_HAL_Driver/Src/stm32l4xx_hal_pcd.c:2127:19:HAL_PCD_EP_ClrStall	16	static
../Drivers/STM32L4xx_HAL_Driver/Src/stm32l4xx_hal_pcd.c:2163:19:HAL_PCD_EP_Abort	0	static
../Drivers/STM32L4xx_HAL_Driver/Src/stm32l4xx_hal_pcd.c:2189:19:HAL_PCD_EP_Flush	8	static
../Drivers/STM32L4xx_HAL_Driver/Src/stm32l4xx_hal_pcd.c:2212:19:HAL_PCD_ActivateRemoteWakeup	0	static
../Drivers/STM32L4xx_HAL_Driver/Src/stm32l4xx_hal_pcd.c:2222:19:HAL_PCD_DeActivateRemoteWakeup	0	static
../Drivers/STM32L4xx_HAL_Driver/Src/stm32l4xx_hal_pcd.c:2251:18:HAL_PCD_GetState	0	static
