../Drivers/STM32L4xx_HAL_Driver/Src/stm32l4xx_ll_usb.c:1957:19:USB_CoreInit	0	static
../Drivers/STM32L4xx_HAL_Driver/Src/stm32l4xx_ll_usb.c:1977:19:USB_EnableGlobalInt	0	static
../Drivers/STM32L4xx_HAL_Driver/Src/stm32l4xx_ll_usb.c:2002:19:USB_DisableGlobalInt	0	static
../Drivers/STM32L4xx_HAL_Driver/Src/stm32l4xx_ll_usb.c:2026:19:USB_SetCurrentMode	0	static
../Drivers/STM32L4xx_HAL_Driver/Src/stm32l4xx_ll_usb.c:2047:19:USB_DevInit	8	static
../Drivers/STM32L4xx_HAL_Driver/Src/stm32l4xx_ll_usb.c:2076:19:USB_FlushTxFifo	0	static
../Drivers/STM32L4xx_HAL_Driver/Src/stm32l4xx_ll_usb.c:2095:19:USB_FlushRxFifo	0	static
../Drivers/STM32L4xx_HAL_Driver/Src/stm32l4xx_ll_usb.c:2116:19:USB_ActivateEndpoint	20	static
../Drivers/STM32L4xx_HAL_Driver/Src/stm32l4xx_ll_usb.c:2249:19:USB_DeactivateEndpoint	0	static
../Drivers/STM32L4xx_HAL_Driver/Src/stm32l4xx_ll_usb.c:2528:19:USB_EPSetStall	0	static
../Drivers/STM32L4xx_HAL_Driver/Src/stm32l4xx_ll_usb.c:2548:19:USB_EPClearStall	0	static
../Drivers/STM32L4xx_HAL_Driver/Src/stm32l4xx_ll_usb.c:2580:19:USB_EPStopXfer	0	static
../Drivers/STM32L4xx_HAL_Driver/Src/stm32l4xx_ll_usb.c:2625:19:USB_StopDevice	0	static
../Drivers/STM32L4xx_HAL_Driver/Src/stm32l4xx_ll_usb.c:2646:20:USB_SetDevAddress	0	static
../Drivers/STM32L4xx_HAL_Driver/Src/stm32l4xx_ll_usb.c:2662:20:USB_DevConnect	0	static
../Drivers/STM32L4xx_HAL_Driver/Src/stm32l4xx_ll_usb.c:2675:20:USB_DevDisconnect	0	static
../Drivers/STM32L4xx_HAL_Driver/Src/stm32l4xx_ll_usb.c:2688:10:USB_ReadInterrupts	0	static
../Drivers/STM32L4xx_HAL_Driver/Src/stm32l4xx_ll_usb.c:2701:10:USB_ReadDevAllOutEpInterrupt	0	static
../Drivers/STM32L4xx_HAL_Driver/Src/stm32l4xx_ll_usb.c:2717:10:USB_ReadDevAllInEpInterrupt	0	static
../Drivers/STM32L4xx_HAL_Driver/Src/stm32l4xx_ll_usb.c:2735:10:USB_ReadDevOutEPInterrupt	0	static
../Drivers/STM32L4xx_HAL_Driver/Src/stm32l4xx_ll_usb.c:2754:10:USB_ReadDevInEPInterrupt	0	static
../Drivers/STM32L4xx_HAL_Driver/Src/stm32l4xx_ll_usb.c:2772:7:USB_ClearInterrupts	0	static
../Drivers/STM32L4xx_HAL_Driver/Src/stm32l4xx_ll_usb.c:2789:19:USB_EP0_OutStart	0	static
../Drivers/STM32L4xx_HAL_Driver/Src/stm32l4xx_ll_usb.c:2806:19:USB_ActivateRemoteWakeup	0	static
../Drivers/STM32L4xx_HAL_Driver/Src/stm32l4xx_ll_usb.c:2818:19:USB_DeActivateRemoteWakeup	0	static
../Drivers/STM32L4xx_HAL_Driver/Src/stm32l4xx_ll_usb.c:2833:6:USB_WritePMA	0	static
../Drivers/STM32L4xx_HAL_Driver/Src/stm32l4xx_ll_usb.c:2308:19:USB_EPStartXfer	32	static
../Drivers/STM32L4xx_HAL_Driver/Src/stm32l4xx_ll_usb.c:2868:6:USB_ReadPMA	20	static
