../Core/Inc/BadUSB_APP.h:47:6:SimulateUSB_unplug	8	static
../Core/Inc/BadUSB_APP.h:51:6:SimulateUSB_plugin	8	static
../Core/Inc/BadUSB_APP.h:55:6:SwitchToHID	8	static
../Core/Inc/BadUSB_APP.h:65:6:SwitchToMSC	8	static
../Core/Inc/BadUSB_APP.h:74:6:Get_Single_Descriptor	152	static
../Core/Inc/BadUSB_APP.h:86:6:Get_Multi_Descriptor	160	static
../Core/Inc/BadUSB_APP.h:98:6:SimulateKeyPress	16	static
../Core/Inc/BadUSB_APP.h:105:6:SimulateKeyRelease	8	static
../Core/Inc/BadUSB_APP.h:112:6:SimulateKeyStroke	16	static
../Core/Inc/BadUSB_APP.h:119:6:SimulateShortcutKey	16	static
../Core/Inc/BadUSB_APP.h:130:6:SimulateKeyStrokes	24	static
../Core/Inc/BadUSB_APP.h:146:6:PrintRecvBuf	24	static
../Core/Inc/BadUSB_APP.h:156:6:InitKeyboardStatus	8	static
../Core/Inc/BadUSB_APP.h:165:6:Convert2CapsMap	24	static
../Core/Inc/BadUSB_APP.h:172:6:InterruptTrap	16	static
../Core/Inc/BadUSB_APP.h:183:5:TestHID	16	static
../Core/Inc/BadUSB_APP.h:192:6:BadUSB_Attack	288	static
../Core/Src/main.c:70:5:main	16	static
../Core/Src/main.c:160:6:SystemClock_Config	96	static
../Core/Src/main.c:217:6:HAL_TIM_PeriodElapsedCallback	16	static
../Core/Src/main.c:239:6:HAL_GPIO_EXTI_Callback	16	static
../Core/Src/main.c:251:6:Error_Handler	4	static,ignoring_inline_asm
