../Middlewares/ST/STM32_USB_Device_Library/Class/CustomHID/Src/usbd_customhid.c:665:16:USBD_CUSTOM_HID_DataIn	0	static
../Middlewares/ST/STM32_USB_Device_Library/Class/CustomHID/Src/usbd_customhid.c:683:16:USBD_CUSTOM_HID_DataOut	8	static
../Middlewares/ST/STM32_USB_Device_Library/Class/CustomHID/Src/usbd_customhid.c:743:16:USBD_CUSTOM_HID_EP0_RxReady	8	static
../Middlewares/ST/STM32_USB_Device_Library/Class/CustomHID/Src/usbd_customhid.c:769:17:USBD_CUSTOM_HID_GetDeviceQualifierDesc	0	static
../Middlewares/ST/STM32_USB_Device_Library/Class/CustomHID/Src/usbd_customhid.c:580:17:USBD_CUSTOM_HID_GetFSCfgDesc	16	static
../Middlewares/ST/STM32_USB_Device_Library/Class/CustomHID/Src/usbd_customhid.c:608:17:USBD_CUSTOM_HID_GetHSCfgDesc	0	static
../Middlewares/ST/STM32_USB_Device_Library/Class/CustomHID/Src/usbd_customhid.c:636:17:USBD_CUSTOM_HID_GetOtherSpeedCfgDesc	0	static
../Middlewares/ST/STM32_USB_Device_Library/Class/CustomHID/Src/usbd_customhid.c:353:16:USBD_CUSTOM_HID_Setup	24	static
../Middlewares/ST/STM32_USB_Device_Library/Class/CustomHID/Src/usbd_customhid.c:314:16:USBD_CUSTOM_HID_DeInit	16	static
../Middlewares/ST/STM32_USB_Device_Library/Class/CustomHID/Src/usbd_customhid.c:249:16:USBD_CUSTOM_HID_Init	24	static
../Middlewares/ST/STM32_USB_Device_Library/Class/CustomHID/Src/usbd_customhid.c:542:9:USBD_CUSTOM_HID_SendReport	16	static
../Middlewares/ST/STM32_USB_Device_Library/Class/CustomHID/Src/usbd_customhid.c:710:9:USBD_CUSTOM_HID_ReceivePacket	8	static
../Middlewares/ST/STM32_USB_Device_Library/Class/CustomHID/Src/usbd_customhid.c:782:9:USBD_CUSTOM_HID_RegisterInterface	0	static
