../USB_DEVICE/Target/usbd_conf.c:69:6:HAL_PCD_MspInit	96	static
../USB_DEVICE/Target/usbd_conf.c:106:6:HAL_PCD_MspDeInit	0	static
../USB_DEVICE/Target/usbd_conf.c:133:6:HAL_PCD_SetupStageCallback	0	static
../USB_DEVICE/Target/usbd_conf.c:148:6:HAL_PCD_DataOutStageCallback	0	static
../USB_DEVICE/Target/usbd_conf.c:163:6:HAL_PCD_DataInStageCallback	0	static
../USB_DEVICE/Target/usbd_conf.c:177:6:HAL_PCD_SOFCallback	0	static
../USB_DEVICE/Target/usbd_conf.c:191:6:HAL_PCD_ResetCallback	8	static
../USB_DEVICE/Target/usbd_conf.c:216:6:HAL_PCD_SuspendCallback	8	static
../USB_DEVICE/Target/usbd_conf.c:240:6:HAL_PCD_ResumeCallback	8	static
../USB_DEVICE/Target/usbd_conf.c:264:6:HAL_PCD_ISOOUTIncompleteCallback	0	static
../USB_DEVICE/Target/usbd_conf.c:279:6:HAL_PCD_ISOINIncompleteCallback	0	static
../USB_DEVICE/Target/usbd_conf.c:293:6:HAL_PCD_ConnectCallback	0	static
../USB_DEVICE/Target/usbd_conf.c:307:6:HAL_PCD_DisconnectCallback	0	static
../USB_DEVICE/Target/usbd_conf.c:322:20:USBD_LL_Init	8	static
../USB_DEVICE/Target/usbd_conf.c:375:20:USBD_LL_DeInit	8	static
../USB_DEVICE/Target/usbd_conf.c:407:20:USBD_LL_Start	8	static
../USB_DEVICE/Target/usbd_conf.c:439:20:USBD_LL_Stop	8	static
../USB_DEVICE/Target/usbd_conf.c:474:20:USBD_LL_OpenEP	8	static
../USB_DEVICE/Target/usbd_conf.c:507:20:USBD_LL_CloseEP	8	static
../USB_DEVICE/Target/usbd_conf.c:540:20:USBD_LL_FlushEP	8	static
../USB_DEVICE/Target/usbd_conf.c:573:20:USBD_LL_StallEP	8	static
../USB_DEVICE/Target/usbd_conf.c:606:20:USBD_LL_ClearStallEP	8	static
../USB_DEVICE/Target/usbd_conf.c:639:9:USBD_LL_IsStallEP	0	static
../USB_DEVICE/Target/usbd_conf.c:659:20:USBD_LL_SetUSBAddress	8	static
../USB_DEVICE/Target/usbd_conf.c:694:20:USBD_LL_Transmit	8	static
../USB_DEVICE/Target/usbd_conf.c:729:20:USBD_LL_PrepareReceive	8	static
../USB_DEVICE/Target/usbd_conf.c:762:10:USBD_LL_GetRxDataSize	0	static
../USB_DEVICE/Target/usbd_conf.c:773:6:HAL_PCDEx_LPM_Callback	8	static
../USB_DEVICE/Target/usbd_conf.c:806:6:USBD_LL_Delay	0	static
../USB_DEVICE/Target/usbd_conf.c:816:7:USBD_static_malloc	0	static
../USB_DEVICE/Target/usbd_conf.c:827:6:USBD_static_free	0	static
