../Middlewares/ST/STM32_USB_Device_Library/Core/Src/usbd_core.c:92:20:USBD_Init	0	static
../Middlewares/ST/STM32_USB_Device_Library/Core/Src/usbd_core.c:149:20:USBD_DeInit	8	static
../Middlewares/ST/STM32_USB_Device_Library/Core/Src/usbd_core.c:202:20:USBD_RegisterClass	16	static
../Middlewares/ST/STM32_USB_Device_Library/Core/Src/usbd_core.c:371:20:USBD_Start	0	static
../Middlewares/ST/STM32_USB_Device_Library/Core/Src/usbd_core.c:387:20:USBD_Stop	8	static
../Middlewares/ST/STM32_USB_Device_Library/Core/Src/usbd_core.c:427:20:USBD_RunTestMode	0	static
../Middlewares/ST/STM32_USB_Device_Library/Core/Src/usbd_core.c:452:20:USBD_SetClassConfig	0	static
../Middlewares/ST/STM32_USB_Device_Library/Core/Src/usbd_core.c:492:20:USBD_ClrClassConfig	8	static
../Middlewares/ST/STM32_USB_Device_Library/Core/Src/usbd_core.c:532:20:USBD_LL_SetupStage	16	static
../Middlewares/ST/STM32_USB_Device_Library/Core/Src/usbd_core.c:572:20:USBD_LL_DataOutStage	16	static
../Middlewares/ST/STM32_USB_Device_Library/Core/Src/usbd_core.c:666:20:USBD_LL_DataInStage	24	static
../Middlewares/ST/STM32_USB_Device_Library/Core/Src/usbd_core.c:757:20:USBD_LL_Reset	24	static
../Middlewares/ST/STM32_USB_Device_Library/Core/Src/usbd_core.c:825:20:USBD_LL_SetSpeed	0	static
../Middlewares/ST/STM32_USB_Device_Library/Core/Src/usbd_core.c:840:20:USBD_LL_Suspend	0	static
../Middlewares/ST/STM32_USB_Device_Library/Core/Src/usbd_core.c:859:20:USBD_LL_Resume	0	static
../Middlewares/ST/STM32_USB_Device_Library/Core/Src/usbd_core.c:876:20:USBD_LL_SOF	8	static
../Middlewares/ST/STM32_USB_Device_Library/Core/Src/usbd_core.c:918:20:USBD_LL_IsoINIncomplete	8	static
../Middlewares/ST/STM32_USB_Device_Library/Core/Src/usbd_core.c:943:20:USBD_LL_IsoOUTIncomplete	8	static
../Middlewares/ST/STM32_USB_Device_Library/Core/Src/usbd_core.c:968:20:USBD_LL_DevConnected	0	static
../Middlewares/ST/STM32_USB_Device_Library/Core/Src/usbd_core.c:982:20:USBD_LL_DevDisconnected	8	static
../Middlewares/ST/STM32_USB_Device_Library/Core/Src/usbd_core.c:1027:9:USBD_CoreFindIF	0	static
../Middlewares/ST/STM32_USB_Device_Library/Core/Src/usbd_core.c:1067:9:USBD_CoreFindEP	0	static
../Middlewares/ST/STM32_USB_Device_Library/Core/Src/usbd_core.c:1138:7:USBD_GetEpDesc	8	static
../Middlewares/ST/STM32_USB_Device_Library/Core/Src/usbd_core.c:1179:25:USBD_GetNextDesc	0	static
